Copyright 1986-2022 Xilinx, Inc. All Rights Reserved. Copyright 2022-2024 Advanced Micro Devices, Inc. All Rights Reserved.
-------------------------------------------------------------------------------------------------------------------------------------------------------------------
| Tool Version     : Vivado v.2024.1 (win64) Build 5076996 Wed May 22 18:37:14 MDT 2024
| Date             : Thu Mar  5 14:09:48 2026
| Host             : icarus running 64-bit major release  (build 9200)
| Command          : report_power -file bnn_top_wrapper_power_routed.rpt -pb bnn_top_wrapper_power_summary_routed.pb -rpx bnn_top_wrapper_power_routed.rpx
| Design           : bnn_top_wrapper
| Device           : xczu3eg-sfvc784-2-e
| Design State     : routed
| Grade            : extended
| Process          : typical
| Characterization : Production
-------------------------------------------------------------------------------------------------------------------------------------------------------------------

Power Report

Table of Contents
-----------------
1. Summary
1.1 On-Chip Components
1.2 Power Supply Summary
1.3 Confidence Level
2. Settings
2.1 Environment
2.2 Clock Constraints
3. Detailed Reports
3.1 By Hierarchy

1. Summary
----------

+--------------------------+--------------+
| Total On-Chip Power (W)  | 3.782        |
| Design Power Budget (W)  | Unspecified* |
| Power Budget Margin (W)  | NA           |
| Dynamic (W)              | 3.453        |
| Device Static (W)        | 0.329        |
| Effective TJA (C/W)      | 2.4          |
| Max Ambient (C)          | 91.1         |
| Junction Temperature (C) | 33.9         |
| Confidence Level         | Medium       |
| Setting File             | ---          |
| Simulation Activity File | ---          |
| Design Nets Matched      | NA           |
+--------------------------+--------------+
* Specify Design Power Budget using, set_operating_conditions -design_power_budget <value in Watts>


1.1 On-Chip Components
----------------------

+--------------------------+-----------+----------+-----------+-----------------+
| On-Chip                  | Power (W) | Used     | Available | Utilization (%) |
+--------------------------+-----------+----------+-----------+-----------------+
| Clocks                   |     0.131 |        3 |       --- |             --- |
| CLB Logic                |     0.261 |    40202 |       --- |             --- |
|   LUT as Logic           |     0.228 |    15187 |     70560 |           21.52 |
|   Register               |     0.014 |    18839 |    141120 |           13.35 |
|   LUT as Distributed RAM |     0.012 |      236 |     28800 |            0.82 |
|   LUT as Shift Register  |     0.005 |      267 |     28800 |            0.93 |
|   CARRY8                 |     0.002 |      190 |      8820 |            2.15 |
|   Others                 |     0.000 |      416 |       --- |             --- |
|   F7/F8 Muxes            |     0.000 |       45 |     70560 |            0.06 |
| Signals                  |     0.230 |    34503 |       --- |             --- |
| Block RAM                |     0.517 |     82.5 |       216 |           38.19 |
| PS8                      |     2.314 |        1 |       --- |             --- |
| Static Power             |     0.329 |          |           |                 |
|   PS Static              |     0.107 |          |           |                 |
|   PL Static              |     0.222 |          |           |                 |
| Total                    |     3.782 |          |           |                 |
+--------------------------+-----------+----------+-----------+-----------------+


1.2 Power Supply Summary
------------------------

+-----------------+-------------+-----------+-------------+------------+-------------+-------------+------------+
| Source          | Voltage (V) | Total (A) | Dynamic (A) | Static (A) | Powerup (A) | Budget (A)  | Margin (A) |
+-----------------+-------------+-----------+-------------+------------+-------------+-------------+------------+
| Vccint          |       0.850 |     1.347 |       1.284 |      0.062 |       NA    | Unspecified | NA         |
| Vccint_io       |       0.850 |     0.028 |       0.000 |      0.028 |       NA    | Unspecified | NA         |
| Vccbram         |       0.850 |     0.057 |       0.056 |      0.001 |       NA    | Unspecified | NA         |
| Vccaux          |       1.800 |     0.047 |       0.000 |      0.047 |       NA    | Unspecified | NA         |
| Vccaux_io       |       1.800 |     0.025 |       0.000 |      0.025 |       NA    | Unspecified | NA         |
| Vcco33          |       3.300 |     0.000 |       0.000 |      0.000 |       NA    | Unspecified | NA         |
| Vcco25          |       2.500 |     0.000 |       0.000 |      0.000 |       NA    | Unspecified | NA         |
| Vcco18          |       1.800 |     0.000 |       0.000 |      0.000 |       NA    | Unspecified | NA         |
| Vcco15          |       1.500 |     0.000 |       0.000 |      0.000 |       NA    | Unspecified | NA         |
| Vcco135         |       1.350 |     0.000 |       0.000 |      0.000 |       NA    | Unspecified | NA         |
| Vcco12          |       1.200 |     0.000 |       0.000 |      0.000 |       NA    | Unspecified | NA         |
| Vcco10          |       1.000 |     0.000 |       0.000 |      0.000 |       NA    | Unspecified | NA         |
| Vccadc          |       1.800 |     0.008 |       0.000 |      0.008 |       NA    | Unspecified | NA         |
| VCC_PSINTFP     |       0.850 |     1.034 |       0.993 |      0.041 |       NA    | Unspecified | NA         |
| VCC_PSINTLP     |       0.850 |     0.265 |       0.257 |      0.008 |       NA    | Unspecified | NA         |
| VPS_MGTRAVCC    |       0.850 |     0.135 |       0.134 |      0.001 |       NA    | Unspecified | NA         |
| VCC_PSINTFP_DDR |       0.850 |     0.597 |       0.592 |      0.005 |       NA    | Unspecified | NA         |
| VCC_PSPLL       |       1.200 |     0.073 |       0.071 |      0.002 |       NA    | Unspecified | NA         |
| VPS_MGTRAVTT    |       1.800 |     0.034 |       0.033 |      0.001 |       NA    | Unspecified | NA         |
| VCCO_PSDDR_504  |       1.200 |     0.401 |       0.367 |      0.034 |       NA    | Unspecified | NA         |
| VCC_PSAUX       |       1.800 |     0.002 |       0.000 |      0.002 |       NA    | Unspecified | NA         |
| VCC_PSBATT      |       1.200 |     0.000 |       0.000 |      0.000 |       NA    | Unspecified | NA         |
| VCC_PSDDR_PLL   |       1.800 |     0.001 |       0.000 |      0.001 |       NA    | Unspecified | NA         |
| VCCO_PSIO0_500  |       3.300 |     0.004 |       0.003 |      0.001 |       NA    | Unspecified | NA         |
| VCCO_PSIO1_501  |       3.300 |     0.008 |       0.007 |      0.001 |       NA    | Unspecified | NA         |
| VCCO_PSIO2_502  |       3.300 |     0.005 |       0.004 |      0.001 |       NA    | Unspecified | NA         |
| VCCO_PSIO3_503  |       1.800 |     0.001 |       0.000 |      0.001 |       NA    | Unspecified | NA         |
| VCC_PSADC       |       1.800 |     0.002 |       0.000 |      0.002 |       NA    | Unspecified | NA         |
+-----------------+-------------+-----------+-------------+------------+-------------+-------------+------------+


1.3 Confidence Level
--------------------

+-----------------------------+------------+------------------------------------------------+------------------------------------------------------------------------------------------------------------+
| User Input Data             | Confidence | Details                                        | Action                                                                                                     |
+-----------------------------+------------+------------------------------------------------+------------------------------------------------------------------------------------------------------------+
| Design implementation state | High       | Design is routed                               |                                                                                                            |
| Clock nodes activity        | High       | User specified more than 95% of clocks         |                                                                                                            |
| I/O nodes activity          | High       | User specified more than 95% of inputs         |                                                                                                            |
| Internal nodes activity     | Medium     | User specified less than 25% of internal nodes | Provide missing internal nodes activity with simulation results or by editing the "By Resource Type" views |
| Device models               | High       | Device models are Production                   |                                                                                                            |
|                             |            |                                                |                                                                                                            |
| Overall confidence level    | Medium     |                                                |                                                                                                            |
+-----------------------------+------------+------------------------------------------------+------------------------------------------------------------------------------------------------------------+


2. Settings
-----------

2.1 Environment
---------------

+-----------------------+--------------------------+
| Ambient Temp (C)      | 25.0                     |
| ThetaJA (C/W)         | 2.4                      |
| Airflow (LFM)         | 250                      |
| Heat Sink             | medium (Medium Profile)  |
| ThetaSA (C/W)         | 5.5                      |
| Board Selection       | medium (10"x10")         |
| # of Board Layers     | 12to15 (12 to 15 Layers) |
| Board Temperature (C) | 25.0                     |
+-----------------------+--------------------------+


2.2 Clock Constraints
---------------------

+----------+-------------------------------------------------------+-----------------+
| Clock    | Domain                                                | Constraint (ns) |
+----------+-------------------------------------------------------+-----------------+
| clk_pl_0 | bnn_top_i/zynq_ultra_ps_e_0/inst/pl_clk_unbuffered[0] |             3.3 |
+----------+-------------------------------------------------------+-----------------+


3. Detailed Reports
-------------------

3.1 By Hierarchy
----------------

+-----------------------+-----------+
| Name                  | Power (W) |
+-----------------------+-----------+
| bnn_top_wrapper       |     3.453 |
|   bnn_top_i           |     3.453 |
|     axi_dma           |     0.013 |
|       U0              |     0.013 |
|     axi_mem_intercon  |     0.033 |
|       s00_couplers    |     0.002 |
|       s01_couplers    |     0.009 |
|       s01_mmu         |     0.011 |
|       s02_couplers    |     0.003 |
|       s03_couplers    |     0.003 |
|       xbar            |     0.003 |
|     bnn_top_0         |     1.068 |
|       inst            |     1.068 |
|     ps7_0_axi_periph  |     0.021 |
|       s00_couplers    |     0.018 |
|       xbar            |     0.003 |
|     zynq_ultra_ps_e_0 |     2.317 |
|       inst            |     2.317 |
+-----------------------+-----------+


