

================================================================
== Vitis HLS Report for 'bnn_top_Pipeline_L1_LOAD'
================================================================
* Date:           Thu Mar  5 04:44:03 2026

* Version:        2024.1 (Build 5069499 on May 21 2024)
* Project:        bnn_top
* Solution:       hls (Vivado IP Flow Target)
* Product family: zynquplus
* Target device:  xczu3eg-sfvc784-2-e


================================================================
== Performance Estimates
================================================================
+ Timing: 
    * Summary: 
    +--------+---------+----------+------------+
    |  Clock |  Target | Estimated| Uncertainty|
    +--------+---------+----------+------------+
    |ap_clk  |  3.00 ns|  2.190 ns|     0.81 ns|
    +--------+---------+----------+------------+

+ Latency: 
    * Summary: 
    +---------+---------+----------+----------+-----+-----+-----------------------------------------------+
    |  Latency (cycles) |  Latency (absolute) |  Interval |                    Pipeline                   |
    |   min   |   max   |    min   |    max   | min | max |                      Type                     |
    +---------+---------+----------+----------+-----+-----+-----------------------------------------------+
    |      259|      259|  0.777 us|  0.777 us|  257|  257|  loop auto-rewind stp(delay=0 clock cycles(s))|
    +---------+---------+----------+----------+-----+-----+-----------------------------------------------+

    + Detail: 
        * Instance: 
        N/A

        * Loop: 
        +-----------+---------+---------+----------+-----------+-----------+------+----------+
        |           |  Latency (cycles) | Iteration|  Initiation Interval  | Trip |          |
        | Loop Name |   min   |   max   |  Latency |  achieved |   target  | Count| Pipelined|
        +-----------+---------+---------+----------+-----------+-----------+------+----------+
        |- L1_LOAD  |      257|      257|         3|          1|          1|   256|       yes|
        +-----------+---------+---------+----------+-----------+-----------+------+----------+



================================================================
== Utilization Estimates
================================================================
* Summary: 
+-----------------+---------+-----+--------+-------+-----+
|       Name      | BRAM_18K| DSP |   FF   |  LUT  | URAM|
+-----------------+---------+-----+--------+-------+-----+
|DSP              |        -|    -|       -|      -|    -|
|Expression       |        -|    -|       0|     37|    -|
|FIFO             |        -|    -|       -|      -|    -|
|Instance         |        -|    -|       -|      -|    -|
|Memory           |        -|    -|       -|      -|    -|
|Multiplexer      |        -|    -|       0|     45|    -|
|Register         |        -|    -|     814|      -|    -|
+-----------------+---------+-----+--------+-------+-----+
|Total            |        0|    0|     814|     82|    0|
+-----------------+---------+-----+--------+-------+-----+
|Available        |      432|  360|  141120|  70560|    0|
+-----------------+---------+-----+--------+-------+-----+
|Utilization (%)  |        0|    0|      ~0|     ~0|    0|
+-----------------+---------+-----+--------+-------+-----+

+ Detail: 
    * Instance: 
    N/A

    * DSP: 
    N/A

    * Memory: 
    N/A

    * FIFO: 
    N/A

    * Expression: 
    +---------------------------+----------+----+---+----+------------+------------+
    |       Variable Name       | Operation| DSP| FF| LUT| Bitwidth P0| Bitwidth P1|
    +---------------------------+----------+----+---+----+------------+------------+
    |add_ln33_fu_153_p2         |         +|   0|  0|  16|           9|           1|
    |ap_block_pp0_stage0_11001  |       and|   0|  0|   2|           1|           1|
    |icmp_ln33_fu_147_p2        |      icmp|   0|  0|  17|           9|          10|
    |ap_enable_pp0              |       xor|   0|  0|   2|           1|           2|
    +---------------------------+----------+----+---+----+------------+------------+
    |Total                      |          |   0|  0|  37|          20|          14|
    +---------------------------+----------+----+---+----+------------+------------+

    * Multiplexer: 
    +-------------------------+----+-----------+-----+-----------+
    |           Name          | LUT| Input Size| Bits| Total Bits|
    +-------------------------+----+-----------+-----+-----------+
    |ap_done_int              |   9|          2|    1|          2|
    |ap_enable_reg_pp0_iter1  |   9|          2|    1|          2|
    |ap_sig_allocacmp_n_3     |   9|          2|    9|         18|
    |gmem0_blk_n_R            |   9|          2|    1|          2|
    |n_fu_68                  |   9|          2|    9|         18|
    +-------------------------+----+-----------+-----+-----------+
    |Total                    |  45|         10|   21|         42|
    +-------------------------+----+-----------+-----+-----------+

    * Register: 
    +----------------------------------+-----+----+-----+-----------+
    |               Name               |  FF | LUT| Bits| Const Bits|
    +----------------------------------+-----+----+-----+-----------+
    |ap_CS_fsm                         |    1|   0|    1|          0|
    |ap_done_reg                       |    1|   0|    1|          0|
    |ap_enable_reg_pp0_iter1           |    1|   0|    1|          0|
    |ap_enable_reg_pp0_iter2           |    1|   0|    1|          0|
    |ap_loop_exit_ready_pp0_iter1_reg  |    1|   0|    1|          0|
    |lshr_ln_reg_215                   |    6|   0|    6|          0|
    |lshr_ln_reg_215_pp0_iter1_reg     |    6|   0|    6|          0|
    |n_fu_68                           |    9|   0|    9|          0|
    |trunc_ln33_reg_211                |    2|   0|    2|          0|
    |trunc_ln33_reg_211_pp0_iter1_reg  |    2|   0|    2|          0|
    |trunc_ln36_reg_220                |  784|   0|  784|          0|
    +----------------------------------+-----+----+-----+-----------+
    |Total                             |  814|   0|  814|          0|
    +----------------------------------+-----+----+-----+-----------+



================================================================
== Interface
================================================================
* Summary: 
+------------------------------------------------------------------------------------+-----+------+------------+---------------------------------------------------------------------------+--------------+
|                                      RTL Ports                                     | Dir | Bits |  Protocol  |                               Source Object                               |    C Type    |
+------------------------------------------------------------------------------------+-----+------+------------+---------------------------------------------------------------------------+--------------+
|ap_clk                                                                              |   in|     1|  ap_ctrl_hs|                                                   bnn_top_Pipeline_L1_LOAD|  return value|
|ap_rst                                                                              |   in|     1|  ap_ctrl_hs|                                                   bnn_top_Pipeline_L1_LOAD|  return value|
|ap_start                                                                            |   in|     1|  ap_ctrl_hs|                                                   bnn_top_Pipeline_L1_LOAD|  return value|
|ap_done                                                                             |  out|     1|  ap_ctrl_hs|                                                   bnn_top_Pipeline_L1_LOAD|  return value|
|ap_idle                                                                             |  out|     1|  ap_ctrl_hs|                                                   bnn_top_Pipeline_L1_LOAD|  return value|
|ap_ready                                                                            |  out|     1|  ap_ctrl_hs|                                                   bnn_top_Pipeline_L1_LOAD|  return value|
|m_axi_gmem0_AWVALID                                                                 |  out|     1|       m_axi|                                                                      gmem0|       pointer|
|m_axi_gmem0_AWREADY                                                                 |   in|     1|       m_axi|                                                                      gmem0|       pointer|
|m_axi_gmem0_AWADDR                                                                  |  out|    64|       m_axi|                                                                      gmem0|       pointer|
|m_axi_gmem0_AWID                                                                    |  out|     1|       m_axi|                                                                      gmem0|       pointer|
|m_axi_gmem0_AWLEN                                                                   |  out|    32|       m_axi|                                                                      gmem0|       pointer|
|m_axi_gmem0_AWSIZE                                                                  |  out|     3|       m_axi|                                                                      gmem0|       pointer|
|m_axi_gmem0_AWBURST                                                                 |  out|     2|       m_axi|                                                                      gmem0|       pointer|
|m_axi_gmem0_AWLOCK                                                                  |  out|     2|       m_axi|                                                                      gmem0|       pointer|
|m_axi_gmem0_AWCACHE                                                                 |  out|     4|       m_axi|                                                                      gmem0|       pointer|
|m_axi_gmem0_AWPROT                                                                  |  out|     3|       m_axi|                                                                      gmem0|       pointer|
|m_axi_gmem0_AWQOS                                                                   |  out|     4|       m_axi|                                                                      gmem0|       pointer|
|m_axi_gmem0_AWREGION                                                                |  out|     4|       m_axi|                                                                      gmem0|       pointer|
|m_axi_gmem0_AWUSER                                                                  |  out|     1|       m_axi|                                                                      gmem0|       pointer|
|m_axi_gmem0_WVALID                                                                  |  out|     1|       m_axi|                                                                      gmem0|       pointer|
|m_axi_gmem0_WREADY                                                                  |   in|     1|       m_axi|                                                                      gmem0|       pointer|
|m_axi_gmem0_WDATA                                                                   |  out|  1024|       m_axi|                                                                      gmem0|       pointer|
|m_axi_gmem0_WSTRB                                                                   |  out|   128|       m_axi|                                                                      gmem0|       pointer|
|m_axi_gmem0_WLAST                                                                   |  out|     1|       m_axi|                                                                      gmem0|       pointer|
|m_axi_gmem0_WID                                                                     |  out|     1|       m_axi|                                                                      gmem0|       pointer|
|m_axi_gmem0_WUSER                                                                   |  out|     1|       m_axi|                                                                      gmem0|       pointer|
|m_axi_gmem0_ARVALID                                                                 |  out|     1|       m_axi|                                                                      gmem0|       pointer|
|m_axi_gmem0_ARREADY                                                                 |   in|     1|       m_axi|                                                                      gmem0|       pointer|
|m_axi_gmem0_ARADDR                                                                  |  out|    64|       m_axi|                                                                      gmem0|       pointer|
|m_axi_gmem0_ARID                                                                    |  out|     1|       m_axi|                                                                      gmem0|       pointer|
|m_axi_gmem0_ARLEN                                                                   |  out|    32|       m_axi|                                                                      gmem0|       pointer|
|m_axi_gmem0_ARSIZE                                                                  |  out|     3|       m_axi|                                                                      gmem0|       pointer|
|m_axi_gmem0_ARBURST                                                                 |  out|     2|       m_axi|                                                                      gmem0|       pointer|
|m_axi_gmem0_ARLOCK                                                                  |  out|     2|       m_axi|                                                                      gmem0|       pointer|
|m_axi_gmem0_ARCACHE                                                                 |  out|     4|       m_axi|                                                                      gmem0|       pointer|
|m_axi_gmem0_ARPROT                                                                  |  out|     3|       m_axi|                                                                      gmem0|       pointer|
|m_axi_gmem0_ARQOS                                                                   |  out|     4|       m_axi|                                                                      gmem0|       pointer|
|m_axi_gmem0_ARREGION                                                                |  out|     4|       m_axi|                                                                      gmem0|       pointer|
|m_axi_gmem0_ARUSER                                                                  |  out|     1|       m_axi|                                                                      gmem0|       pointer|
|m_axi_gmem0_RVALID                                                                  |   in|     1|       m_axi|                                                                      gmem0|       pointer|
|m_axi_gmem0_RREADY                                                                  |  out|     1|       m_axi|                                                                      gmem0|       pointer|
|m_axi_gmem0_RDATA                                                                   |   in|  1024|       m_axi|                                                                      gmem0|       pointer|
|m_axi_gmem0_RLAST                                                                   |   in|     1|       m_axi|                                                                      gmem0|       pointer|
|m_axi_gmem0_RID                                                                     |   in|     1|       m_axi|                                                                      gmem0|       pointer|
|m_axi_gmem0_RFIFONUM                                                                |   in|     9|       m_axi|                                                                      gmem0|       pointer|
|m_axi_gmem0_RUSER                                                                   |   in|     1|       m_axi|                                                                      gmem0|       pointer|
|m_axi_gmem0_RRESP                                                                   |   in|     2|       m_axi|                                                                      gmem0|       pointer|
|m_axi_gmem0_BVALID                                                                  |   in|     1|       m_axi|                                                                      gmem0|       pointer|
|m_axi_gmem0_BREADY                                                                  |  out|     1|       m_axi|                                                                      gmem0|       pointer|
|m_axi_gmem0_BRESP                                                                   |   in|     2|       m_axi|                                                                      gmem0|       pointer|
|m_axi_gmem0_BID                                                                     |   in|     1|       m_axi|                                                                      gmem0|       pointer|
|m_axi_gmem0_BUSER                                                                   |   in|     1|       m_axi|                                                                      gmem0|       pointer|
|sext_ln33                                                                           |   in|    57|     ap_none|                                                                  sext_ln33|        scalar|
|bnn_top_stream_ap_uint_ap_uint_ap_uint_ap_uint_ap_uint_local_l1_weights_3_address0  |  out|     6|   ap_memory|  bnn_top_stream_ap_uint_ap_uint_ap_uint_ap_uint_ap_uint_local_l1_weights_3|         array|
|bnn_top_stream_ap_uint_ap_uint_ap_uint_ap_uint_ap_uint_local_l1_weights_3_ce0       |  out|     1|   ap_memory|  bnn_top_stream_ap_uint_ap_uint_ap_uint_ap_uint_ap_uint_local_l1_weights_3|         array|
|bnn_top_stream_ap_uint_ap_uint_ap_uint_ap_uint_ap_uint_local_l1_weights_3_we0       |  out|     1|   ap_memory|  bnn_top_stream_ap_uint_ap_uint_ap_uint_ap_uint_ap_uint_local_l1_weights_3|         array|
|bnn_top_stream_ap_uint_ap_uint_ap_uint_ap_uint_ap_uint_local_l1_weights_3_d0        |  out|   784|   ap_memory|  bnn_top_stream_ap_uint_ap_uint_ap_uint_ap_uint_ap_uint_local_l1_weights_3|         array|
|bnn_top_stream_ap_uint_ap_uint_ap_uint_ap_uint_ap_uint_local_l1_weights_2_address0  |  out|     6|   ap_memory|  bnn_top_stream_ap_uint_ap_uint_ap_uint_ap_uint_ap_uint_local_l1_weights_2|         array|
|bnn_top_stream_ap_uint_ap_uint_ap_uint_ap_uint_ap_uint_local_l1_weights_2_ce0       |  out|     1|   ap_memory|  bnn_top_stream_ap_uint_ap_uint_ap_uint_ap_uint_ap_uint_local_l1_weights_2|         array|
|bnn_top_stream_ap_uint_ap_uint_ap_uint_ap_uint_ap_uint_local_l1_weights_2_we0       |  out|     1|   ap_memory|  bnn_top_stream_ap_uint_ap_uint_ap_uint_ap_uint_ap_uint_local_l1_weights_2|         array|
|bnn_top_stream_ap_uint_ap_uint_ap_uint_ap_uint_ap_uint_local_l1_weights_2_d0        |  out|   784|   ap_memory|  bnn_top_stream_ap_uint_ap_uint_ap_uint_ap_uint_ap_uint_local_l1_weights_2|         array|
|bnn_top_stream_ap_uint_ap_uint_ap_uint_ap_uint_ap_uint_local_l1_weights_1_address0  |  out|     6|   ap_memory|  bnn_top_stream_ap_uint_ap_uint_ap_uint_ap_uint_ap_uint_local_l1_weights_1|         array|
|bnn_top_stream_ap_uint_ap_uint_ap_uint_ap_uint_ap_uint_local_l1_weights_1_ce0       |  out|     1|   ap_memory|  bnn_top_stream_ap_uint_ap_uint_ap_uint_ap_uint_ap_uint_local_l1_weights_1|         array|
|bnn_top_stream_ap_uint_ap_uint_ap_uint_ap_uint_ap_uint_local_l1_weights_1_we0       |  out|     1|   ap_memory|  bnn_top_stream_ap_uint_ap_uint_ap_uint_ap_uint_ap_uint_local_l1_weights_1|         array|
|bnn_top_stream_ap_uint_ap_uint_ap_uint_ap_uint_ap_uint_local_l1_weights_1_d0        |  out|   784|   ap_memory|  bnn_top_stream_ap_uint_ap_uint_ap_uint_ap_uint_ap_uint_local_l1_weights_1|         array|
|bnn_top_stream_ap_uint_ap_uint_ap_uint_ap_uint_ap_uint_local_l1_weights_address0    |  out|     6|   ap_memory|    bnn_top_stream_ap_uint_ap_uint_ap_uint_ap_uint_ap_uint_local_l1_weights|         array|
|bnn_top_stream_ap_uint_ap_uint_ap_uint_ap_uint_ap_uint_local_l1_weights_ce0         |  out|     1|   ap_memory|    bnn_top_stream_ap_uint_ap_uint_ap_uint_ap_uint_ap_uint_local_l1_weights|         array|
|bnn_top_stream_ap_uint_ap_uint_ap_uint_ap_uint_ap_uint_local_l1_weights_we0         |  out|     1|   ap_memory|    bnn_top_stream_ap_uint_ap_uint_ap_uint_ap_uint_ap_uint_local_l1_weights|         array|
|bnn_top_stream_ap_uint_ap_uint_ap_uint_ap_uint_ap_uint_local_l1_weights_d0          |  out|   784|   ap_memory|    bnn_top_stream_ap_uint_ap_uint_ap_uint_ap_uint_ap_uint_local_l1_weights|         array|
+------------------------------------------------------------------------------------+-----+------+------------+---------------------------------------------------------------------------+--------------+

============================================================
+ Verbose Summary: Synthesis Manager
============================================================
InlineROM: 1
ExposeGlobal: 0
============================================================
+ Verbose Summary: CDFG Model
============================================================
IsTopModel: 0
ResetActiveHigh: 1
IsCombinational: 2
IsDatapathOnly: 2
HasWiredReturn: 1
HasMFsm: 2
HasVarLatency: 1
IsPipeline: 0
IsRtlPipelined: 0
IsInstanceOverlapped: 0
IsDontTouch: 0
HasImplIP: 0
IsGatedGlobalClock: 0

+ Individual pipeline summary: 
  * Pipeline-0: initiation interval (II) = 1, depth = 3


============================================================
+ Verbose Summary: Schedule
============================================================
* Number of FSM states : 3
* Pipeline : 1
  Pipeline-0 : II = 1, D = 3, States = { 1 2 3 }
* Dataflow Pipeline: 0

* FSM state transitions: 
1 --> 2 
2 --> 3 
3 --> 

* FSM state operations: 

State 1 <SV = 0> <Delay = 1.63>
ST_1 : Operation 6 [1/1] (0.00ns)   --->   "%n = alloca i32 1" [bnn_top.cpp:33]   --->   Operation 6 'alloca' 'n' <Predicate = true> <Delay = 0.00>
ST_1 : Operation 7 [1/1] (0.00ns)   --->   "%sext_ln33_read = read i57 @_ssdm_op_Read.ap_auto.i57, i57 %sext_ln33"   --->   Operation 7 'read' 'sext_ln33_read' <Predicate = true> <Delay = 0.00>
ST_1 : Operation 8 [1/1] (0.00ns)   --->   "%sext_ln33_cast = sext i57 %sext_ln33_read"   --->   Operation 8 'sext' 'sext_ln33_cast' <Predicate = true> <Delay = 0.00>
ST_1 : Operation 9 [1/1] (0.00ns)   --->   "%specinterface_ln0 = specinterface void @_ssdm_op_SpecInterface, i1024 %gmem0, void @empty_21, i32 0, i32 0, void @empty_22, i32 0, i32 256, void @empty, void @empty_0, void @empty_22, i32 16, i32 16, i32 16, i32 16, void @empty_22, void @empty_22, i32 4294967295, i32 0, i32 0"   --->   Operation 9 'specinterface' 'specinterface_ln0' <Predicate = true> <Delay = 0.00>
ST_1 : Operation 10 [1/1] (0.42ns)   --->   "%store_ln33 = store i9 0, i9 %n" [bnn_top.cpp:33]   --->   Operation 10 'store' 'store_ln33' <Predicate = true> <Delay = 0.42>
ST_1 : Operation 11 [1/1] (0.00ns)   --->   "%br_ln0 = br void %for.inc"   --->   Operation 11 'br' 'br_ln0' <Predicate = true> <Delay = 0.00>
ST_1 : Operation 12 [1/1] (0.00ns)   --->   "%n_3 = load i9 %n" [bnn_top.cpp:33]   --->   Operation 12 'load' 'n_3' <Predicate = true> <Delay = 0.00>
ST_1 : Operation 13 [1/1] (0.00ns)   --->   "%specbitsmap_ln0 = specbitsmap void @_ssdm_op_SpecBitsMap, i1024 %gmem0"   --->   Operation 13 'specbitsmap' 'specbitsmap_ln0' <Predicate = true> <Delay = 0.00>
ST_1 : Operation 14 [1/1] (0.77ns)   --->   "%icmp_ln33 = icmp_eq  i9 %n_3, i9 256" [bnn_top.cpp:33]   --->   Operation 14 'icmp' 'icmp_ln33' <Predicate = true> <Delay = 0.77> <CoreInst = "Cmp">   --->   Core 9 'Cmp' <Latency = 0> <II = 1> <Delay = 0.78> <FuncUnit> <Opcode : 'seteq' 'setne' 'setle' 'setge' 'setlt' 'setgt'> <InPorts = 2> <OutPorts = 1>
ST_1 : Operation 15 [1/1] (0.77ns)   --->   "%add_ln33 = add i9 %n_3, i9 1" [bnn_top.cpp:33]   --->   Operation 15 'add' 'add_ln33' <Predicate = true> <Delay = 0.77> <CoreInst = "Adder">   --->   Core 1 'Adder' <Latency = 0> <II = 1> <Delay = 0.77> <FuncUnit> <Opcode : 'add' 'sub'> <InPorts = 2> <OutPorts = 1>
ST_1 : Operation 16 [1/1] (0.00ns)   --->   "%br_ln33 = br i1 %icmp_ln33, void %for.inc.split, void %L2_LOAD.exitStub" [bnn_top.cpp:33]   --->   Operation 16 'br' 'br_ln33' <Predicate = true> <Delay = 0.00>
ST_1 : Operation 17 [1/1] (0.00ns)   --->   "%trunc_ln33 = trunc i9 %n_3" [bnn_top.cpp:33]   --->   Operation 17 'trunc' 'trunc_ln33' <Predicate = (!icmp_ln33)> <Delay = 0.00>
ST_1 : Operation 18 [1/1] (0.00ns)   --->   "%lshr_ln = partselect i6 @_ssdm_op_PartSelect.i6.i9.i32.i32, i9 %n_3, i32 2, i32 7" [bnn_top.cpp:33]   --->   Operation 18 'partselect' 'lshr_ln' <Predicate = (!icmp_ln33)> <Delay = 0.00>
ST_1 : Operation 19 [1/1] (0.73ns)   --->   "%switch_ln36 = switch i2 %trunc_ln33, void %arrayidx4.case.3, i2 0, void %arrayidx4.case.0, i2 1, void %arrayidx4.case.1, i2 2, void %arrayidx4.case.2" [bnn_top.cpp:36]   --->   Operation 19 'switch' 'switch_ln36' <Predicate = (!icmp_ln33)> <Delay = 0.73>
ST_1 : Operation 20 [1/1] (0.42ns)   --->   "%store_ln33 = store i9 %add_ln33, i9 %n" [bnn_top.cpp:33]   --->   Operation 20 'store' 'store_ln33' <Predicate = (!icmp_ln33)> <Delay = 0.42>
ST_1 : Operation 21 [1/1] (0.00ns)   --->   "%br_ln33 = br void %for.inc" [bnn_top.cpp:33]   --->   Operation 21 'br' 'br_ln33' <Predicate = (!icmp_ln33)> <Delay = 0.00>

State 2 <SV = 1> <Delay = 2.19>
ST_2 : Operation 22 [1/1] (0.00ns)   --->   "%gmem0_addr = getelementptr i1024 %gmem0, i64 %sext_ln33_cast" [bnn_top.cpp:33]   --->   Operation 22 'getelementptr' 'gmem0_addr' <Predicate = true> <Delay = 0.00>
ST_2 : Operation 23 [1/1] (2.19ns)   --->   "%gmem0_addr_read = read i1024 @_ssdm_op_Read.m_axi.p1i1024, i64 %gmem0_addr" [bnn_top.cpp:36]   --->   Operation 23 'read' 'gmem0_addr_read' <Predicate = true> <Delay = 2.19> <CoreInst = "m_axi">   --->   Core 119 'm_axi' <Latency = 0> <II = 1> <Delay = 1.00> <Adapter> <Opcode : 'read' 'write' 'readreq' 'writereq' 'writeresp'>
ST_2 : Operation 24 [1/1] (0.00ns)   --->   "%trunc_ln36 = trunc i1024 %gmem0_addr_read" [bnn_top.cpp:36]   --->   Operation 24 'trunc' 'trunc_ln36' <Predicate = true> <Delay = 0.00>
ST_2 : Operation 41 [1/1] (0.42ns)   --->   "%ret_ln0 = ret"   --->   Operation 41 'ret' 'ret_ln0' <Predicate = (icmp_ln33)> <Delay = 0.42>

State 3 <SV = 2> <Delay = 1.23>
ST_3 : Operation 25 [1/1] (0.00ns)   --->   "%specpipeline_ln35 = specpipeline void @_ssdm_op_SpecPipeline, i32 1, i32 0, i32 0, i32 0, void @empty_22" [bnn_top.cpp:35]   --->   Operation 25 'specpipeline' 'specpipeline_ln35' <Predicate = true> <Delay = 0.00>
ST_3 : Operation 26 [1/1] (0.00ns)   --->   "%speclooptripcount_ln33 = speclooptripcount void @_ssdm_op_SpecLoopTripCount, i64 256, i64 256, i64 256" [bnn_top.cpp:33]   --->   Operation 26 'speclooptripcount' 'speclooptripcount_ln33' <Predicate = true> <Delay = 0.00>
ST_3 : Operation 27 [1/1] (0.00ns)   --->   "%specloopname_ln33 = specloopname void @_ssdm_op_SpecLoopName, void @empty_4" [bnn_top.cpp:33]   --->   Operation 27 'specloopname' 'specloopname_ln33' <Predicate = true> <Delay = 0.00>
ST_3 : Operation 28 [1/1] (0.00ns)   --->   "%zext_ln33 = zext i6 %lshr_ln" [bnn_top.cpp:33]   --->   Operation 28 'zext' 'zext_ln33' <Predicate = true> <Delay = 0.00>
ST_3 : Operation 29 [1/1] (0.00ns)   --->   "%bnn_top_stream_ap_uint_ap_uint_ap_uint_ap_uint_ap_uint_local_l1_weights_3_ad = getelementptr i784 %bnn_top_stream_ap_uint_ap_uint_ap_uint_ap_uint_ap_uint_local_l1_weights_3, i64 0, i64 %zext_ln33" [bnn_top.cpp:36]   --->   Operation 29 'getelementptr' 'bnn_top_stream_ap_uint_ap_uint_ap_uint_ap_uint_ap_uint_local_l1_weights_3_ad' <Predicate = true> <Delay = 0.00>
ST_3 : Operation 30 [1/1] (0.00ns)   --->   "%bnn_top_stream_ap_uint_ap_uint_ap_uint_ap_uint_ap_uint_local_l1_weights_2_ad = getelementptr i784 %bnn_top_stream_ap_uint_ap_uint_ap_uint_ap_uint_ap_uint_local_l1_weights_2, i64 0, i64 %zext_ln33" [bnn_top.cpp:36]   --->   Operation 30 'getelementptr' 'bnn_top_stream_ap_uint_ap_uint_ap_uint_ap_uint_ap_uint_local_l1_weights_2_ad' <Predicate = true> <Delay = 0.00>
ST_3 : Operation 31 [1/1] (0.00ns)   --->   "%bnn_top_stream_ap_uint_ap_uint_ap_uint_ap_uint_ap_uint_local_l1_weights_1_ad = getelementptr i784 %bnn_top_stream_ap_uint_ap_uint_ap_uint_ap_uint_ap_uint_local_l1_weights_1, i64 0, i64 %zext_ln33" [bnn_top.cpp:36]   --->   Operation 31 'getelementptr' 'bnn_top_stream_ap_uint_ap_uint_ap_uint_ap_uint_ap_uint_local_l1_weights_1_ad' <Predicate = true> <Delay = 0.00>
ST_3 : Operation 32 [1/1] (0.00ns)   --->   "%bnn_top_stream_ap_uint_ap_uint_ap_uint_ap_uint_ap_uint_local_l1_weights_addr = getelementptr i784 %bnn_top_stream_ap_uint_ap_uint_ap_uint_ap_uint_ap_uint_local_l1_weights, i64 0, i64 %zext_ln33" [bnn_top.cpp:36]   --->   Operation 32 'getelementptr' 'bnn_top_stream_ap_uint_ap_uint_ap_uint_ap_uint_ap_uint_local_l1_weights_addr' <Predicate = true> <Delay = 0.00>
ST_3 : Operation 33 [1/1] (1.23ns)   --->   "%store_ln36 = store i784 %trunc_ln36, i6 %bnn_top_stream_ap_uint_ap_uint_ap_uint_ap_uint_ap_uint_local_l1_weights_1_ad" [bnn_top.cpp:36]   --->   Operation 33 'store' 'store_ln36' <Predicate = (trunc_ln33 == 2)> <Delay = 1.23> <CoreInst = "RAM">   --->   Core 82 'RAM' <Latency = 1> <II = 1> <Delay = 1.23> <Storage> <Opcode : 'load' 'store'> <Ports = 2> <Width = 784> <Depth = 64> <RAM>
ST_3 : Operation 34 [1/1] (0.00ns)   --->   "%br_ln36 = br void %arrayidx4.exit" [bnn_top.cpp:36]   --->   Operation 34 'br' 'br_ln36' <Predicate = (trunc_ln33 == 2)> <Delay = 0.00>
ST_3 : Operation 35 [1/1] (1.23ns)   --->   "%store_ln36 = store i784 %trunc_ln36, i6 %bnn_top_stream_ap_uint_ap_uint_ap_uint_ap_uint_ap_uint_local_l1_weights_2_ad" [bnn_top.cpp:36]   --->   Operation 35 'store' 'store_ln36' <Predicate = (trunc_ln33 == 1)> <Delay = 1.23> <CoreInst = "RAM">   --->   Core 82 'RAM' <Latency = 1> <II = 1> <Delay = 1.23> <Storage> <Opcode : 'load' 'store'> <Ports = 2> <Width = 784> <Depth = 64> <RAM>
ST_3 : Operation 36 [1/1] (0.00ns)   --->   "%br_ln36 = br void %arrayidx4.exit" [bnn_top.cpp:36]   --->   Operation 36 'br' 'br_ln36' <Predicate = (trunc_ln33 == 1)> <Delay = 0.00>
ST_3 : Operation 37 [1/1] (1.23ns)   --->   "%store_ln36 = store i784 %trunc_ln36, i6 %bnn_top_stream_ap_uint_ap_uint_ap_uint_ap_uint_ap_uint_local_l1_weights_3_ad" [bnn_top.cpp:36]   --->   Operation 37 'store' 'store_ln36' <Predicate = (trunc_ln33 == 0)> <Delay = 1.23> <CoreInst = "RAM">   --->   Core 82 'RAM' <Latency = 1> <II = 1> <Delay = 1.23> <Storage> <Opcode : 'load' 'store'> <Ports = 2> <Width = 784> <Depth = 64> <RAM>
ST_3 : Operation 38 [1/1] (0.00ns)   --->   "%br_ln36 = br void %arrayidx4.exit" [bnn_top.cpp:36]   --->   Operation 38 'br' 'br_ln36' <Predicate = (trunc_ln33 == 0)> <Delay = 0.00>
ST_3 : Operation 39 [1/1] (1.23ns)   --->   "%store_ln36 = store i784 %trunc_ln36, i6 %bnn_top_stream_ap_uint_ap_uint_ap_uint_ap_uint_ap_uint_local_l1_weights_addr" [bnn_top.cpp:36]   --->   Operation 39 'store' 'store_ln36' <Predicate = (trunc_ln33 == 3)> <Delay = 1.23> <CoreInst = "RAM">   --->   Core 82 'RAM' <Latency = 1> <II = 1> <Delay = 1.23> <Storage> <Opcode : 'load' 'store'> <Ports = 2> <Width = 784> <Depth = 64> <RAM>
ST_3 : Operation 40 [1/1] (0.00ns)   --->   "%br_ln36 = br void %arrayidx4.exit" [bnn_top.cpp:36]   --->   Operation 40 'br' 'br_ln36' <Predicate = (trunc_ln33 == 3)> <Delay = 0.00>


============================================================
+ Verbose Summary: Binding
============================================================
STG Binding: 
---------------- STG Properties BEGIN ----------------
- Is combinational: 0
- Is one-state seq: 0
- Is datapath-only: 0
- Is pipelined: 0
- Is top level: 0
Port [ Return ] is wired: 1; IO mode=ap_ctrl_hs:ce=0
Port [ gmem0]:  wired=1; compound=1; hidden=0; nouse=0; global=0; static=0; extern=0; dir=0; type=4; pingpong=0; private_global=0; IO mode=m_axi:ce=0
Port [ sext_ln33]:  wired=1; compound=0; hidden=0; nouse=0; global=0; static=0; extern=0; dir=0; type=0; pingpong=0; private_global=0; IO mode=ap_none:ce=0
Port [ bnn_top_stream_ap_uint_ap_uint_ap_uint_ap_uint_ap_uint_local_l1_weights_3]:  wired=1; compound=1; hidden=0; nouse=0; global=1; static=1; extern=0; dir=1; type=1; pingpong=0; private_global=0; MemPort=[03]; IO mode=ap_memory:ce=0
Port [ bnn_top_stream_ap_uint_ap_uint_ap_uint_ap_uint_ap_uint_local_l1_weights_2]:  wired=1; compound=1; hidden=0; nouse=0; global=1; static=1; extern=0; dir=1; type=1; pingpong=0; private_global=0; MemPort=[03]; IO mode=ap_memory:ce=0
Port [ bnn_top_stream_ap_uint_ap_uint_ap_uint_ap_uint_ap_uint_local_l1_weights_1]:  wired=1; compound=1; hidden=0; nouse=0; global=1; static=1; extern=0; dir=1; type=1; pingpong=0; private_global=0; MemPort=[03]; IO mode=ap_memory:ce=0
Port [ bnn_top_stream_ap_uint_ap_uint_ap_uint_ap_uint_ap_uint_local_l1_weights]:  wired=1; compound=1; hidden=0; nouse=0; global=1; static=1; extern=0; dir=1; type=1; pingpong=0; private_global=0; MemPort=[03]; IO mode=ap_memory:ce=0
---------------- STG Properties END ------------------

---------------- Datapath Model BEGIN ----------------

<LifeTime>
<method=bitvector/>
n                                                                            (alloca           ) [ 0100]
sext_ln33_read                                                               (read             ) [ 0000]
sext_ln33_cast                                                               (sext             ) [ 0110]
specinterface_ln0                                                            (specinterface    ) [ 0000]
store_ln33                                                                   (store            ) [ 0000]
br_ln0                                                                       (br               ) [ 0000]
n_3                                                                          (load             ) [ 0000]
specbitsmap_ln0                                                              (specbitsmap      ) [ 0000]
icmp_ln33                                                                    (icmp             ) [ 0110]
add_ln33                                                                     (add              ) [ 0000]
br_ln33                                                                      (br               ) [ 0000]
trunc_ln33                                                                   (trunc            ) [ 0111]
lshr_ln                                                                      (partselect       ) [ 0111]
switch_ln36                                                                  (switch           ) [ 0000]
store_ln33                                                                   (store            ) [ 0000]
br_ln33                                                                      (br               ) [ 0000]
gmem0_addr                                                                   (getelementptr    ) [ 0000]
gmem0_addr_read                                                              (read             ) [ 0000]
trunc_ln36                                                                   (trunc            ) [ 0101]
specpipeline_ln35                                                            (specpipeline     ) [ 0000]
speclooptripcount_ln33                                                       (speclooptripcount) [ 0000]
specloopname_ln33                                                            (specloopname     ) [ 0000]
zext_ln33                                                                    (zext             ) [ 0000]
bnn_top_stream_ap_uint_ap_uint_ap_uint_ap_uint_ap_uint_local_l1_weights_3_ad (getelementptr    ) [ 0000]
bnn_top_stream_ap_uint_ap_uint_ap_uint_ap_uint_ap_uint_local_l1_weights_2_ad (getelementptr    ) [ 0000]
bnn_top_stream_ap_uint_ap_uint_ap_uint_ap_uint_ap_uint_local_l1_weights_1_ad (getelementptr    ) [ 0000]
bnn_top_stream_ap_uint_ap_uint_ap_uint_ap_uint_ap_uint_local_l1_weights_addr (getelementptr    ) [ 0000]
store_ln36                                                                   (store            ) [ 0000]
br_ln36                                                                      (br               ) [ 0000]
store_ln36                                                                   (store            ) [ 0000]
br_ln36                                                                      (br               ) [ 0000]
store_ln36                                                                   (store            ) [ 0000]
br_ln36                                                                      (br               ) [ 0000]
store_ln36                                                                   (store            ) [ 0000]
br_ln36                                                                      (br               ) [ 0000]
ret_ln0                                                                      (ret              ) [ 0000]
</LifeTime>

<model>

<comp_list>
<comp id="0" class="1000" name="gmem0">
<pin_list>
<pin id="1" dir="1" index="0" bw="1" slack="0"/>
</pin_list>
<bind>
<StgValue><ssdm name="gmem0"/></StgValue>
</bind>
</comp>

<comp id="2" class="1000" name="sext_ln33">
<pin_list>
<pin id="3" dir="1" index="0" bw="1" slack="0"/>
</pin_list>
<bind>
<StgValue><ssdm name="sext_ln33"/></StgValue>
</bind>
</comp>

<comp id="4" class="1000" name="bnn_top_stream_ap_uint_ap_uint_ap_uint_ap_uint_ap_uint_local_l1_weights_3">
<pin_list>
<pin id="5" dir="1" index="0" bw="1" slack="0"/>
</pin_list>
<bind>
<StgValue><ssdm name="bnn_top_stream_ap_uint_ap_uint_ap_uint_ap_uint_ap_uint_local_l1_weights_3"/><MemPortTyVec>0 3 </MemPortTyVec>
</StgValue>
</bind>
</comp>

<comp id="6" class="1000" name="bnn_top_stream_ap_uint_ap_uint_ap_uint_ap_uint_ap_uint_local_l1_weights_2">
<pin_list>
<pin id="7" dir="1" index="0" bw="1" slack="0"/>
</pin_list>
<bind>
<StgValue><ssdm name="bnn_top_stream_ap_uint_ap_uint_ap_uint_ap_uint_ap_uint_local_l1_weights_2"/><MemPortTyVec>0 3 </MemPortTyVec>
</StgValue>
</bind>
</comp>

<comp id="8" class="1000" name="bnn_top_stream_ap_uint_ap_uint_ap_uint_ap_uint_ap_uint_local_l1_weights_1">
<pin_list>
<pin id="9" dir="1" index="0" bw="1" slack="0"/>
</pin_list>
<bind>
<StgValue><ssdm name="bnn_top_stream_ap_uint_ap_uint_ap_uint_ap_uint_ap_uint_local_l1_weights_1"/><MemPortTyVec>0 3 </MemPortTyVec>
</StgValue>
</bind>
</comp>

<comp id="10" class="1000" name="bnn_top_stream_ap_uint_ap_uint_ap_uint_ap_uint_ap_uint_local_l1_weights">
<pin_list>
<pin id="11" dir="1" index="0" bw="1" slack="0"/>
</pin_list>
<bind>
<StgValue><ssdm name="bnn_top_stream_ap_uint_ap_uint_ap_uint_ap_uint_ap_uint_local_l1_weights"/><MemPortTyVec>0 3 </MemPortTyVec>
</StgValue>
</bind>
</comp>

<comp id="12" class="1001" name="const_12">
<pin_list>
<pin id="13" dir="1" index="0" bw="1" slack="0"/>
</pin_list>
<bind>
<StgValue><ssdm name=""/></StgValue>
</bind>
</comp>

<comp id="14" class="1001" name="const_14">
<pin_list>
<pin id="15" dir="1" index="0" bw="1" slack="0"/>
</pin_list>
<bind>
<StgValue><ssdm name="_ssdm_op_Read.ap_auto.i57"/></StgValue>
</bind>
</comp>

<comp id="16" class="1001" name="const_16">
<pin_list>
<pin id="17" dir="1" index="0" bw="1" slack="2147483647"/>
</pin_list>
<bind>
<StgValue><ssdm name="_ssdm_op_SpecInterface"/></StgValue>
</bind>
</comp>

<comp id="18" class="1001" name="const_18">
<pin_list>
<pin id="19" dir="1" index="0" bw="1" slack="2147483647"/>
</pin_list>
<bind>
<StgValue><ssdm name="empty_21"/></StgValue>
</bind>
</comp>

<comp id="20" class="1001" name="const_20">
<pin_list>
<pin id="21" dir="1" index="0" bw="1" slack="2147483647"/>
</pin_list>
<bind>
<StgValue><ssdm name=""/></StgValue>
</bind>
</comp>

<comp id="22" class="1001" name="const_22">
<pin_list>
<pin id="23" dir="1" index="0" bw="1" slack="2147483647"/>
</pin_list>
<bind>
<StgValue><ssdm name="empty_22"/></StgValue>
</bind>
</comp>

<comp id="24" class="1001" name="const_24">
<pin_list>
<pin id="25" dir="1" index="0" bw="1" slack="2147483647"/>
</pin_list>
<bind>
<StgValue><ssdm name=""/></StgValue>
</bind>
</comp>

<comp id="26" class="1001" name="const_26">
<pin_list>
<pin id="27" dir="1" index="0" bw="1" slack="2147483647"/>
</pin_list>
<bind>
<StgValue><ssdm name="empty"/></StgValue>
</bind>
</comp>

<comp id="28" class="1001" name="const_28">
<pin_list>
<pin id="29" dir="1" index="0" bw="1" slack="2147483647"/>
</pin_list>
<bind>
<StgValue><ssdm name="empty_0"/></StgValue>
</bind>
</comp>

<comp id="30" class="1001" name="const_30">
<pin_list>
<pin id="31" dir="1" index="0" bw="1" slack="2147483647"/>
</pin_list>
<bind>
<StgValue><ssdm name=""/></StgValue>
</bind>
</comp>

<comp id="32" class="1001" name="const_32">
<pin_list>
<pin id="33" dir="1" index="0" bw="1" slack="2147483647"/>
</pin_list>
<bind>
<StgValue><ssdm name=""/></StgValue>
</bind>
</comp>

<comp id="34" class="1001" name="const_34">
<pin_list>
<pin id="35" dir="1" index="0" bw="1" slack="0"/>
</pin_list>
<bind>
<StgValue><ssdm name=""/></StgValue>
</bind>
</comp>

<comp id="36" class="1001" name="const_36">
<pin_list>
<pin id="37" dir="1" index="0" bw="1" slack="2147483647"/>
</pin_list>
<bind>
<StgValue><ssdm name="_ssdm_op_SpecBitsMap"/></StgValue>
</bind>
</comp>

<comp id="38" class="1001" name="const_38">
<pin_list>
<pin id="39" dir="1" index="0" bw="1" slack="0"/>
</pin_list>
<bind>
<StgValue><ssdm name=""/></StgValue>
</bind>
</comp>

<comp id="40" class="1001" name="const_40">
<pin_list>
<pin id="41" dir="1" index="0" bw="1" slack="0"/>
</pin_list>
<bind>
<StgValue><ssdm name=""/></StgValue>
</bind>
</comp>

<comp id="42" class="1001" name="const_42">
<pin_list>
<pin id="43" dir="1" index="0" bw="1" slack="0"/>
</pin_list>
<bind>
<StgValue><ssdm name="_ssdm_op_PartSelect.i6.i9.i32.i32"/></StgValue>
</bind>
</comp>

<comp id="44" class="1001" name="const_44">
<pin_list>
<pin id="45" dir="1" index="0" bw="1" slack="0"/>
</pin_list>
<bind>
<StgValue><ssdm name=""/></StgValue>
</bind>
</comp>

<comp id="46" class="1001" name="const_46">
<pin_list>
<pin id="47" dir="1" index="0" bw="1" slack="0"/>
</pin_list>
<bind>
<StgValue><ssdm name=""/></StgValue>
</bind>
</comp>

<comp id="48" class="1001" name="const_48">
<pin_list>
<pin id="49" dir="1" index="0" bw="1" slack="2147483647"/>
</pin_list>
<bind>
<StgValue><ssdm name=""/></StgValue>
</bind>
</comp>

<comp id="50" class="1001" name="const_50">
<pin_list>
<pin id="51" dir="1" index="0" bw="1" slack="2147483647"/>
</pin_list>
<bind>
<StgValue><ssdm name=""/></StgValue>
</bind>
</comp>

<comp id="52" class="1001" name="const_52">
<pin_list>
<pin id="53" dir="1" index="0" bw="1" slack="2147483647"/>
</pin_list>
<bind>
<StgValue><ssdm name=""/></StgValue>
</bind>
</comp>

<comp id="54" class="1001" name="const_54">
<pin_list>
<pin id="55" dir="1" index="0" bw="1" slack="0"/>
</pin_list>
<bind>
<StgValue><ssdm name="_ssdm_op_Read.m_axi.p1i1024"/></StgValue>
</bind>
</comp>

<comp id="56" class="1001" name="const_56">
<pin_list>
<pin id="57" dir="1" index="0" bw="1" slack="2147483647"/>
</pin_list>
<bind>
<StgValue><ssdm name="_ssdm_op_SpecPipeline"/></StgValue>
</bind>
</comp>

<comp id="58" class="1001" name="const_58">
<pin_list>
<pin id="59" dir="1" index="0" bw="1" slack="2147483647"/>
</pin_list>
<bind>
<StgValue><ssdm name="_ssdm_op_SpecLoopTripCount"/></StgValue>
</bind>
</comp>

<comp id="60" class="1001" name="const_60">
<pin_list>
<pin id="61" dir="1" index="0" bw="1" slack="2147483647"/>
</pin_list>
<bind>
<StgValue><ssdm name=""/></StgValue>
</bind>
</comp>

<comp id="62" class="1001" name="const_62">
<pin_list>
<pin id="63" dir="1" index="0" bw="1" slack="2147483647"/>
</pin_list>
<bind>
<StgValue><ssdm name="_ssdm_op_SpecLoopName"/></StgValue>
</bind>
</comp>

<comp id="64" class="1001" name="const_64">
<pin_list>
<pin id="65" dir="1" index="0" bw="1" slack="2147483647"/>
</pin_list>
<bind>
<StgValue><ssdm name="empty_4"/></StgValue>
</bind>
</comp>

<comp id="66" class="1001" name="const_66">
<pin_list>
<pin id="67" dir="1" index="0" bw="1" slack="0"/>
</pin_list>
<bind>
<StgValue><ssdm name=""/></StgValue>
</bind>
</comp>

<comp id="68" class="1004" name="n_fu_68">
<pin_list>
<pin id="69" dir="0" index="0" bw="1" slack="0"/>
<pin id="70" dir="1" index="1" bw="9" slack="0"/>
</pin_list>
<bind>
<opcode="alloca(26) " fcode="alloca"/>
<opset="n/1 "/>
</bind>
</comp>

<comp id="72" class="1004" name="sext_ln33_read_read_fu_72">
<pin_list>
<pin id="73" dir="0" index="0" bw="57" slack="0"/>
<pin id="74" dir="0" index="1" bw="57" slack="0"/>
<pin id="75" dir="1" index="2" bw="57" slack="0"/>
</pin_list>
<bind>
<opcode="read(1150) " fcode="read"/>
<opset="sext_ln33_read/1 "/>
</bind>
</comp>

<comp id="78" class="1004" name="gmem0_addr_read_read_fu_78">
<pin_list>
<pin id="79" dir="0" index="0" bw="1024" slack="0"/>
<pin id="80" dir="0" index="1" bw="1024" slack="0"/>
<pin id="81" dir="1" index="2" bw="1024" slack="0"/>
</pin_list>
<bind>
<opcode="read(1150) " fcode="read"/>
<opset="gmem0_addr_read/2 "/>
</bind>
</comp>

<comp id="83" class="1004" name="bnn_top_stream_ap_uint_ap_uint_ap_uint_ap_uint_ap_uint_local_l1_weights_3_ad_gep_fu_83">
<pin_list>
<pin id="84" dir="0" index="0" bw="784" slack="0"/>
<pin id="85" dir="0" index="1" bw="1" slack="0"/>
<pin id="86" dir="0" index="2" bw="6" slack="0"/>
<pin id="87" dir="1" index="3" bw="6" slack="0"/>
</pin_list>
<bind>
<opcode="getelementptr(29) " fcode="getelementptr"/>
<opset="bnn_top_stream_ap_uint_ap_uint_ap_uint_ap_uint_ap_uint_local_l1_weights_3_ad/3 "/>
</bind>
</comp>

<comp id="90" class="1004" name="bnn_top_stream_ap_uint_ap_uint_ap_uint_ap_uint_ap_uint_local_l1_weights_2_ad_gep_fu_90">
<pin_list>
<pin id="91" dir="0" index="0" bw="784" slack="0"/>
<pin id="92" dir="0" index="1" bw="1" slack="0"/>
<pin id="93" dir="0" index="2" bw="6" slack="0"/>
<pin id="94" dir="1" index="3" bw="6" slack="0"/>
</pin_list>
<bind>
<opcode="getelementptr(29) " fcode="getelementptr"/>
<opset="bnn_top_stream_ap_uint_ap_uint_ap_uint_ap_uint_ap_uint_local_l1_weights_2_ad/3 "/>
</bind>
</comp>

<comp id="97" class="1004" name="bnn_top_stream_ap_uint_ap_uint_ap_uint_ap_uint_ap_uint_local_l1_weights_1_ad_gep_fu_97">
<pin_list>
<pin id="98" dir="0" index="0" bw="784" slack="0"/>
<pin id="99" dir="0" index="1" bw="1" slack="0"/>
<pin id="100" dir="0" index="2" bw="6" slack="0"/>
<pin id="101" dir="1" index="3" bw="6" slack="0"/>
</pin_list>
<bind>
<opcode="getelementptr(29) " fcode="getelementptr"/>
<opset="bnn_top_stream_ap_uint_ap_uint_ap_uint_ap_uint_ap_uint_local_l1_weights_1_ad/3 "/>
</bind>
</comp>

<comp id="104" class="1004" name="bnn_top_stream_ap_uint_ap_uint_ap_uint_ap_uint_ap_uint_local_l1_weights_addr_gep_fu_104">
<pin_list>
<pin id="105" dir="0" index="0" bw="784" slack="0"/>
<pin id="106" dir="0" index="1" bw="1" slack="0"/>
<pin id="107" dir="0" index="2" bw="6" slack="0"/>
<pin id="108" dir="1" index="3" bw="6" slack="0"/>
</pin_list>
<bind>
<opcode="getelementptr(29) " fcode="getelementptr"/>
<opset="bnn_top_stream_ap_uint_ap_uint_ap_uint_ap_uint_ap_uint_local_l1_weights_addr/3 "/>
</bind>
</comp>

<comp id="111" class="1004" name="store_ln36_access_fu_111">
<pin_list>
<pin id="112" dir="0" index="0" bw="6" slack="0"/>
<pin id="113" dir="0" index="1" bw="784" slack="1"/>
<pin id="114" dir="0" index="2" bw="0" slack="2147483647"/>
<pin id="115" dir="1" index="3" bw="784" slack="2147483647"/>
</pin_list>
<bind>
<opcode="store(28) " fcode="store"/>
<opset="store_ln36/3 "/>
</bind>
</comp>

<comp id="117" class="1004" name="store_ln36_access_fu_117">
<pin_list>
<pin id="118" dir="0" index="0" bw="6" slack="0"/>
<pin id="119" dir="0" index="1" bw="784" slack="1"/>
<pin id="120" dir="0" index="2" bw="0" slack="2147483647"/>
<pin id="121" dir="1" index="3" bw="784" slack="2147483647"/>
</pin_list>
<bind>
<opcode="store(28) " fcode="store"/>
<opset="store_ln36/3 "/>
</bind>
</comp>

<comp id="123" class="1004" name="store_ln36_access_fu_123">
<pin_list>
<pin id="124" dir="0" index="0" bw="6" slack="0"/>
<pin id="125" dir="0" index="1" bw="784" slack="1"/>
<pin id="126" dir="0" index="2" bw="0" slack="2147483647"/>
<pin id="127" dir="1" index="3" bw="784" slack="2147483647"/>
</pin_list>
<bind>
<opcode="store(28) " fcode="store"/>
<opset="store_ln36/3 "/>
</bind>
</comp>

<comp id="129" class="1004" name="store_ln36_access_fu_129">
<pin_list>
<pin id="130" dir="0" index="0" bw="6" slack="0"/>
<pin id="131" dir="0" index="1" bw="784" slack="1"/>
<pin id="132" dir="0" index="2" bw="0" slack="2147483647"/>
<pin id="133" dir="1" index="3" bw="784" slack="2147483647"/>
</pin_list>
<bind>
<opcode="store(28) " fcode="store"/>
<opset="store_ln36/3 "/>
</bind>
</comp>

<comp id="135" class="1004" name="sext_ln33_cast_fu_135">
<pin_list>
<pin id="136" dir="0" index="0" bw="57" slack="0"/>
<pin id="137" dir="1" index="1" bw="64" slack="1"/>
</pin_list>
<bind>
<opcode="sext(35) " fcode="sext"/>
<opset="sext_ln33_cast/1 "/>
</bind>
</comp>

<comp id="139" class="1004" name="store_ln33_store_fu_139">
<pin_list>
<pin id="140" dir="0" index="0" bw="1" slack="0"/>
<pin id="141" dir="0" index="1" bw="9" slack="0"/>
<pin id="142" dir="1" index="2" bw="0" slack="2147483647"/>
</pin_list>
<bind>
<opcode="store(28) " fcode="store"/>
<opset="store_ln33/1 "/>
</bind>
</comp>

<comp id="144" class="1004" name="n_3_load_fu_144">
<pin_list>
<pin id="145" dir="0" index="0" bw="9" slack="0"/>
<pin id="146" dir="1" index="1" bw="9" slack="0"/>
</pin_list>
<bind>
<opcode="load(27) " fcode="load"/>
<opset="n_3/1 "/>
</bind>
</comp>

<comp id="147" class="1004" name="icmp_ln33_fu_147">
<pin_list>
<pin id="148" dir="0" index="0" bw="9" slack="0"/>
<pin id="149" dir="0" index="1" bw="9" slack="0"/>
<pin id="150" dir="1" index="2" bw="1" slack="1"/>
</pin_list>
<bind>
<opcode="icmp(45) " fcode="icmp"/>
<opset="icmp_ln33/1 "/>
</bind>
</comp>

<comp id="153" class="1004" name="add_ln33_fu_153">
<pin_list>
<pin id="154" dir="0" index="0" bw="9" slack="0"/>
<pin id="155" dir="0" index="1" bw="1" slack="0"/>
<pin id="156" dir="1" index="2" bw="9" slack="0"/>
</pin_list>
<bind>
<opcode="add(8) " fcode="add"/>
<opset="add_ln33/1 "/>
</bind>
</comp>

<comp id="159" class="1004" name="trunc_ln33_fu_159">
<pin_list>
<pin id="160" dir="0" index="0" bw="9" slack="0"/>
<pin id="161" dir="1" index="1" bw="2" slack="2"/>
</pin_list>
<bind>
<opcode="trunc(33) " fcode="trunc"/>
<opset="trunc_ln33/1 "/>
</bind>
</comp>

<comp id="163" class="1004" name="lshr_ln_fu_163">
<pin_list>
<pin id="164" dir="0" index="0" bw="6" slack="0"/>
<pin id="165" dir="0" index="1" bw="9" slack="0"/>
<pin id="166" dir="0" index="2" bw="3" slack="0"/>
<pin id="167" dir="0" index="3" bw="4" slack="0"/>
<pin id="168" dir="1" index="4" bw="6" slack="2"/>
</pin_list>
<bind>
<opcode="partselect(1002) " fcode="partselect"/>
<opset="lshr_ln/1 "/>
</bind>
</comp>

<comp id="173" class="1004" name="store_ln33_store_fu_173">
<pin_list>
<pin id="174" dir="0" index="0" bw="9" slack="0"/>
<pin id="175" dir="0" index="1" bw="9" slack="0"/>
<pin id="176" dir="1" index="2" bw="0" slack="2147483647"/>
</pin_list>
<bind>
<opcode="store(28) " fcode="store"/>
<opset="store_ln33/1 "/>
</bind>
</comp>

<comp id="178" class="1004" name="gmem0_addr_fu_178">
<pin_list>
<pin id="179" dir="0" index="0" bw="64" slack="0"/>
<pin id="180" dir="0" index="1" bw="64" slack="1"/>
<pin id="181" dir="1" index="2" bw="64" slack="0"/>
</pin_list>
<bind>
<opcode="getelementptr(29) " fcode="getelementptr"/>
<opset="gmem0_addr/2 "/>
</bind>
</comp>

<comp id="184" class="1004" name="trunc_ln36_fu_184">
<pin_list>
<pin id="185" dir="0" index="0" bw="1024" slack="0"/>
<pin id="186" dir="1" index="1" bw="784" slack="1"/>
</pin_list>
<bind>
<opcode="trunc(33) " fcode="trunc"/>
<opset="trunc_ln36/2 "/>
</bind>
</comp>

<comp id="188" class="1004" name="zext_ln33_fu_188">
<pin_list>
<pin id="189" dir="0" index="0" bw="6" slack="2"/>
<pin id="190" dir="1" index="1" bw="64" slack="0"/>
</pin_list>
<bind>
<opcode="zext(34) " fcode="zext"/>
<opset="zext_ln33/3 "/>
</bind>
</comp>

<comp id="195" class="1005" name="n_reg_195">
<pin_list>
<pin id="196" dir="0" index="0" bw="9" slack="0"/>
<pin id="197" dir="1" index="1" bw="9" slack="0"/>
</pin_list>
<bind>
<opset="n "/>
</bind>
</comp>

<comp id="202" class="1005" name="sext_ln33_cast_reg_202">
<pin_list>
<pin id="203" dir="0" index="0" bw="64" slack="1"/>
<pin id="204" dir="1" index="1" bw="64" slack="1"/>
</pin_list>
<bind>
<opset="sext_ln33_cast "/>
</bind>
</comp>

<comp id="207" class="1005" name="icmp_ln33_reg_207">
<pin_list>
<pin id="208" dir="0" index="0" bw="1" slack="1"/>
<pin id="209" dir="1" index="1" bw="1" slack="2147483647"/>
</pin_list>
<bind>
<opset="icmp_ln33 "/>
</bind>
</comp>

<comp id="211" class="1005" name="trunc_ln33_reg_211">
<pin_list>
<pin id="212" dir="0" index="0" bw="2" slack="2"/>
<pin id="213" dir="1" index="1" bw="2" slack="2147483647"/>
</pin_list>
<bind>
<opset="trunc_ln33 "/>
</bind>
</comp>

<comp id="215" class="1005" name="lshr_ln_reg_215">
<pin_list>
<pin id="216" dir="0" index="0" bw="6" slack="2"/>
<pin id="217" dir="1" index="1" bw="6" slack="2"/>
</pin_list>
<bind>
<opset="lshr_ln "/>
</bind>
</comp>

<comp id="220" class="1005" name="trunc_ln36_reg_220">
<pin_list>
<pin id="221" dir="0" index="0" bw="784" slack="1"/>
<pin id="222" dir="1" index="1" bw="784" slack="1"/>
</pin_list>
<bind>
<opset="trunc_ln36 "/>
</bind>
</comp>

</comp_list>

<net_list>
<net id="71"><net_src comp="12" pin="0"/><net_sink comp="68" pin=0"/></net>

<net id="76"><net_src comp="14" pin="0"/><net_sink comp="72" pin=0"/></net>

<net id="77"><net_src comp="2" pin="0"/><net_sink comp="72" pin=1"/></net>

<net id="82"><net_src comp="54" pin="0"/><net_sink comp="78" pin=0"/></net>

<net id="88"><net_src comp="4" pin="0"/><net_sink comp="83" pin=0"/></net>

<net id="89"><net_src comp="66" pin="0"/><net_sink comp="83" pin=1"/></net>

<net id="95"><net_src comp="6" pin="0"/><net_sink comp="90" pin=0"/></net>

<net id="96"><net_src comp="66" pin="0"/><net_sink comp="90" pin=1"/></net>

<net id="102"><net_src comp="8" pin="0"/><net_sink comp="97" pin=0"/></net>

<net id="103"><net_src comp="66" pin="0"/><net_sink comp="97" pin=1"/></net>

<net id="109"><net_src comp="10" pin="0"/><net_sink comp="104" pin=0"/></net>

<net id="110"><net_src comp="66" pin="0"/><net_sink comp="104" pin=1"/></net>

<net id="116"><net_src comp="97" pin="3"/><net_sink comp="111" pin=0"/></net>

<net id="122"><net_src comp="90" pin="3"/><net_sink comp="117" pin=0"/></net>

<net id="128"><net_src comp="83" pin="3"/><net_sink comp="123" pin=0"/></net>

<net id="134"><net_src comp="104" pin="3"/><net_sink comp="129" pin=0"/></net>

<net id="138"><net_src comp="72" pin="2"/><net_sink comp="135" pin=0"/></net>

<net id="143"><net_src comp="34" pin="0"/><net_sink comp="139" pin=0"/></net>

<net id="151"><net_src comp="144" pin="1"/><net_sink comp="147" pin=0"/></net>

<net id="152"><net_src comp="38" pin="0"/><net_sink comp="147" pin=1"/></net>

<net id="157"><net_src comp="144" pin="1"/><net_sink comp="153" pin=0"/></net>

<net id="158"><net_src comp="40" pin="0"/><net_sink comp="153" pin=1"/></net>

<net id="162"><net_src comp="144" pin="1"/><net_sink comp="159" pin=0"/></net>

<net id="169"><net_src comp="42" pin="0"/><net_sink comp="163" pin=0"/></net>

<net id="170"><net_src comp="144" pin="1"/><net_sink comp="163" pin=1"/></net>

<net id="171"><net_src comp="44" pin="0"/><net_sink comp="163" pin=2"/></net>

<net id="172"><net_src comp="46" pin="0"/><net_sink comp="163" pin=3"/></net>

<net id="177"><net_src comp="153" pin="2"/><net_sink comp="173" pin=0"/></net>

<net id="182"><net_src comp="0" pin="0"/><net_sink comp="178" pin=0"/></net>

<net id="183"><net_src comp="178" pin="2"/><net_sink comp="78" pin=1"/></net>

<net id="187"><net_src comp="78" pin="2"/><net_sink comp="184" pin=0"/></net>

<net id="191"><net_src comp="188" pin="1"/><net_sink comp="83" pin=2"/></net>

<net id="192"><net_src comp="188" pin="1"/><net_sink comp="90" pin=2"/></net>

<net id="193"><net_src comp="188" pin="1"/><net_sink comp="97" pin=2"/></net>

<net id="194"><net_src comp="188" pin="1"/><net_sink comp="104" pin=2"/></net>

<net id="198"><net_src comp="68" pin="1"/><net_sink comp="195" pin=0"/></net>

<net id="199"><net_src comp="195" pin="1"/><net_sink comp="139" pin=1"/></net>

<net id="200"><net_src comp="195" pin="1"/><net_sink comp="144" pin=0"/></net>

<net id="201"><net_src comp="195" pin="1"/><net_sink comp="173" pin=1"/></net>

<net id="205"><net_src comp="135" pin="1"/><net_sink comp="202" pin=0"/></net>

<net id="206"><net_src comp="202" pin="1"/><net_sink comp="178" pin=1"/></net>

<net id="210"><net_src comp="147" pin="2"/><net_sink comp="207" pin=0"/></net>

<net id="214"><net_src comp="159" pin="1"/><net_sink comp="211" pin=0"/></net>

<net id="218"><net_src comp="163" pin="4"/><net_sink comp="215" pin=0"/></net>

<net id="219"><net_src comp="215" pin="1"/><net_sink comp="188" pin=0"/></net>

<net id="223"><net_src comp="184" pin="1"/><net_sink comp="220" pin=0"/></net>

<net id="224"><net_src comp="220" pin="1"/><net_sink comp="111" pin=1"/></net>

<net id="225"><net_src comp="220" pin="1"/><net_sink comp="117" pin=1"/></net>

<net id="226"><net_src comp="220" pin="1"/><net_sink comp="123" pin=1"/></net>

<net id="227"><net_src comp="220" pin="1"/><net_sink comp="129" pin=1"/></net>

</net_list>

</model> 
---------------- Datapath Model END ------------------

* FSMD analyzer results:
  - Output states:
	Port: gmem0 | {}
	Port: bnn_top_stream_ap_uint_ap_uint_ap_uint_ap_uint_ap_uint_local_l1_weights_3 | {3 }
	Port: bnn_top_stream_ap_uint_ap_uint_ap_uint_ap_uint_ap_uint_local_l1_weights_2 | {3 }
	Port: bnn_top_stream_ap_uint_ap_uint_ap_uint_ap_uint_ap_uint_local_l1_weights_1 | {3 }
	Port: bnn_top_stream_ap_uint_ap_uint_ap_uint_ap_uint_ap_uint_local_l1_weights | {3 }
 - Input state : 
	Port: bnn_top_Pipeline_L1_LOAD : gmem0 | {2 }
	Port: bnn_top_Pipeline_L1_LOAD : sext_ln33 | {1 }
	Port: bnn_top_Pipeline_L1_LOAD : bnn_top_stream_ap_uint_ap_uint_ap_uint_ap_uint_ap_uint_local_l1_weights_3 | {}
	Port: bnn_top_Pipeline_L1_LOAD : bnn_top_stream_ap_uint_ap_uint_ap_uint_ap_uint_ap_uint_local_l1_weights_2 | {}
	Port: bnn_top_Pipeline_L1_LOAD : bnn_top_stream_ap_uint_ap_uint_ap_uint_ap_uint_ap_uint_local_l1_weights_1 | {}
	Port: bnn_top_Pipeline_L1_LOAD : bnn_top_stream_ap_uint_ap_uint_ap_uint_ap_uint_ap_uint_local_l1_weights | {}
  - Chain level:
	State 1
		store_ln33 : 1
		n_3 : 1
		icmp_ln33 : 2
		add_ln33 : 2
		br_ln33 : 3
		trunc_ln33 : 2
		lshr_ln : 2
		switch_ln36 : 3
		store_ln33 : 3
	State 2
		gmem0_addr_read : 1
		trunc_ln36 : 1
	State 3
		bnn_top_stream_ap_uint_ap_uint_ap_uint_ap_uint_ap_uint_local_l1_weights_3_ad : 1
		bnn_top_stream_ap_uint_ap_uint_ap_uint_ap_uint_ap_uint_local_l1_weights_2_ad : 1
		bnn_top_stream_ap_uint_ap_uint_ap_uint_ap_uint_ap_uint_local_l1_weights_1_ad : 1
		bnn_top_stream_ap_uint_ap_uint_ap_uint_ap_uint_ap_uint_local_l1_weights_addr : 1
		store_ln36 : 2
		store_ln36 : 2
		store_ln36 : 2
		store_ln36 : 2


============================================================
+ Verbose Summary: Datapath Resource usage 
============================================================

* Functional unit list:
|----------|----------------------------|---------|---------|
| Operation|       Functional Unit      |    FF   |   LUT   |
|----------|----------------------------|---------|---------|
|   icmp   |      icmp_ln33_fu_147      |    0    |    16   |
|----------|----------------------------|---------|---------|
|    add   |       add_ln33_fu_153      |    0    |    16   |
|----------|----------------------------|---------|---------|
|   read   |  sext_ln33_read_read_fu_72 |    0    |    0    |
|          | gmem0_addr_read_read_fu_78 |    0    |    0    |
|----------|----------------------------|---------|---------|
|   sext   |    sext_ln33_cast_fu_135   |    0    |    0    |
|----------|----------------------------|---------|---------|
|   trunc  |      trunc_ln33_fu_159     |    0    |    0    |
|          |      trunc_ln36_fu_184     |    0    |    0    |
|----------|----------------------------|---------|---------|
|partselect|       lshr_ln_fu_163       |    0    |    0    |
|----------|----------------------------|---------|---------|
|   zext   |      zext_ln33_fu_188      |    0    |    0    |
|----------|----------------------------|---------|---------|
|   Total  |                            |    0    |    32   |
|----------|----------------------------|---------|---------|

Memories:
N/A

* Register list:
+----------------------+--------+
|                      |   FF   |
+----------------------+--------+
|   icmp_ln33_reg_207  |    1   |
|    lshr_ln_reg_215   |    6   |
|       n_reg_195      |    9   |
|sext_ln33_cast_reg_202|   64   |
|  trunc_ln33_reg_211  |    2   |
|  trunc_ln36_reg_220  |   784  |
+----------------------+--------+
|         Total        |   866  |
+----------------------+--------+

* Multiplexer (MUX) list: 
|--------|------|------|------|--------|
|  Comp  |  Pin | Size |  BW  | S x BW |
|--------|------|------|------|--------|
|  Total |      |      |      |    0   |
|--------|------|------|------|--------|



* Summary:
+-----------+--------+--------+
|           |   FF   |   LUT  |
+-----------+--------+--------+
|  Function |    0   |   32   |
|   Memory  |    -   |    -   |
|Multiplexer|    -   |    -   |
|  Register |   866  |    -   |
+-----------+--------+--------+
|   Total   |   866  |   32   |
+-----------+--------+--------+
