

================================================================
== Vitis HLS Report for 'bnn_top_Pipeline_L2_LOAD'
================================================================
* Date:           Fri Mar 13 20:30:11 2026

* Version:        2024.1 (Build 5069499 on May 21 2024)
* Project:        bnn_top
* Solution:       hls (Vivado IP Flow Target)
* Product family: zynquplus
* Target device:  xczu3eg-sfvc784-2-e


================================================================
== Performance Estimates
================================================================
+ Timing: 
    * Summary: 
    +--------+---------+----------+------------+
    |  Clock |  Target | Estimated| Uncertainty|
    +--------+---------+----------+------------+
    |ap_clk  |  3.00 ns|  2.190 ns|     0.81 ns|
    +--------+---------+----------+------------+

+ Latency: 
    * Summary: 
    +---------+---------+----------+----------+-----+-----+-----------------------------------------------+
    |  Latency (cycles) |  Latency (absolute) |  Interval |                    Pipeline                   |
    |   min   |   max   |    min   |    max   | min | max |                      Type                     |
    +---------+---------+----------+----------+-----+-----+-----------------------------------------------+
    |      259|      259|  0.777 us|  0.777 us|  257|  257|  loop auto-rewind stp(delay=0 clock cycles(s))|
    +---------+---------+----------+----------+-----+-----+-----------------------------------------------+

    + Detail: 
        * Instance: 
        N/A

        * Loop: 
        +-----------+---------+---------+----------+-----------+-----------+------+----------+
        |           |  Latency (cycles) | Iteration|  Initiation Interval  | Trip |          |
        | Loop Name |   min   |   max   |  Latency |  achieved |   target  | Count| Pipelined|
        +-----------+---------+---------+----------+-----------+-----------+------+----------+
        |- L2_LOAD  |      257|      257|         3|          1|          1|   256|       yes|
        +-----------+---------+---------+----------+-----------+-----------+------+----------+

============================================================
+ Verbose Summary: Synthesis Manager
============================================================
InlineROM: 1
ExposeGlobal: 0
============================================================
+ Verbose Summary: CDFG Model
============================================================
IsTopModel: 0
ResetActiveHigh: 1
IsCombinational: 0
IsDatapathOnly: 0
HasWiredReturn: 1
HasMFsm: 2
HasVarLatency: 1
IsPipeline: 0
IsRtlPipelined: 0
IsInstanceOverlapped: 0
IsDontTouch: 0
HasImplIP: 0
IsGatedGlobalClock: 0

+ Individual pipeline summary: 
  * Pipeline-0: initiation interval (II) = 1, depth = 3


============================================================
+ Verbose Summary: Schedule
============================================================
* Number of FSM states : 3
* Pipeline : 1
  Pipeline-0 : II = 1, D = 3, States = { 1 2 3 }
* Dataflow Pipeline: 0

* FSM state transitions: 
1 --> 2 
2 --> 3 
3 --> 

* FSM state operations: 

State 1 <SV = 0> <Delay = 1.63>
ST_1 : Operation 6 [1/1] (0.00ns)   --->   "%n_2 = alloca i32 1" [bnn_top.cpp:38]   --->   Operation 6 'alloca' 'n_2' <Predicate = true> <Delay = 0.00>
ST_1 : Operation 7 [1/1] (0.00ns)   --->   "%sext_ln38_read = read i59 @_ssdm_op_Read.ap_auto.i59, i59 %sext_ln38"   --->   Operation 7 'read' 'sext_ln38_read' <Predicate = true> <Delay = 0.00>
ST_1 : Operation 8 [1/1] (0.00ns)   --->   "%sext_ln38_cast = sext i59 %sext_ln38_read"   --->   Operation 8 'sext' 'sext_ln38_cast' <Predicate = true> <Delay = 0.00>
ST_1 : Operation 9 [1/1] (0.00ns)   --->   "%specmemcore_ln0 = specmemcore void @_ssdm_op_SpecMemCore, i256 %bnn_top_stream_ap_uint_ap_uint_ap_uint_ap_uint_ap_uint_local_l2_weights_1, i64 666, i64 22, i64 18446744073709551615"   --->   Operation 9 'specmemcore' 'specmemcore_ln0' <Predicate = true> <Delay = 0.00>
ST_1 : Operation 10 [1/1] (0.00ns)   --->   "%specmemcore_ln0 = specmemcore void @_ssdm_op_SpecMemCore, i256 %bnn_top_stream_ap_uint_ap_uint_ap_uint_ap_uint_ap_uint_local_l2_weights, i64 666, i64 22, i64 18446744073709551615"   --->   Operation 10 'specmemcore' 'specmemcore_ln0' <Predicate = true> <Delay = 0.00>
ST_1 : Operation 11 [1/1] (0.00ns)   --->   "%specinterface_ln0 = specinterface void @_ssdm_op_SpecInterface, i256 %gmem1, void @empty, i32 0, i32 0, void @empty_0, i32 0, i32 256, void @empty_3, void @empty_2, void @empty_0, i32 16, i32 16, i32 16, i32 16, void @empty_0, void @empty_0, i32 4294967295, i32 0, i32 0"   --->   Operation 11 'specinterface' 'specinterface_ln0' <Predicate = true> <Delay = 0.00>
ST_1 : Operation 12 [1/1] (0.42ns)   --->   "%store_ln38 = store i9 0, i9 %n_2" [bnn_top.cpp:38]   --->   Operation 12 'store' 'store_ln38' <Predicate = true> <Delay = 0.42>
ST_1 : Operation 13 [1/1] (0.00ns)   --->   "%br_ln0 = br void %for.inc14"   --->   Operation 13 'br' 'br_ln0' <Predicate = true> <Delay = 0.00>
ST_1 : Operation 14 [1/1] (0.00ns)   --->   "%n = load i9 %n_2" [bnn_top.cpp:38]   --->   Operation 14 'load' 'n' <Predicate = true> <Delay = 0.00>
ST_1 : Operation 15 [1/1] (0.00ns)   --->   "%specbitsmap_ln0 = specbitsmap void @_ssdm_op_SpecBitsMap, i256 %gmem1"   --->   Operation 15 'specbitsmap' 'specbitsmap_ln0' <Predicate = true> <Delay = 0.00>
ST_1 : Operation 16 [1/1] (0.77ns)   --->   "%icmp_ln38 = icmp_eq  i9 %n, i9 256" [bnn_top.cpp:38]   --->   Operation 16 'icmp' 'icmp_ln38' <Predicate = true> <Delay = 0.77> <CoreInst = "Cmp">   --->   Core 9 'Cmp' <Latency = 0> <II = 1> <Delay = 0.77> <FuncUnit> <Opcode : 'seteq' 'setne' 'setle' 'setge' 'setlt' 'setgt'> <InPorts = 2> <OutPorts = 1>
ST_1 : Operation 17 [1/1] (0.77ns)   --->   "%add_ln38 = add i9 %n, i9 1" [bnn_top.cpp:38]   --->   Operation 17 'add' 'add_ln38' <Predicate = true> <Delay = 0.77> <CoreInst = "Adder">   --->   Core 1 'Adder' <Latency = 0> <II = 1> <Delay = 0.77> <FuncUnit> <Opcode : 'add' 'sub'> <InPorts = 2> <OutPorts = 1>
ST_1 : Operation 18 [1/1] (0.00ns)   --->   "%br_ln38 = br i1 %icmp_ln38, void %for.inc14.split, void %L3_LOAD.exitStub" [bnn_top.cpp:38]   --->   Operation 18 'br' 'br_ln38' <Predicate = true> <Delay = 0.00>
ST_1 : Operation 19 [1/1] (0.00ns)   --->   "%trunc_ln38 = trunc i9 %n" [bnn_top.cpp:38]   --->   Operation 19 'trunc' 'trunc_ln38' <Predicate = (!icmp_ln38)> <Delay = 0.00>
ST_1 : Operation 20 [1/1] (0.00ns)   --->   "%lshr_ln2 = partselect i7 @_ssdm_op_PartSelect.i7.i9.i32.i32, i9 %n, i32 1, i32 7" [bnn_top.cpp:38]   --->   Operation 20 'partselect' 'lshr_ln2' <Predicate = (!icmp_ln38)> <Delay = 0.00>
ST_1 : Operation 21 [1/1] (0.00ns)   --->   "%br_ln41 = br i1 %trunc_ln38, void %arrayidx13.case.0, void %arrayidx13.case.1" [bnn_top.cpp:41]   --->   Operation 21 'br' 'br_ln41' <Predicate = (!icmp_ln38)> <Delay = 0.00>
ST_1 : Operation 22 [1/1] (0.42ns)   --->   "%store_ln38 = store i9 %add_ln38, i9 %n_2" [bnn_top.cpp:38]   --->   Operation 22 'store' 'store_ln38' <Predicate = (!icmp_ln38)> <Delay = 0.42>
ST_1 : Operation 23 [1/1] (0.00ns)   --->   "%br_ln38 = br void %for.inc14" [bnn_top.cpp:38]   --->   Operation 23 'br' 'br_ln38' <Predicate = (!icmp_ln38)> <Delay = 0.00>

State 2 <SV = 1> <Delay = 2.19>
ST_2 : Operation 24 [1/1] (0.00ns)   --->   "%gmem1_addr = getelementptr i256 %gmem1, i64 %sext_ln38_cast" [bnn_top.cpp:38]   --->   Operation 24 'getelementptr' 'gmem1_addr' <Predicate = true> <Delay = 0.00>
ST_2 : Operation 25 [1/1] (2.19ns)   --->   "%gmem1_addr_read = read i256 @_ssdm_op_Read.m_axi.p1i256, i256 %gmem1_addr" [bnn_top.cpp:41]   --->   Operation 25 'read' 'gmem1_addr_read' <Predicate = true> <Delay = 2.19> <CoreInst = "m_axi">   --->   Core 119 'm_axi' <Latency = 0> <II = 1> <Delay = 1.00> <Adapter> <Opcode : 'read' 'write' 'readreq' 'writereq' 'writeresp'>
ST_2 : Operation 36 [1/1] (0.42ns)   --->   "%ret_ln0 = ret"   --->   Operation 36 'ret' 'ret_ln0' <Predicate = (icmp_ln38)> <Delay = 0.42>

State 3 <SV = 2> <Delay = 1.23>
ST_3 : Operation 26 [1/1] (0.00ns)   --->   "%specpipeline_ln40 = specpipeline void @_ssdm_op_SpecPipeline, i32 1, i32 0, i32 0, i32 0, void @empty_0" [bnn_top.cpp:40]   --->   Operation 26 'specpipeline' 'specpipeline_ln40' <Predicate = true> <Delay = 0.00>
ST_3 : Operation 27 [1/1] (0.00ns)   --->   "%speclooptripcount_ln38 = speclooptripcount void @_ssdm_op_SpecLoopTripCount, i64 256, i64 256, i64 256" [bnn_top.cpp:38]   --->   Operation 27 'speclooptripcount' 'speclooptripcount_ln38' <Predicate = true> <Delay = 0.00>
ST_3 : Operation 28 [1/1] (0.00ns)   --->   "%specloopname_ln38 = specloopname void @_ssdm_op_SpecLoopName, void @empty_22" [bnn_top.cpp:38]   --->   Operation 28 'specloopname' 'specloopname_ln38' <Predicate = true> <Delay = 0.00>
ST_3 : Operation 29 [1/1] (0.00ns)   --->   "%zext_ln38 = zext i7 %lshr_ln2" [bnn_top.cpp:38]   --->   Operation 29 'zext' 'zext_ln38' <Predicate = true> <Delay = 0.00>
ST_3 : Operation 30 [1/1] (0.00ns)   --->   "%bnn_top_stream_ap_uint_ap_uint_ap_uint_ap_uint_ap_uint_local_l2_weights_1_ad = getelementptr i256 %bnn_top_stream_ap_uint_ap_uint_ap_uint_ap_uint_ap_uint_local_l2_weights_1, i64 0, i64 %zext_ln38" [bnn_top.cpp:41]   --->   Operation 30 'getelementptr' 'bnn_top_stream_ap_uint_ap_uint_ap_uint_ap_uint_ap_uint_local_l2_weights_1_ad' <Predicate = true> <Delay = 0.00>
ST_3 : Operation 31 [1/1] (0.00ns)   --->   "%bnn_top_stream_ap_uint_ap_uint_ap_uint_ap_uint_ap_uint_local_l2_weights_addr = getelementptr i256 %bnn_top_stream_ap_uint_ap_uint_ap_uint_ap_uint_ap_uint_local_l2_weights, i64 0, i64 %zext_ln38" [bnn_top.cpp:41]   --->   Operation 31 'getelementptr' 'bnn_top_stream_ap_uint_ap_uint_ap_uint_ap_uint_ap_uint_local_l2_weights_addr' <Predicate = true> <Delay = 0.00>
ST_3 : Operation 32 [1/1] (1.23ns)   --->   "%store_ln41 = store i256 %gmem1_addr_read, i7 %bnn_top_stream_ap_uint_ap_uint_ap_uint_ap_uint_ap_uint_local_l2_weights_1_ad" [bnn_top.cpp:41]   --->   Operation 32 'store' 'store_ln41' <Predicate = (!trunc_ln38)> <Delay = 1.23> <CoreInst = "RAM_2P_BRAM">   --->   Core 93 'RAM_2P_BRAM' <Latency = 1> <II = 1> <Delay = 1.23> <Storage> <Opcode : 'load' 'store'> <Ports = 2> <Width = 256> <Depth = 128> <RAM>
ST_3 : Operation 33 [1/1] (0.00ns)   --->   "%br_ln41 = br void %arrayidx13.exit" [bnn_top.cpp:41]   --->   Operation 33 'br' 'br_ln41' <Predicate = (!trunc_ln38)> <Delay = 0.00>
ST_3 : Operation 34 [1/1] (1.23ns)   --->   "%store_ln41 = store i256 %gmem1_addr_read, i7 %bnn_top_stream_ap_uint_ap_uint_ap_uint_ap_uint_ap_uint_local_l2_weights_addr" [bnn_top.cpp:41]   --->   Operation 34 'store' 'store_ln41' <Predicate = (trunc_ln38)> <Delay = 1.23> <CoreInst = "RAM_2P_BRAM">   --->   Core 93 'RAM_2P_BRAM' <Latency = 1> <II = 1> <Delay = 1.23> <Storage> <Opcode : 'load' 'store'> <Ports = 2> <Width = 256> <Depth = 128> <RAM>
ST_3 : Operation 35 [1/1] (0.00ns)   --->   "%br_ln41 = br void %arrayidx13.exit" [bnn_top.cpp:41]   --->   Operation 35 'br' 'br_ln41' <Predicate = (trunc_ln38)> <Delay = 0.00>


============================================================
+ Verbose Summary: Timing violations
============================================================
Target clock period: 3.000ns, clock uncertainty: 0.810ns.

 <State 1>: 1.630ns
The critical path consists of the following:
	'store' operation 0 bit ('store_ln38', bnn_top.cpp:38) of constant 0 on local variable 'n', bnn_top.cpp:38 [11]  (0.427 ns)
	'load' operation 9 bit ('n', bnn_top.cpp:38) on local variable 'n', bnn_top.cpp:38 [14]  (0.000 ns)
	'icmp' operation 1 bit ('icmp_ln38', bnn_top.cpp:38) [16]  (0.776 ns)
	'store' operation 0 bit ('store_ln38', bnn_top.cpp:38) of variable 'add_ln38', bnn_top.cpp:38 on local variable 'n', bnn_top.cpp:38 [38]  (0.427 ns)

 <State 2>: 2.190ns
The critical path consists of the following:
	'getelementptr' operation 256 bit ('gmem1_addr', bnn_top.cpp:38) [20]  (0.000 ns)
	bus read operation ('gmem1_addr_read', bnn_top.cpp:41) on port 'gmem1' (bnn_top.cpp:41) [29]  (2.190 ns)

 <State 3>: 1.237ns
The critical path consists of the following:
	'getelementptr' operation 7 bit ('bnn_top_stream_ap_uint_ap_uint_ap_uint_ap_uint_ap_uint_local_l2_weights_1_ad', bnn_top.cpp:41) [27]  (0.000 ns)
	'store' operation 0 bit ('store_ln41', bnn_top.cpp:41) of variable 'gmem1_addr_read', bnn_top.cpp:41 on array 'bnn_top_stream_ap_uint_ap_uint_ap_uint_ap_uint_ap_uint_local_l2_weights_1' [32]  (1.237 ns)


============================================================
+ Verbose Summary: Binding
============================================================
N/A
* FSMD analyzer results:
  - Output states:
 - Input state : 
  - Chain level:
	State 1
	State 2
	State 3


============================================================
+ Verbose Summary: Datapath Resource usage 
============================================================
N/A
