

================================================================
== Vitis HLS Report for 'bnn_top_Pipeline_L3_LOAD'
================================================================
* Date:           Thu Mar  5 04:44:04 2026

* Version:        2024.1 (Build 5069499 on May 21 2024)
* Project:        bnn_top
* Solution:       hls (Vivado IP Flow Target)
* Product family: zynquplus
* Target device:  xczu3eg-sfvc784-2-e


================================================================
== Performance Estimates
================================================================
+ Timing: 
    * Summary: 
    +--------+---------+----------+------------+
    |  Clock |  Target | Estimated| Uncertainty|
    +--------+---------+----------+------------+
    |ap_clk  |  3.00 ns|  2.190 ns|     0.81 ns|
    +--------+---------+----------+------------+

+ Latency: 
    * Summary: 
    +---------+---------+-----------+-----------+-----+-----+-----------------------------------------------+
    |  Latency (cycles) |   Latency (absolute)  |  Interval |                    Pipeline                   |
    |   min   |   max   |    min    |    max    | min | max |                      Type                     |
    +---------+---------+-----------+-----------+-----+-----+-----------------------------------------------+
    |       13|       13|  39.000 ns|  39.000 ns|   11|   11|  loop auto-rewind stp(delay=0 clock cycles(s))|
    +---------+---------+-----------+-----------+-----+-----+-----------------------------------------------+

    + Detail: 
        * Instance: 
        N/A

        * Loop: 
        +-----------+---------+---------+----------+-----------+-----------+------+----------+
        |           |  Latency (cycles) | Iteration|  Initiation Interval  | Trip |          |
        | Loop Name |   min   |   max   |  Latency |  achieved |   target  | Count| Pipelined|
        +-----------+---------+---------+----------+-----------+-----------+------+----------+
        |- L3_LOAD  |       11|       11|         3|          1|          1|    10|       yes|
        +-----------+---------+---------+----------+-----------+-----------+------+----------+



================================================================
== Utilization Estimates
================================================================
* Summary: 
+-----------------+---------+-----+--------+-------+-----+
|       Name      | BRAM_18K| DSP |   FF   |  LUT  | URAM|
+-----------------+---------+-----+--------+-------+-----+
|DSP              |        -|    -|       -|      -|    -|
|Expression       |        -|    -|       0|     28|    -|
|FIFO             |        -|    -|       -|      -|    -|
|Instance         |        -|    -|       -|      -|    -|
|Memory           |        -|    -|       -|      -|    -|
|Multiplexer      |        -|    -|       0|     45|    -|
|Register         |        -|    -|     273|      -|    -|
+-----------------+---------+-----+--------+-------+-----+
|Total            |        0|    0|     273|     73|    0|
+-----------------+---------+-----+--------+-------+-----+
|Available        |      432|  360|  141120|  70560|    0|
+-----------------+---------+-----+--------+-------+-----+
|Utilization (%)  |        0|    0|      ~0|     ~0|    0|
+-----------------+---------+-----+--------+-------+-----+

+ Detail: 
    * Instance: 
    N/A

    * DSP: 
    N/A

    * Memory: 
    N/A

    * FIFO: 
    N/A

    * Expression: 
    +---------------------------+----------+----+---+----+------------+------------+
    |       Variable Name       | Operation| DSP| FF| LUT| Bitwidth P0| Bitwidth P1|
    +---------------------------+----------+----+---+----+------------+------------+
    |add_ln43_fu_104_p2         |         +|   0|  0|  12|           4|           1|
    |ap_block_pp0_stage0_11001  |       and|   0|  0|   2|           1|           1|
    |icmp_ln43_fu_98_p2         |      icmp|   0|  0|  12|           4|           4|
    |ap_enable_pp0              |       xor|   0|  0|   2|           1|           2|
    +---------------------------+----------+----+---+----+------------+------------+
    |Total                      |          |   0|  0|  28|          10|           8|
    +---------------------------+----------+----+---+----+------------+------------+

    * Multiplexer: 
    +-------------------------+----+-----------+-----+-----------+
    |           Name          | LUT| Input Size| Bits| Total Bits|
    +-------------------------+----+-----------+-----+-----------+
    |ap_done_int              |   9|          2|    1|          2|
    |ap_enable_reg_pp0_iter1  |   9|          2|    1|          2|
    |ap_sig_allocacmp_n_1     |   9|          2|    4|          8|
    |gmem2_blk_n_R            |   9|          2|    1|          2|
    |n_fu_58                  |   9|          2|    4|          8|
    +-------------------------+----+-----------+-----+-----------+
    |Total                    |  45|         10|   11|         22|
    +-------------------------+----+-----------+-----+-----------+

    * Register: 
    +----------------------------------+-----+----+-----+-----------+
    |               Name               |  FF | LUT| Bits| Const Bits|
    +----------------------------------+-----+----+-----+-----------+
    |ap_CS_fsm                         |    1|   0|    1|          0|
    |ap_done_reg                       |    1|   0|    1|          0|
    |ap_enable_reg_pp0_iter1           |    1|   0|    1|          0|
    |ap_enable_reg_pp0_iter2           |    1|   0|    1|          0|
    |ap_loop_exit_ready_pp0_iter1_reg  |    1|   0|    1|          0|
    |gmem2_addr_read_reg_146           |  256|   0|  256|          0|
    |n_1_reg_137                       |    4|   0|    4|          0|
    |n_1_reg_137_pp0_iter1_reg         |    4|   0|    4|          0|
    |n_fu_58                           |    4|   0|    4|          0|
    +----------------------------------+-----+----+-----+-----------+
    |Total                             |  273|   0|  273|          0|
    +----------------------------------+-----+----+-----+-----------+



================================================================
== Interface
================================================================
* Summary: 
+---------------------------+-----+-----+------------+--------------------------+--------------+
|         RTL Ports         | Dir | Bits|  Protocol  |       Source Object      |    C Type    |
+---------------------------+-----+-----+------------+--------------------------+--------------+
|ap_clk                     |   in|    1|  ap_ctrl_hs|  bnn_top_Pipeline_L3_LOAD|  return value|
|ap_rst                     |   in|    1|  ap_ctrl_hs|  bnn_top_Pipeline_L3_LOAD|  return value|
|ap_start                   |   in|    1|  ap_ctrl_hs|  bnn_top_Pipeline_L3_LOAD|  return value|
|ap_done                    |  out|    1|  ap_ctrl_hs|  bnn_top_Pipeline_L3_LOAD|  return value|
|ap_idle                    |  out|    1|  ap_ctrl_hs|  bnn_top_Pipeline_L3_LOAD|  return value|
|ap_ready                   |  out|    1|  ap_ctrl_hs|  bnn_top_Pipeline_L3_LOAD|  return value|
|m_axi_gmem2_AWVALID        |  out|    1|       m_axi|                     gmem2|       pointer|
|m_axi_gmem2_AWREADY        |   in|    1|       m_axi|                     gmem2|       pointer|
|m_axi_gmem2_AWADDR         |  out|   64|       m_axi|                     gmem2|       pointer|
|m_axi_gmem2_AWID           |  out|    1|       m_axi|                     gmem2|       pointer|
|m_axi_gmem2_AWLEN          |  out|   32|       m_axi|                     gmem2|       pointer|
|m_axi_gmem2_AWSIZE         |  out|    3|       m_axi|                     gmem2|       pointer|
|m_axi_gmem2_AWBURST        |  out|    2|       m_axi|                     gmem2|       pointer|
|m_axi_gmem2_AWLOCK         |  out|    2|       m_axi|                     gmem2|       pointer|
|m_axi_gmem2_AWCACHE        |  out|    4|       m_axi|                     gmem2|       pointer|
|m_axi_gmem2_AWPROT         |  out|    3|       m_axi|                     gmem2|       pointer|
|m_axi_gmem2_AWQOS          |  out|    4|       m_axi|                     gmem2|       pointer|
|m_axi_gmem2_AWREGION       |  out|    4|       m_axi|                     gmem2|       pointer|
|m_axi_gmem2_AWUSER         |  out|    1|       m_axi|                     gmem2|       pointer|
|m_axi_gmem2_WVALID         |  out|    1|       m_axi|                     gmem2|       pointer|
|m_axi_gmem2_WREADY         |   in|    1|       m_axi|                     gmem2|       pointer|
|m_axi_gmem2_WDATA          |  out|  256|       m_axi|                     gmem2|       pointer|
|m_axi_gmem2_WSTRB          |  out|   32|       m_axi|                     gmem2|       pointer|
|m_axi_gmem2_WLAST          |  out|    1|       m_axi|                     gmem2|       pointer|
|m_axi_gmem2_WID            |  out|    1|       m_axi|                     gmem2|       pointer|
|m_axi_gmem2_WUSER          |  out|    1|       m_axi|                     gmem2|       pointer|
|m_axi_gmem2_ARVALID        |  out|    1|       m_axi|                     gmem2|       pointer|
|m_axi_gmem2_ARREADY        |   in|    1|       m_axi|                     gmem2|       pointer|
|m_axi_gmem2_ARADDR         |  out|   64|       m_axi|                     gmem2|       pointer|
|m_axi_gmem2_ARID           |  out|    1|       m_axi|                     gmem2|       pointer|
|m_axi_gmem2_ARLEN          |  out|   32|       m_axi|                     gmem2|       pointer|
|m_axi_gmem2_ARSIZE         |  out|    3|       m_axi|                     gmem2|       pointer|
|m_axi_gmem2_ARBURST        |  out|    2|       m_axi|                     gmem2|       pointer|
|m_axi_gmem2_ARLOCK         |  out|    2|       m_axi|                     gmem2|       pointer|
|m_axi_gmem2_ARCACHE        |  out|    4|       m_axi|                     gmem2|       pointer|
|m_axi_gmem2_ARPROT         |  out|    3|       m_axi|                     gmem2|       pointer|
|m_axi_gmem2_ARQOS          |  out|    4|       m_axi|                     gmem2|       pointer|
|m_axi_gmem2_ARREGION       |  out|    4|       m_axi|                     gmem2|       pointer|
|m_axi_gmem2_ARUSER         |  out|    1|       m_axi|                     gmem2|       pointer|
|m_axi_gmem2_RVALID         |   in|    1|       m_axi|                     gmem2|       pointer|
|m_axi_gmem2_RREADY         |  out|    1|       m_axi|                     gmem2|       pointer|
|m_axi_gmem2_RDATA          |   in|  256|       m_axi|                     gmem2|       pointer|
|m_axi_gmem2_RLAST          |   in|    1|       m_axi|                     gmem2|       pointer|
|m_axi_gmem2_RID            |   in|    1|       m_axi|                     gmem2|       pointer|
|m_axi_gmem2_RFIFONUM       |   in|    9|       m_axi|                     gmem2|       pointer|
|m_axi_gmem2_RUSER          |   in|    1|       m_axi|                     gmem2|       pointer|
|m_axi_gmem2_RRESP          |   in|    2|       m_axi|                     gmem2|       pointer|
|m_axi_gmem2_BVALID         |   in|    1|       m_axi|                     gmem2|       pointer|
|m_axi_gmem2_BREADY         |  out|    1|       m_axi|                     gmem2|       pointer|
|m_axi_gmem2_BRESP          |   in|    2|       m_axi|                     gmem2|       pointer|
|m_axi_gmem2_BID            |   in|    1|       m_axi|                     gmem2|       pointer|
|m_axi_gmem2_BUSER          |   in|    1|       m_axi|                     gmem2|       pointer|
|sext_ln43                  |   in|   59|     ap_none|                 sext_ln43|        scalar|
|local_l3_weights_address0  |  out|    4|   ap_memory|          local_l3_weights|         array|
|local_l3_weights_ce0       |  out|    1|   ap_memory|          local_l3_weights|         array|
|local_l3_weights_we0       |  out|    1|   ap_memory|          local_l3_weights|         array|
|local_l3_weights_d0        |  out|  256|   ap_memory|          local_l3_weights|         array|
+---------------------------+-----+-----+------------+--------------------------+--------------+

============================================================
+ Verbose Summary: Synthesis Manager
============================================================
InlineROM: 1
ExposeGlobal: 0
============================================================
+ Verbose Summary: CDFG Model
============================================================
IsTopModel: 0
ResetActiveHigh: 1
IsCombinational: 2
IsDatapathOnly: 2
HasWiredReturn: 1
HasMFsm: 2
HasVarLatency: 1
IsPipeline: 0
IsRtlPipelined: 0
IsInstanceOverlapped: 0
IsDontTouch: 0
HasImplIP: 0
IsGatedGlobalClock: 0

+ Individual pipeline summary: 
  * Pipeline-0: initiation interval (II) = 1, depth = 3


============================================================
+ Verbose Summary: Schedule
============================================================
* Number of FSM states : 3
* Pipeline : 1
  Pipeline-0 : II = 1, D = 3, States = { 1 2 3 }
* Dataflow Pipeline: 0

* FSM state transitions: 
1 --> 2 
2 --> 3 
3 --> 

* FSM state operations: 

State 1 <SV = 0> <Delay = 1.65>
ST_1 : Operation 6 [1/1] (0.00ns)   --->   "%n = alloca i32 1" [bnn_top.cpp:43]   --->   Operation 6 'alloca' 'n' <Predicate = true> <Delay = 0.00>
ST_1 : Operation 7 [1/1] (0.00ns)   --->   "%sext_ln43_read = read i59 @_ssdm_op_Read.ap_auto.i59, i59 %sext_ln43"   --->   Operation 7 'read' 'sext_ln43_read' <Predicate = true> <Delay = 0.00>
ST_1 : Operation 8 [1/1] (0.00ns)   --->   "%sext_ln43_cast = sext i59 %sext_ln43_read"   --->   Operation 8 'sext' 'sext_ln43_cast' <Predicate = true> <Delay = 0.00>
ST_1 : Operation 9 [1/1] (0.00ns)   --->   "%specmemcore_ln0 = specmemcore void @_ssdm_op_SpecMemCore, i256 %local_l3_weights, i64 666, i64 19, i64 18446744073709551615"   --->   Operation 9 'specmemcore' 'specmemcore_ln0' <Predicate = true> <Delay = 0.00>
ST_1 : Operation 10 [1/1] (0.00ns)   --->   "%specinterface_ln0 = specinterface void @_ssdm_op_SpecInterface, i256 %gmem2, void @empty_21, i32 0, i32 0, void @empty_22, i32 0, i32 10, void @empty_2, void @empty_0, void @empty_22, i32 16, i32 16, i32 16, i32 16, void @empty_22, void @empty_22, i32 4294967295, i32 0, i32 0"   --->   Operation 10 'specinterface' 'specinterface_ln0' <Predicate = true> <Delay = 0.00>
ST_1 : Operation 11 [1/1] (0.42ns)   --->   "%store_ln43 = store i4 0, i4 %n" [bnn_top.cpp:43]   --->   Operation 11 'store' 'store_ln43' <Predicate = true> <Delay = 0.42>
ST_1 : Operation 12 [1/1] (0.00ns)   --->   "%br_ln0 = br void %for.inc26"   --->   Operation 12 'br' 'br_ln0' <Predicate = true> <Delay = 0.00>
ST_1 : Operation 13 [1/1] (0.00ns)   --->   "%n_1 = load i4 %n" [bnn_top.cpp:43]   --->   Operation 13 'load' 'n_1' <Predicate = true> <Delay = 0.00>
ST_1 : Operation 14 [1/1] (0.00ns)   --->   "%specbitsmap_ln0 = specbitsmap void @_ssdm_op_SpecBitsMap, i256 %gmem2"   --->   Operation 14 'specbitsmap' 'specbitsmap_ln0' <Predicate = true> <Delay = 0.00>
ST_1 : Operation 15 [1/1] (0.79ns)   --->   "%icmp_ln43 = icmp_eq  i4 %n_1, i4 10" [bnn_top.cpp:43]   --->   Operation 15 'icmp' 'icmp_ln43' <Predicate = true> <Delay = 0.79> <CoreInst = "Cmp">   --->   Core 9 'Cmp' <Latency = 0> <II = 1> <Delay = 0.79> <FuncUnit> <Opcode : 'seteq' 'setne' 'setle' 'setge' 'setlt' 'setgt'> <InPorts = 2> <OutPorts = 1>
ST_1 : Operation 16 [1/1] (0.79ns)   --->   "%add_ln43 = add i4 %n_1, i4 1" [bnn_top.cpp:43]   --->   Operation 16 'add' 'add_ln43' <Predicate = true> <Delay = 0.79> <CoreInst = "Adder">   --->   Core 1 'Adder' <Latency = 0> <II = 1> <Delay = 0.79> <FuncUnit> <Opcode : 'add' 'sub'> <InPorts = 2> <OutPorts = 1>
ST_1 : Operation 17 [1/1] (0.00ns)   --->   "%br_ln43 = br i1 %icmp_ln43, void %for.inc26.split, void %if.end170.loopexit2.exitStub" [bnn_top.cpp:43]   --->   Operation 17 'br' 'br_ln43' <Predicate = true> <Delay = 0.00>
ST_1 : Operation 18 [1/1] (0.42ns)   --->   "%store_ln43 = store i4 %add_ln43, i4 %n" [bnn_top.cpp:43]   --->   Operation 18 'store' 'store_ln43' <Predicate = (!icmp_ln43)> <Delay = 0.42>

State 2 <SV = 1> <Delay = 2.19>
ST_2 : Operation 19 [1/1] (0.00ns)   --->   "%gmem2_addr = getelementptr i256 %gmem2, i64 %sext_ln43_cast" [bnn_top.cpp:43]   --->   Operation 19 'getelementptr' 'gmem2_addr' <Predicate = true> <Delay = 0.00>
ST_2 : Operation 20 [1/1] (2.19ns)   --->   "%gmem2_addr_read = read i256 @_ssdm_op_Read.m_axi.p1i256, i64 %gmem2_addr" [bnn_top.cpp:46]   --->   Operation 20 'read' 'gmem2_addr_read' <Predicate = true> <Delay = 2.19> <CoreInst = "m_axi">   --->   Core 119 'm_axi' <Latency = 0> <II = 1> <Delay = 1.00> <Adapter> <Opcode : 'read' 'write' 'readreq' 'writereq' 'writeresp'>
ST_2 : Operation 28 [1/1] (0.42ns)   --->   "%ret_ln0 = ret"   --->   Operation 28 'ret' 'ret_ln0' <Predicate = (icmp_ln43)> <Delay = 0.42>

State 3 <SV = 2> <Delay = 0.78>
ST_3 : Operation 21 [1/1] (0.00ns)   --->   "%zext_ln43 = zext i4 %n_1" [bnn_top.cpp:43]   --->   Operation 21 'zext' 'zext_ln43' <Predicate = true> <Delay = 0.00>
ST_3 : Operation 22 [1/1] (0.00ns)   --->   "%specpipeline_ln45 = specpipeline void @_ssdm_op_SpecPipeline, i32 1, i32 0, i32 0, i32 0, void @empty_22" [bnn_top.cpp:45]   --->   Operation 22 'specpipeline' 'specpipeline_ln45' <Predicate = true> <Delay = 0.00>
ST_3 : Operation 23 [1/1] (0.00ns)   --->   "%speclooptripcount_ln43 = speclooptripcount void @_ssdm_op_SpecLoopTripCount, i64 10, i64 10, i64 10" [bnn_top.cpp:43]   --->   Operation 23 'speclooptripcount' 'speclooptripcount_ln43' <Predicate = true> <Delay = 0.00>
ST_3 : Operation 24 [1/1] (0.00ns)   --->   "%specloopname_ln43 = specloopname void @_ssdm_op_SpecLoopName, void @empty_10" [bnn_top.cpp:43]   --->   Operation 24 'specloopname' 'specloopname_ln43' <Predicate = true> <Delay = 0.00>
ST_3 : Operation 25 [1/1] (0.00ns)   --->   "%local_l3_weights_addr = getelementptr i256 %local_l3_weights, i64 0, i64 %zext_ln43" [bnn_top.cpp:46]   --->   Operation 25 'getelementptr' 'local_l3_weights_addr' <Predicate = true> <Delay = 0.00>
ST_3 : Operation 26 [1/1] (0.78ns)   --->   "%store_ln46 = store i256 %gmem2_addr_read, i4 %local_l3_weights_addr" [bnn_top.cpp:46]   --->   Operation 26 'store' 'store_ln46' <Predicate = true> <Delay = 0.78> <CoreInst = "RAM_1P_LUTRAM">   --->   Core 88 'RAM_1P_LUTRAM' <Latency = 1> <II = 1> <Delay = 0.78> <Storage> <Opcode : 'load' 'store'> <Ports = 1> <Width = 256> <Depth = 10> <RAM>
ST_3 : Operation 27 [1/1] (0.00ns)   --->   "%br_ln43 = br void %for.inc26" [bnn_top.cpp:43]   --->   Operation 27 'br' 'br_ln43' <Predicate = true> <Delay = 0.00>


============================================================
+ Verbose Summary: Binding
============================================================
STG Binding: 
---------------- STG Properties BEGIN ----------------
- Is combinational: 0
- Is one-state seq: 0
- Is datapath-only: 0
- Is pipelined: 0
- Is top level: 0
Port [ Return ] is wired: 1; IO mode=ap_ctrl_hs:ce=0
Port [ gmem2]:  wired=1; compound=1; hidden=0; nouse=0; global=0; static=0; extern=0; dir=0; type=4; pingpong=0; private_global=0; IO mode=m_axi:ce=0
Port [ sext_ln43]:  wired=1; compound=0; hidden=0; nouse=0; global=0; static=0; extern=0; dir=0; type=0; pingpong=0; private_global=0; IO mode=ap_none:ce=0
Port [ local_l3_weights]:  wired=1; compound=1; hidden=0; nouse=0; global=1; static=1; extern=0; dir=1; type=1; pingpong=0; private_global=0; MemPort=[0]; IO mode=ap_memory:ce=0
---------------- STG Properties END ------------------

---------------- Datapath Model BEGIN ----------------

<LifeTime>
<method=bitvector/>
n                      (alloca           ) [ 0100]
sext_ln43_read         (read             ) [ 0000]
sext_ln43_cast         (sext             ) [ 0110]
specmemcore_ln0        (specmemcore      ) [ 0000]
specinterface_ln0      (specinterface    ) [ 0000]
store_ln43             (store            ) [ 0000]
br_ln0                 (br               ) [ 0000]
n_1                    (load             ) [ 0111]
specbitsmap_ln0        (specbitsmap      ) [ 0000]
icmp_ln43              (icmp             ) [ 0110]
add_ln43               (add              ) [ 0000]
br_ln43                (br               ) [ 0000]
store_ln43             (store            ) [ 0000]
gmem2_addr             (getelementptr    ) [ 0000]
gmem2_addr_read        (read             ) [ 0101]
zext_ln43              (zext             ) [ 0000]
specpipeline_ln45      (specpipeline     ) [ 0000]
speclooptripcount_ln43 (speclooptripcount) [ 0000]
specloopname_ln43      (specloopname     ) [ 0000]
local_l3_weights_addr  (getelementptr    ) [ 0000]
store_ln46             (store            ) [ 0000]
br_ln43                (br               ) [ 0000]
ret_ln0                (ret              ) [ 0000]
</LifeTime>

<model>

<comp_list>
<comp id="0" class="1000" name="gmem2">
<pin_list>
<pin id="1" dir="1" index="0" bw="1" slack="0"/>
</pin_list>
<bind>
<StgValue><ssdm name="gmem2"/></StgValue>
</bind>
</comp>

<comp id="2" class="1000" name="sext_ln43">
<pin_list>
<pin id="3" dir="1" index="0" bw="1" slack="0"/>
</pin_list>
<bind>
<StgValue><ssdm name="sext_ln43"/></StgValue>
</bind>
</comp>

<comp id="4" class="1000" name="local_l3_weights">
<pin_list>
<pin id="5" dir="1" index="0" bw="1" slack="0"/>
</pin_list>
<bind>
<StgValue><ssdm name="local_l3_weights"/><MemPortTyVec>0 </MemPortTyVec>
</StgValue>
</bind>
</comp>

<comp id="6" class="1001" name="const_6">
<pin_list>
<pin id="7" dir="1" index="0" bw="1" slack="0"/>
</pin_list>
<bind>
<StgValue><ssdm name=""/></StgValue>
</bind>
</comp>

<comp id="8" class="1001" name="const_8">
<pin_list>
<pin id="9" dir="1" index="0" bw="1" slack="0"/>
</pin_list>
<bind>
<StgValue><ssdm name="_ssdm_op_Read.ap_auto.i59"/></StgValue>
</bind>
</comp>

<comp id="10" class="1001" name="const_10">
<pin_list>
<pin id="11" dir="1" index="0" bw="1" slack="2147483647"/>
</pin_list>
<bind>
<StgValue><ssdm name="_ssdm_op_SpecMemCore"/></StgValue>
</bind>
</comp>

<comp id="12" class="1001" name="const_12">
<pin_list>
<pin id="13" dir="1" index="0" bw="1" slack="2147483647"/>
</pin_list>
<bind>
<StgValue><ssdm name=""/></StgValue>
</bind>
</comp>

<comp id="14" class="1001" name="const_14">
<pin_list>
<pin id="15" dir="1" index="0" bw="1" slack="2147483647"/>
</pin_list>
<bind>
<StgValue><ssdm name=""/></StgValue>
</bind>
</comp>

<comp id="16" class="1001" name="const_16">
<pin_list>
<pin id="17" dir="1" index="0" bw="1" slack="2147483647"/>
</pin_list>
<bind>
<StgValue><ssdm name=""/></StgValue>
</bind>
</comp>

<comp id="18" class="1001" name="const_18">
<pin_list>
<pin id="19" dir="1" index="0" bw="1" slack="2147483647"/>
</pin_list>
<bind>
<StgValue><ssdm name="_ssdm_op_SpecInterface"/></StgValue>
</bind>
</comp>

<comp id="20" class="1001" name="const_20">
<pin_list>
<pin id="21" dir="1" index="0" bw="1" slack="2147483647"/>
</pin_list>
<bind>
<StgValue><ssdm name="empty_21"/></StgValue>
</bind>
</comp>

<comp id="22" class="1001" name="const_22">
<pin_list>
<pin id="23" dir="1" index="0" bw="1" slack="2147483647"/>
</pin_list>
<bind>
<StgValue><ssdm name=""/></StgValue>
</bind>
</comp>

<comp id="24" class="1001" name="const_24">
<pin_list>
<pin id="25" dir="1" index="0" bw="1" slack="2147483647"/>
</pin_list>
<bind>
<StgValue><ssdm name="empty_22"/></StgValue>
</bind>
</comp>

<comp id="26" class="1001" name="const_26">
<pin_list>
<pin id="27" dir="1" index="0" bw="1" slack="2147483647"/>
</pin_list>
<bind>
<StgValue><ssdm name=""/></StgValue>
</bind>
</comp>

<comp id="28" class="1001" name="const_28">
<pin_list>
<pin id="29" dir="1" index="0" bw="1" slack="2147483647"/>
</pin_list>
<bind>
<StgValue><ssdm name="empty_2"/></StgValue>
</bind>
</comp>

<comp id="30" class="1001" name="const_30">
<pin_list>
<pin id="31" dir="1" index="0" bw="1" slack="2147483647"/>
</pin_list>
<bind>
<StgValue><ssdm name="empty_0"/></StgValue>
</bind>
</comp>

<comp id="32" class="1001" name="const_32">
<pin_list>
<pin id="33" dir="1" index="0" bw="1" slack="2147483647"/>
</pin_list>
<bind>
<StgValue><ssdm name=""/></StgValue>
</bind>
</comp>

<comp id="34" class="1001" name="const_34">
<pin_list>
<pin id="35" dir="1" index="0" bw="1" slack="2147483647"/>
</pin_list>
<bind>
<StgValue><ssdm name=""/></StgValue>
</bind>
</comp>

<comp id="36" class="1001" name="const_36">
<pin_list>
<pin id="37" dir="1" index="0" bw="1" slack="0"/>
</pin_list>
<bind>
<StgValue><ssdm name=""/></StgValue>
</bind>
</comp>

<comp id="38" class="1001" name="const_38">
<pin_list>
<pin id="39" dir="1" index="0" bw="1" slack="2147483647"/>
</pin_list>
<bind>
<StgValue><ssdm name="_ssdm_op_SpecBitsMap"/></StgValue>
</bind>
</comp>

<comp id="40" class="1001" name="const_40">
<pin_list>
<pin id="41" dir="1" index="0" bw="1" slack="0"/>
</pin_list>
<bind>
<StgValue><ssdm name=""/></StgValue>
</bind>
</comp>

<comp id="42" class="1001" name="const_42">
<pin_list>
<pin id="43" dir="1" index="0" bw="1" slack="0"/>
</pin_list>
<bind>
<StgValue><ssdm name=""/></StgValue>
</bind>
</comp>

<comp id="44" class="1001" name="const_44">
<pin_list>
<pin id="45" dir="1" index="0" bw="1" slack="0"/>
</pin_list>
<bind>
<StgValue><ssdm name="_ssdm_op_Read.m_axi.p1i256"/></StgValue>
</bind>
</comp>

<comp id="46" class="1001" name="const_46">
<pin_list>
<pin id="47" dir="1" index="0" bw="1" slack="2147483647"/>
</pin_list>
<bind>
<StgValue><ssdm name="_ssdm_op_SpecPipeline"/></StgValue>
</bind>
</comp>

<comp id="48" class="1001" name="const_48">
<pin_list>
<pin id="49" dir="1" index="0" bw="1" slack="2147483647"/>
</pin_list>
<bind>
<StgValue><ssdm name="_ssdm_op_SpecLoopTripCount"/></StgValue>
</bind>
</comp>

<comp id="50" class="1001" name="const_50">
<pin_list>
<pin id="51" dir="1" index="0" bw="1" slack="2147483647"/>
</pin_list>
<bind>
<StgValue><ssdm name=""/></StgValue>
</bind>
</comp>

<comp id="52" class="1001" name="const_52">
<pin_list>
<pin id="53" dir="1" index="0" bw="1" slack="2147483647"/>
</pin_list>
<bind>
<StgValue><ssdm name="_ssdm_op_SpecLoopName"/></StgValue>
</bind>
</comp>

<comp id="54" class="1001" name="const_54">
<pin_list>
<pin id="55" dir="1" index="0" bw="1" slack="2147483647"/>
</pin_list>
<bind>
<StgValue><ssdm name="empty_10"/></StgValue>
</bind>
</comp>

<comp id="56" class="1001" name="const_56">
<pin_list>
<pin id="57" dir="1" index="0" bw="1" slack="0"/>
</pin_list>
<bind>
<StgValue><ssdm name=""/></StgValue>
</bind>
</comp>

<comp id="58" class="1004" name="n_fu_58">
<pin_list>
<pin id="59" dir="0" index="0" bw="1" slack="0"/>
<pin id="60" dir="1" index="1" bw="4" slack="0"/>
</pin_list>
<bind>
<opcode="alloca(26) " fcode="alloca"/>
<opset="n/1 "/>
</bind>
</comp>

<comp id="62" class="1004" name="sext_ln43_read_read_fu_62">
<pin_list>
<pin id="63" dir="0" index="0" bw="59" slack="0"/>
<pin id="64" dir="0" index="1" bw="59" slack="0"/>
<pin id="65" dir="1" index="2" bw="59" slack="0"/>
</pin_list>
<bind>
<opcode="read(1150) " fcode="read"/>
<opset="sext_ln43_read/1 "/>
</bind>
</comp>

<comp id="68" class="1004" name="gmem2_addr_read_read_fu_68">
<pin_list>
<pin id="69" dir="0" index="0" bw="256" slack="0"/>
<pin id="70" dir="0" index="1" bw="256" slack="0"/>
<pin id="71" dir="1" index="2" bw="256" slack="1"/>
</pin_list>
<bind>
<opcode="read(1150) " fcode="read"/>
<opset="gmem2_addr_read/2 "/>
</bind>
</comp>

<comp id="73" class="1004" name="local_l3_weights_addr_gep_fu_73">
<pin_list>
<pin id="74" dir="0" index="0" bw="256" slack="0"/>
<pin id="75" dir="0" index="1" bw="1" slack="0"/>
<pin id="76" dir="0" index="2" bw="4" slack="0"/>
<pin id="77" dir="1" index="3" bw="4" slack="0"/>
</pin_list>
<bind>
<opcode="getelementptr(29) " fcode="getelementptr"/>
<opset="local_l3_weights_addr/3 "/>
</bind>
</comp>

<comp id="80" class="1004" name="store_ln46_access_fu_80">
<pin_list>
<pin id="81" dir="0" index="0" bw="4" slack="0"/>
<pin id="82" dir="0" index="1" bw="256" slack="1"/>
<pin id="83" dir="0" index="2" bw="0" slack="2147483647"/>
<pin id="84" dir="1" index="3" bw="256" slack="2147483647"/>
</pin_list>
<bind>
<opcode="store(28) " fcode="store"/>
<opset="store_ln46/3 "/>
</bind>
</comp>

<comp id="86" class="1004" name="sext_ln43_cast_fu_86">
<pin_list>
<pin id="87" dir="0" index="0" bw="59" slack="0"/>
<pin id="88" dir="1" index="1" bw="64" slack="1"/>
</pin_list>
<bind>
<opcode="sext(35) " fcode="sext"/>
<opset="sext_ln43_cast/1 "/>
</bind>
</comp>

<comp id="90" class="1004" name="store_ln43_store_fu_90">
<pin_list>
<pin id="91" dir="0" index="0" bw="1" slack="0"/>
<pin id="92" dir="0" index="1" bw="4" slack="0"/>
<pin id="93" dir="1" index="2" bw="0" slack="2147483647"/>
</pin_list>
<bind>
<opcode="store(28) " fcode="store"/>
<opset="store_ln43/1 "/>
</bind>
</comp>

<comp id="95" class="1004" name="n_1_load_fu_95">
<pin_list>
<pin id="96" dir="0" index="0" bw="4" slack="0"/>
<pin id="97" dir="1" index="1" bw="4" slack="0"/>
</pin_list>
<bind>
<opcode="load(27) " fcode="load"/>
<opset="n_1/1 "/>
</bind>
</comp>

<comp id="98" class="1004" name="icmp_ln43_fu_98">
<pin_list>
<pin id="99" dir="0" index="0" bw="4" slack="0"/>
<pin id="100" dir="0" index="1" bw="4" slack="0"/>
<pin id="101" dir="1" index="2" bw="1" slack="1"/>
</pin_list>
<bind>
<opcode="icmp(45) " fcode="icmp"/>
<opset="icmp_ln43/1 "/>
</bind>
</comp>

<comp id="104" class="1004" name="add_ln43_fu_104">
<pin_list>
<pin id="105" dir="0" index="0" bw="4" slack="0"/>
<pin id="106" dir="0" index="1" bw="1" slack="0"/>
<pin id="107" dir="1" index="2" bw="4" slack="0"/>
</pin_list>
<bind>
<opcode="add(8) " fcode="add"/>
<opset="add_ln43/1 "/>
</bind>
</comp>

<comp id="110" class="1004" name="store_ln43_store_fu_110">
<pin_list>
<pin id="111" dir="0" index="0" bw="4" slack="0"/>
<pin id="112" dir="0" index="1" bw="4" slack="0"/>
<pin id="113" dir="1" index="2" bw="0" slack="2147483647"/>
</pin_list>
<bind>
<opcode="store(28) " fcode="store"/>
<opset="store_ln43/1 "/>
</bind>
</comp>

<comp id="115" class="1004" name="gmem2_addr_fu_115">
<pin_list>
<pin id="116" dir="0" index="0" bw="64" slack="0"/>
<pin id="117" dir="0" index="1" bw="64" slack="1"/>
<pin id="118" dir="1" index="2" bw="64" slack="0"/>
</pin_list>
<bind>
<opcode="getelementptr(29) " fcode="getelementptr"/>
<opset="gmem2_addr/2 "/>
</bind>
</comp>

<comp id="121" class="1004" name="zext_ln43_fu_121">
<pin_list>
<pin id="122" dir="0" index="0" bw="4" slack="2"/>
<pin id="123" dir="1" index="1" bw="64" slack="0"/>
</pin_list>
<bind>
<opcode="zext(34) " fcode="zext"/>
<opset="zext_ln43/3 "/>
</bind>
</comp>

<comp id="125" class="1005" name="n_reg_125">
<pin_list>
<pin id="126" dir="0" index="0" bw="4" slack="0"/>
<pin id="127" dir="1" index="1" bw="4" slack="0"/>
</pin_list>
<bind>
<opset="n "/>
</bind>
</comp>

<comp id="132" class="1005" name="sext_ln43_cast_reg_132">
<pin_list>
<pin id="133" dir="0" index="0" bw="64" slack="1"/>
<pin id="134" dir="1" index="1" bw="64" slack="1"/>
</pin_list>
<bind>
<opset="sext_ln43_cast "/>
</bind>
</comp>

<comp id="137" class="1005" name="n_1_reg_137">
<pin_list>
<pin id="138" dir="0" index="0" bw="4" slack="2"/>
<pin id="139" dir="1" index="1" bw="4" slack="2"/>
</pin_list>
<bind>
<opset="n_1 "/>
</bind>
</comp>

<comp id="142" class="1005" name="icmp_ln43_reg_142">
<pin_list>
<pin id="143" dir="0" index="0" bw="1" slack="1"/>
<pin id="144" dir="1" index="1" bw="1" slack="2147483647"/>
</pin_list>
<bind>
<opset="icmp_ln43 "/>
</bind>
</comp>

<comp id="146" class="1005" name="gmem2_addr_read_reg_146">
<pin_list>
<pin id="147" dir="0" index="0" bw="256" slack="1"/>
<pin id="148" dir="1" index="1" bw="256" slack="1"/>
</pin_list>
<bind>
<opset="gmem2_addr_read "/>
</bind>
</comp>

</comp_list>

<net_list>
<net id="61"><net_src comp="6" pin="0"/><net_sink comp="58" pin=0"/></net>

<net id="66"><net_src comp="8" pin="0"/><net_sink comp="62" pin=0"/></net>

<net id="67"><net_src comp="2" pin="0"/><net_sink comp="62" pin=1"/></net>

<net id="72"><net_src comp="44" pin="0"/><net_sink comp="68" pin=0"/></net>

<net id="78"><net_src comp="4" pin="0"/><net_sink comp="73" pin=0"/></net>

<net id="79"><net_src comp="56" pin="0"/><net_sink comp="73" pin=1"/></net>

<net id="85"><net_src comp="73" pin="3"/><net_sink comp="80" pin=0"/></net>

<net id="89"><net_src comp="62" pin="2"/><net_sink comp="86" pin=0"/></net>

<net id="94"><net_src comp="36" pin="0"/><net_sink comp="90" pin=0"/></net>

<net id="102"><net_src comp="95" pin="1"/><net_sink comp="98" pin=0"/></net>

<net id="103"><net_src comp="40" pin="0"/><net_sink comp="98" pin=1"/></net>

<net id="108"><net_src comp="95" pin="1"/><net_sink comp="104" pin=0"/></net>

<net id="109"><net_src comp="42" pin="0"/><net_sink comp="104" pin=1"/></net>

<net id="114"><net_src comp="104" pin="2"/><net_sink comp="110" pin=0"/></net>

<net id="119"><net_src comp="0" pin="0"/><net_sink comp="115" pin=0"/></net>

<net id="120"><net_src comp="115" pin="2"/><net_sink comp="68" pin=1"/></net>

<net id="124"><net_src comp="121" pin="1"/><net_sink comp="73" pin=2"/></net>

<net id="128"><net_src comp="58" pin="1"/><net_sink comp="125" pin=0"/></net>

<net id="129"><net_src comp="125" pin="1"/><net_sink comp="90" pin=1"/></net>

<net id="130"><net_src comp="125" pin="1"/><net_sink comp="95" pin=0"/></net>

<net id="131"><net_src comp="125" pin="1"/><net_sink comp="110" pin=1"/></net>

<net id="135"><net_src comp="86" pin="1"/><net_sink comp="132" pin=0"/></net>

<net id="136"><net_src comp="132" pin="1"/><net_sink comp="115" pin=1"/></net>

<net id="140"><net_src comp="95" pin="1"/><net_sink comp="137" pin=0"/></net>

<net id="141"><net_src comp="137" pin="1"/><net_sink comp="121" pin=0"/></net>

<net id="145"><net_src comp="98" pin="2"/><net_sink comp="142" pin=0"/></net>

<net id="149"><net_src comp="68" pin="2"/><net_sink comp="146" pin=0"/></net>

<net id="150"><net_src comp="146" pin="1"/><net_sink comp="80" pin=1"/></net>

</net_list>

</model> 
---------------- Datapath Model END ------------------

* FSMD analyzer results:
  - Output states:
	Port: gmem2 | {}
	Port: local_l3_weights | {3 }
 - Input state : 
	Port: bnn_top_Pipeline_L3_LOAD : gmem2 | {2 }
	Port: bnn_top_Pipeline_L3_LOAD : sext_ln43 | {1 }
	Port: bnn_top_Pipeline_L3_LOAD : local_l3_weights | {}
  - Chain level:
	State 1
		store_ln43 : 1
		n_1 : 1
		icmp_ln43 : 2
		add_ln43 : 2
		br_ln43 : 3
		store_ln43 : 3
	State 2
		gmem2_addr_read : 1
	State 3
		local_l3_weights_addr : 1
		store_ln46 : 2


============================================================
+ Verbose Summary: Datapath Resource usage 
============================================================

* Functional unit list:
|----------|----------------------------|---------|---------|
| Operation|       Functional Unit      |    FF   |   LUT   |
|----------|----------------------------|---------|---------|
|   icmp   |       icmp_ln43_fu_98      |    0    |    12   |
|----------|----------------------------|---------|---------|
|    add   |       add_ln43_fu_104      |    0    |    12   |
|----------|----------------------------|---------|---------|
|   read   |  sext_ln43_read_read_fu_62 |    0    |    0    |
|          | gmem2_addr_read_read_fu_68 |    0    |    0    |
|----------|----------------------------|---------|---------|
|   sext   |    sext_ln43_cast_fu_86    |    0    |    0    |
|----------|----------------------------|---------|---------|
|   zext   |      zext_ln43_fu_121      |    0    |    0    |
|----------|----------------------------|---------|---------|
|   Total  |                            |    0    |    24   |
|----------|----------------------------|---------|---------|

Memories:
N/A

* Register list:
+-----------------------+--------+
|                       |   FF   |
+-----------------------+--------+
|gmem2_addr_read_reg_146|   256  |
|   icmp_ln43_reg_142   |    1   |
|      n_1_reg_137      |    4   |
|       n_reg_125       |    4   |
| sext_ln43_cast_reg_132|   64   |
+-----------------------+--------+
|         Total         |   329  |
+-----------------------+--------+

* Multiplexer (MUX) list: 
|--------|------|------|------|--------|
|  Comp  |  Pin | Size |  BW  | S x BW |
|--------|------|------|------|--------|
|  Total |      |      |      |    0   |
|--------|------|------|------|--------|



* Summary:
+-----------+--------+--------+
|           |   FF   |   LUT  |
+-----------+--------+--------+
|  Function |    0   |   24   |
|   Memory  |    -   |    -   |
|Multiplexer|    -   |    -   |
|  Register |   329  |    -   |
+-----------+--------+--------+
|   Total   |   329  |   24   |
+-----------+--------+--------+
