Copyright 1986-2022 Xilinx, Inc. All Rights Reserved. Copyright 2022-2024 Advanced Micro Devices, Inc. All Rights Reserved.
---------------------------------------------------------------------------------------------------------------------------------------------
| Tool Version : Vivado v.2024.1 (win64) Build 5076996 Wed May 22 18:37:14 MDT 2024
| Date         : Thu Mar 26 19:09:11 2026
| Host         : icarus running 64-bit major release  (build 9200)
| Command      : report_utilization -file bnn_top_wrapper_utilization_placed.rpt -pb bnn_top_wrapper_utilization_placed.pb
| Design       : bnn_top_wrapper
| Device       : xczu3eg-sfvc784-2-e
| Speed File   : -2
| Design State : Fully Placed
---------------------------------------------------------------------------------------------------------------------------------------------

Utilization Design Information

Table of Contents
-----------------
1. CLB Logic
1.1 Summary of Registers by Type
2. CLB Logic Distribution
3. BLOCKRAM
4. ARITHMETIC
5. I/O
6. CLOCK
7. ADVANCED
8. CONFIGURATION
9. Primitives
10. Black Boxes
11. Instantiated Netlists

1. CLB Logic
------------

+----------------------------+-------+-------+------------+-----------+-------+
|          Site Type         |  Used | Fixed | Prohibited | Available | Util% |
+----------------------------+-------+-------+------------+-----------+-------+
| CLB LUTs                   | 16487 |     0 |          0 |     70560 | 23.37 |
|   LUT as Logic             | 15943 |     0 |          0 |     70560 | 22.59 |
|   LUT as Memory            |   544 |     0 |          0 |     28800 |  1.89 |
|     LUT as Distributed RAM |   236 |     0 |            |           |       |
|     LUT as Shift Register  |   308 |     0 |            |           |       |
| CLB Registers              | 19798 |     0 |          0 |    141120 | 14.03 |
|   Register as Flip Flop    | 19798 |     0 |          0 |    141120 | 14.03 |
|   Register as Latch        |     0 |     0 |          0 |    141120 |  0.00 |
| CARRY8                     |   191 |     0 |          0 |      8820 |  2.17 |
| F7 Muxes                   |     7 |     0 |          0 |     35280 |  0.02 |
| F8 Muxes                   |     0 |     0 |          0 |     17640 |  0.00 |
| F9 Muxes                   |     0 |     0 |          0 |      8820 |  0.00 |
+----------------------------+-------+-------+------------+-----------+-------+
* Warning! LUT value is adjusted to account for LUT combining.


1.1 Summary of Registers by Type
--------------------------------

+-------+--------------+-------------+--------------+
| Total | Clock Enable | Synchronous | Asynchronous |
+-------+--------------+-------------+--------------+
| 0     |            _ |           - |            - |
| 0     |            _ |           - |          Set |
| 0     |            _ |           - |        Reset |
| 0     |            _ |         Set |            - |
| 0     |            _ |       Reset |            - |
| 0     |          Yes |           - |            - |
| 66    |          Yes |           - |          Set |
| 138   |          Yes |           - |        Reset |
| 213   |          Yes |         Set |            - |
| 19381 |          Yes |       Reset |            - |
+-------+--------------+-------------+--------------+


2. CLB Logic Distribution
-------------------------

+--------------------------------------------+-------+-------+------------+-----------+-------+
|                  Site Type                 |  Used | Fixed | Prohibited | Available | Util% |
+--------------------------------------------+-------+-------+------------+-----------+-------+
| CLB                                        |  3286 |     0 |          0 |      8820 | 37.26 |
|   CLBL                                     |  2105 |     0 |            |           |       |
|   CLBM                                     |  1181 |     0 |            |           |       |
| LUT as Logic                               | 15943 |     0 |          0 |     70560 | 22.59 |
|   using O5 output only                     |   241 |       |            |           |       |
|   using O6 output only                     | 11536 |       |            |           |       |
|   using O5 and O6                          |  4166 |       |            |           |       |
| LUT as Memory                              |   544 |     0 |          0 |     28800 |  1.89 |
|   LUT as Distributed RAM                   |   236 |     0 |            |           |       |
|     using O5 output only                   |     0 |       |            |           |       |
|     using O6 output only                   |     0 |       |            |           |       |
|     using O5 and O6                        |   236 |       |            |           |       |
|   LUT as Shift Register                    |   308 |     0 |            |           |       |
|     using O5 output only                   |     0 |       |            |           |       |
|     using O6 output only                   |   149 |       |            |           |       |
|     using O5 and O6                        |   159 |       |            |           |       |
| CLB Registers                              | 19798 |     0 |          0 |    141120 | 14.03 |
|   Register driven from within the CLB      | 12006 |       |            |           |       |
|   Register driven from outside the CLB     |  7792 |       |            |           |       |
|     LUT in front of the register is unused |  4528 |       |            |           |       |
|     LUT in front of the register is used   |  3264 |       |            |           |       |
| Unique Control Sets                        |   722 |       |          0 |     17640 |  4.09 |
+--------------------------------------------+-------+-------+------------+-----------+-------+
* * Note: Available Control Sets calculated as Slices * 2, Review the Control Sets Report for more information regarding control sets.


3. BLOCKRAM
-----------

+-------------------+------+-------+------------+-----------+-------+
|     Site Type     | Used | Fixed | Prohibited | Available | Util% |
+-------------------+------+-------+------------+-----------+-------+
| Block RAM Tile    |   84 |     0 |          0 |       216 | 38.89 |
|   RAMB36/FIFO*    |   81 |     0 |          0 |       216 | 37.50 |
|     RAMB36E2 only |   81 |       |            |           |       |
|   RAMB18          |    6 |     0 |          0 |       432 |  1.39 |
|     RAMB18E2 only |    6 |       |            |           |       |
+-------------------+------+-------+------------+-----------+-------+
* Note: Each Block RAM Tile only has one FIFO logic available and therefore can accommodate only one FIFO36E2 or one FIFO18E2. However, if a FIFO18E2 occupies a Block RAM Tile, that tile can still accommodate a RAMB18E2


4. ARITHMETIC
-------------

+-----------+------+-------+------------+-----------+-------+
| Site Type | Used | Fixed | Prohibited | Available | Util% |
+-----------+------+-------+------------+-----------+-------+
| DSPs      |    0 |     0 |          0 |       360 |  0.00 |
+-----------+------+-------+------------+-----------+-------+


5. I/O
------

+------------------+------+-------+------------+-----------+-------+
|     Site Type    | Used | Fixed | Prohibited | Available | Util% |
+------------------+------+-------+------------+-----------+-------+
| Bonded IOB       |    0 |     0 |          0 |       252 |  0.00 |
| HPIOB_M          |    0 |     0 |          0 |        72 |  0.00 |
| HPIOB_S          |    0 |     0 |          0 |        72 |  0.00 |
| HDIOB_M          |    0 |     0 |          0 |        48 |  0.00 |
| HDIOB_S          |    0 |     0 |          0 |        48 |  0.00 |
| HPIOB_SNGL       |    0 |     0 |          0 |        12 |  0.00 |
| HPIOBDIFFINBUF   |    0 |     0 |          0 |        72 |  0.00 |
| HPIOBDIFFOUTBUF  |    0 |     0 |          0 |        72 |  0.00 |
| HDIOBDIFFINBUF   |    0 |     0 |          0 |        48 |  0.00 |
| BITSLICE_CONTROL |    0 |     0 |          0 |        24 |  0.00 |
| BITSLICE_RX_TX   |    0 |     0 |          0 |       936 |  0.00 |
| BITSLICE_TX      |    0 |     0 |          0 |        24 |  0.00 |
| RIU_OR           |    0 |     0 |          0 |        12 |  0.00 |
+------------------+------+-------+------------+-----------+-------+


6. CLOCK
--------

+------------+------+-------+------------+-----------+-------+
|  Site Type | Used | Fixed | Prohibited | Available | Util% |
+------------+------+-------+------------+-----------+-------+
| BUFGCE     |    0 |     0 |          0 |        88 |  0.00 |
| BUFGCE_DIV |    0 |     0 |          0 |        12 |  0.00 |
| BUFG_PS    |    1 |     0 |          0 |        72 |  1.39 |
| BUFGCTRL*  |    0 |     0 |          0 |        24 |  0.00 |
| PLL        |    0 |     0 |          0 |         6 |  0.00 |
| MMCM       |    0 |     0 |          0 |         3 |  0.00 |
+------------+------+-------+------------+-----------+-------+
* Note: Each used BUFGCTRL counts as two GLOBAL CLOCK BUFFERs. This table does not include global clocking resources, only buffer cell usage. See the Clock Utilization Report (report_clock_utilization) for detailed accounting of global clocking resource availability.


7. ADVANCED
-----------

+-----------+------+-------+------------+-----------+--------+
| Site Type | Used | Fixed | Prohibited | Available |  Util% |
+-----------+------+-------+------------+-----------+--------+
| PS8       |    1 |     0 |          0 |         1 | 100.00 |
| SYSMONE4  |    0 |     0 |          0 |         1 |   0.00 |
+-----------+------+-------+------------+-----------+--------+


8. CONFIGURATION
----------------

+-------------+------+-------+------------+-----------+-------+
|  Site Type  | Used | Fixed | Prohibited | Available | Util% |
+-------------+------+-------+------------+-----------+-------+
| BSCANE2     |    0 |     0 |          0 |         4 |  0.00 |
| DNA_PORTE2  |    0 |     0 |          0 |         1 |  0.00 |
| EFUSE_USR   |    0 |     0 |          0 |         1 |  0.00 |
| FRAME_ECCE4 |    0 |     0 |          0 |         1 |  0.00 |
| ICAPE3      |    0 |     0 |          0 |         2 |  0.00 |
| MASTER_JTAG |    0 |     0 |          0 |         1 |  0.00 |
| STARTUPE3   |    0 |     0 |          0 |         1 |  0.00 |
+-------------+------+-------+------------+-----------+-------+


9. Primitives
-------------

+----------+-------+---------------------+
| Ref Name |  Used | Functional Category |
+----------+-------+---------------------+
| FDRE     | 19381 |            Register |
| LUT6     |  5821 |                 CLB |
| LUT3     |  4835 |                 CLB |
| LUT4     |  4331 |                 CLB |
| LUT5     |  3856 |                 CLB |
| LUT2     |  1085 |                 CLB |
| SRL16E   |   410 |                 CLB |
| RAMS32   |   286 |                 CLB |
| FDSE     |   213 |            Register |
| CARRY8   |   191 |                 CLB |
| RAMD32   |   186 |                 CLB |
| LUT1     |   181 |                 CLB |
| FDCE     |   138 |            Register |
| RAMB36E2 |    81 |            BLOCKRAM |
| FDPE     |    66 |            Register |
| SRLC32E  |    57 |                 CLB |
| MUXF7    |     7 |                 CLB |
| RAMB18E2 |     6 |            BLOCKRAM |
| PS8      |     1 |            Advanced |
| BUFG_PS  |     1 |               Clock |
+----------+-------+---------------------+


10. Black Boxes
---------------

+----------+------+
| Ref Name | Used |
+----------+------+


11. Instantiated Netlists
-------------------------

+-----------------------------+------+
|           Ref Name          | Used |
+-----------------------------+------+
| bnn_top_zynq_ultra_ps_e_0_0 |    1 |
| bnn_top_xbar_1              |    1 |
| bnn_top_xbar_0              |    1 |
| bnn_top_s04_mmu_0           |    1 |
| bnn_top_s00_mmu_0           |    1 |
| bnn_top_rst_ps7_0_100M_0    |    1 |
| bnn_top_bnn_top_0_0         |    1 |
| bnn_top_axi_dma_0           |    1 |
| bnn_top_auto_us_0           |    1 |
| bnn_top_auto_pc_0           |    1 |
| bnn_top_auto_ds_3           |    1 |
| bnn_top_auto_ds_2           |    1 |
| bnn_top_auto_ds_1           |    1 |
| bnn_top_auto_ds_0           |    1 |
+-----------------------------+------+


