

================================================================
== Synthesis Summary Report of 'bnn_layer1_xnor'
================================================================
+ General Information: 
    * Date:           Tue Mar  3 20:44:29 2026
    * Version:        2024.1 (Build 5069499 on May 21 2024)
    * Project:        bbn_layer1_BRAM
    * Solution:       hls (Vivado IP Flow Target)
    * Product family: zynquplus
    * Target device:  xczu3eg-sfvc784-2-e
    

+ Performance & Resource Estimates: 
    
    PS: '+' for module; 'o' for loop; '*' for dataflow
    +-----------------------------------------+------+------+---------+-----------+----------+---------+------+----------+----------+----+-----------+-------------+-----+
    |                 Modules                 | Issue|      | Latency |  Latency  | Iteration|         | Trip |          |          |    |           |             |     |
    |                 & Loops                 | Type | Slack| (cycles)|    (ns)   |  Latency | Interval| Count| Pipelined|   BRAM   | DSP|     FF    |     LUT     | URAM|
    +-----------------------------------------+------+------+---------+-----------+----------+---------+------+----------+----------+----+-----------+-------------+-----+
    |+ bnn_layer1_xnor                        |     -|  0.00|      270|  1.350e+03|         -|      271|     -|        no|  80 (18%)|   -|  6373 (4%)|  11406 (16%)|    -|
    | + bnn_layer1_xnor_Pipeline_NEURON_LOOP  |     -|  0.00|      261|  1.305e+03|         -|      261|     -|        no|         -|   -|  316 (~0%)|    5743 (8%)|    -|
    |  o NEURON_LOOP                          |     -|  3.65|      259|  1.295e+03|         5|        1|   256|       yes|         -|   -|          -|            -|    -|
    | + bnn_layer1_xnor_Pipeline_LOAD_LOOP    |     -|  0.00|      259|  1.295e+03|         -|      259|     -|        no|         -|   -|  816 (~0%)|     82 (~0%)|    -|
    |  o LOAD_LOOP                            |     -|  3.65|      257|  1.285e+03|         3|        1|   256|       yes|         -|   -|          -|            -|    -|
    +-----------------------------------------+------+------+---------+-----------+----------+---------+------+----------+----------+----+-----------+-------------+-----+


================================================================
== HW Interfaces
================================================================
* M_AXI
+-------------+------------+-------------+---------------+---------+--------+----------+-----------+--------------+--------------+-------------+-------------+-------------------+
| Interface   | Read/Write | Data Width  | Address Width | Latency | Offset | Register | Max Widen | Max Read     | Max Write    | Num Read    | Num Write   | Resource Estimate |
|             |            | (SW->HW)    |               |         |        |          | Bitwidth  | Burst Length | Burst Length | Outstanding | Outstanding |                   |
+-------------+------------+-------------+---------------+---------+--------+----------+-----------+--------------+--------------+-------------+-------------+-------------------+
| m_axi_gmem0 | WRITE_ONLY | 16 -> 16    | 64            | 0       | slave  | 0        | 0         | 16           | 16           | 16          | 16          | BRAM=1            |
| m_axi_gmem1 | READ_ONLY  | 784 -> 1024 | 64            | 0       | slave  | 0        | 0         | 16           | 16           | 16          | 16          | BRAM=57           |
+-------------+------------+-------------+---------------+---------+--------+----------+-----------+--------------+--------------+-------------+-------------+-------------------+

* S_AXILITE Interfaces
+---------------+------------+---------------+--------+----------+
| Interface     | Data Width | Address Width | Offset | Register |
+---------------+------------+---------------+--------+----------+
| s_axi_control | 32         | 8             | 16     | 0        |
+---------------+------------+---------------+--------+----------+

* S_AXILITE Registers
+---------------+--------------+--------+-------+--------+----------------------------------+----------------------------------------------------------------------+
| Interface     | Register     | Offset | Width | Access | Description                      | Bit Fields                                                           |
+---------------+--------------+--------+-------+--------+----------------------------------+----------------------------------------------------------------------+
| s_axi_control | CTRL         | 0x00   | 32    | RW     | Control signals                  | 0=AP_START 1=AP_DONE 2=AP_IDLE 3=AP_READY 7=AUTO_RESTART 9=INTERRUPT |
| s_axi_control | GIER         | 0x04   | 32    | RW     | Global Interrupt Enable Register | 0=Enable                                                             |
| s_axi_control | IP_IER       | 0x08   | 32    | RW     | IP Interrupt Enable Register     | 0=CHAN0_INT_EN 1=CHAN1_INT_EN                                        |
| s_axi_control | IP_ISR       | 0x0c   | 32    | RW     | IP Interrupt Status Register     | 0=CHAN0_INT_ST 1=CHAN1_INT_ST                                        |
| s_axi_control | input_r_1    | 0x10   | 32    | W      | Data signal of input_r           |                                                                      |
| s_axi_control | input_r_2    | 0x14   | 32    | W      | Data signal of input_r           |                                                                      |
| s_axi_control | input_r_3    | 0x18   | 32    | W      | Data signal of input_r           |                                                                      |
| s_axi_control | input_r_4    | 0x1c   | 32    | W      | Data signal of input_r           |                                                                      |
| s_axi_control | input_r_5    | 0x20   | 32    | W      | Data signal of input_r           |                                                                      |
| s_axi_control | input_r_6    | 0x24   | 32    | W      | Data signal of input_r           |                                                                      |
| s_axi_control | input_r_7    | 0x28   | 32    | W      | Data signal of input_r           |                                                                      |
| s_axi_control | input_r_8    | 0x2c   | 32    | W      | Data signal of input_r           |                                                                      |
| s_axi_control | input_r_9    | 0x30   | 32    | W      | Data signal of input_r           |                                                                      |
| s_axi_control | input_r_10   | 0x34   | 32    | W      | Data signal of input_r           |                                                                      |
| s_axi_control | input_r_11   | 0x38   | 32    | W      | Data signal of input_r           |                                                                      |
| s_axi_control | input_r_12   | 0x3c   | 32    | W      | Data signal of input_r           |                                                                      |
| s_axi_control | input_r_13   | 0x40   | 32    | W      | Data signal of input_r           |                                                                      |
| s_axi_control | input_r_14   | 0x44   | 32    | W      | Data signal of input_r           |                                                                      |
| s_axi_control | input_r_15   | 0x48   | 32    | W      | Data signal of input_r           |                                                                      |
| s_axi_control | input_r_16   | 0x4c   | 32    | W      | Data signal of input_r           |                                                                      |
| s_axi_control | input_r_17   | 0x50   | 32    | W      | Data signal of input_r           |                                                                      |
| s_axi_control | input_r_18   | 0x54   | 32    | W      | Data signal of input_r           |                                                                      |
| s_axi_control | input_r_19   | 0x58   | 32    | W      | Data signal of input_r           |                                                                      |
| s_axi_control | input_r_20   | 0x5c   | 32    | W      | Data signal of input_r           |                                                                      |
| s_axi_control | input_r_21   | 0x60   | 32    | W      | Data signal of input_r           |                                                                      |
| s_axi_control | input_r_22   | 0x64   | 32    | W      | Data signal of input_r           |                                                                      |
| s_axi_control | input_r_23   | 0x68   | 32    | W      | Data signal of input_r           |                                                                      |
| s_axi_control | input_r_24   | 0x6c   | 32    | W      | Data signal of input_r           |                                                                      |
| s_axi_control | input_r_25   | 0x70   | 32    | W      | Data signal of input_r           |                                                                      |
| s_axi_control | output_r_1   | 0x78   | 32    | W      | Data signal of output_r          |                                                                      |
| s_axi_control | output_r_2   | 0x7c   | 32    | W      | Data signal of output_r          |                                                                      |
| s_axi_control | weights_1    | 0x84   | 32    | W      | Data signal of weights           |                                                                      |
| s_axi_control | weights_2    | 0x88   | 32    | W      | Data signal of weights           |                                                                      |
| s_axi_control | load_weights | 0x90   | 32    | W      | Data signal of load_weights      |                                                                      |
+---------------+--------------+--------+-------+--------+----------------------------------+----------------------------------------------------------------------+

* TOP LEVEL CONTROL
+-----------+------------+-----------+
| Interface | Type       | Ports     |
+-----------+------------+-----------+
| ap_clk    | clock      | ap_clk    |
| ap_rst_n  | reset      | ap_rst_n  |
| interrupt | interrupt  | interrupt |
| ap_ctrl   | ap_ctrl_hs |           |
+-----------+------------+-----------+


================================================================
== SW I/O Information
================================================================
* Top Function Arguments
+--------------+-----------+---------------+
| Argument     | Direction | Datatype      |
+--------------+-----------+---------------+
| input        | in        | ap_uint<784>  |
| output       | out       | ap_int<16>*   |
| weights      | in        | ap_uint<784>* |
| load_weights | in        | ap_uint<1>    |
+--------------+-----------+---------------+

* SW-to-HW Mapping
+--------------+---------------+-----------+----------+----------------------------------------+
| Argument     | HW Interface  | HW Type   | HW Usage | HW Info                                |
+--------------+---------------+-----------+----------+----------------------------------------+
| input        | s_axi_control | register  |          | name=input_r_1 offset=0x10 range=32    |
| input        | s_axi_control | register  |          | name=input_r_2 offset=0x14 range=32    |
| input        | s_axi_control | register  |          | name=input_r_3 offset=0x18 range=32    |
| input        | s_axi_control | register  |          | name=input_r_4 offset=0x1c range=32    |
| input        | s_axi_control | register  |          | name=input_r_5 offset=0x20 range=32    |
| input        | s_axi_control | register  |          | name=input_r_6 offset=0x24 range=32    |
| input        | s_axi_control | register  |          | name=input_r_7 offset=0x28 range=32    |
| input        | s_axi_control | register  |          | name=input_r_8 offset=0x2c range=32    |
| input        | s_axi_control | register  |          | name=input_r_9 offset=0x30 range=32    |
| input        | s_axi_control | register  |          | name=input_r_10 offset=0x34 range=32   |
| input        | s_axi_control | register  |          | name=input_r_11 offset=0x38 range=32   |
| input        | s_axi_control | register  |          | name=input_r_12 offset=0x3c range=32   |
| input        | s_axi_control | register  |          | name=input_r_13 offset=0x40 range=32   |
| input        | s_axi_control | register  |          | name=input_r_14 offset=0x44 range=32   |
| input        | s_axi_control | register  |          | name=input_r_15 offset=0x48 range=32   |
| input        | s_axi_control | register  |          | name=input_r_16 offset=0x4c range=32   |
| input        | s_axi_control | register  |          | name=input_r_17 offset=0x50 range=32   |
| input        | s_axi_control | register  |          | name=input_r_18 offset=0x54 range=32   |
| input        | s_axi_control | register  |          | name=input_r_19 offset=0x58 range=32   |
| input        | s_axi_control | register  |          | name=input_r_20 offset=0x5c range=32   |
| input        | s_axi_control | register  |          | name=input_r_21 offset=0x60 range=32   |
| input        | s_axi_control | register  |          | name=input_r_22 offset=0x64 range=32   |
| input        | s_axi_control | register  |          | name=input_r_23 offset=0x68 range=32   |
| input        | s_axi_control | register  |          | name=input_r_24 offset=0x6c range=32   |
| input        | s_axi_control | register  |          | name=input_r_25 offset=0x70 range=32   |
| output       | m_axi_gmem0   | interface |          | channel=0                              |
| output       | s_axi_control | register  | offset   | name=output_r_1 offset=0x78 range=32   |
| output       | s_axi_control | register  | offset   | name=output_r_2 offset=0x7c range=32   |
| weights      | m_axi_gmem1   | interface |          | channel=0                              |
| weights      | s_axi_control | register  | offset   | name=weights_1 offset=0x84 range=32    |
| weights      | s_axi_control | register  | offset   | name=weights_2 offset=0x88 range=32    |
| load_weights | s_axi_control | register  |          | name=load_weights offset=0x90 range=32 |
+--------------+---------------+-----------+----------+----------------------------------------+


================================================================
== M_AXI Burst Information
================================================================
 Note: All burst requests might be further partitioned into multiple requests during RTL generation based on max_read_burst_length or max_write_burst_length settings.

* Inferred Burst Summary
+--------------+-----------+--------+-------+-------------+----------------------+
| HW Interface | Direction | Length | Width | Loop        | Loop Location        |
+--------------+-----------+--------+-------+-------------+----------------------+
| m_axi_gmem0  | write     | 256    | 16    | NEURON_LOOP | bnn_layer1.cpp:30:22 |
| m_axi_gmem1  | read      | 256    | 1024  | LOAD_LOOP   | bnn_layer1.cpp:22:20 |
+--------------+-----------+--------+-------+-------------+----------------------+

* All M_AXI Variable Accesses
+--------------+----------+----------------------+-----------+--------------+--------+-------------+----------------------+------------+-------------------------------------------------------------------------------------------------------+
| HW Interface | Variable | Access Location      | Direction | Burst Status | Length | Loop        | Loop Location        | Resolution | Problem                                                                                               |
+--------------+----------+----------------------+-----------+--------------+--------+-------------+----------------------+------------+-------------------------------------------------------------------------------------------------------+
| m_axi_gmem0  | output   | bnn_layer1.cpp:43:23 | write     | Widen Fail   |        | NEURON_LOOP | bnn_layer1.cpp:30:22 | 214-353    | Could not widen since type i16 size is greater than or equal to the max_widen_bitwidth threshold of 0 |
| m_axi_gmem0  | output   | bnn_layer1.cpp:43:23 | write     | Inferred     | 256    | NEURON_LOOP | bnn_layer1.cpp:30:22 |            |                                                                                                       |
| m_axi_gmem1  | weights  | bnn_layer1.cpp:24:19 | read      | Widen Fail   |        |             |                      |            | i784 allocated space contains padding. This is unsupported                                            |
| m_axi_gmem1  | weights  | bnn_layer1.cpp:24:19 | read      | Inferred     | 256    | LOAD_LOOP   | bnn_layer1.cpp:22:20 |            |                                                                                                       |
+--------------+----------+----------------------+-----------+--------------+--------+-------------+----------------------+------------+-------------------------------------------------------------------------------------------------------+

    * Resolution URL: docs.xilinx.com/access/sources/dita/topic?Doc_Version=2024.1%20English&url=ug1448-hls-guidance&resourceid=XXX-YYY.html (replace XXX-YYY with column value)

================================================================
== Bind Op Report
================================================================
+-----------------------------------------+-----+--------+--------------+-------+--------+---------+
| Name                                    | DSP | Pragma | Variable     | Op    | Impl   | Latency |
+-----------------------------------------+-----+--------+--------------+-------+--------+---------+
| + bnn_layer1_xnor                       | 0   |        |              |       |        |         |
|  + bnn_layer1_xnor_Pipeline_NEURON_LOOP | 0   |        |              |       |        |         |
|    icmp_ln30_fu_1683_p2                 |     |        | icmp_ln30    | seteq | auto   | 0       |
|    add_ln30_fu_1689_p2                  |     |        | add_ln30     | add   | fabric | 0       |
|    xor_ln34_fu_1705_p2                  |     |        | xor_ln34     | xor   | auto   | 0       |
|    xnor_result_fu_1710_p2               |     |        | xnor_result  | xor   | auto   | 0       |
|    add_ln43_4_fu_11152_p2               |     |        | add_ln43_4   | add   | fabric | 0       |
|    add_ln43_9_fu_11194_p2               |     |        | add_ln43_9   | add   | fabric | 0       |
|    add_ln43_10_fu_11204_p2              |     |        | add_ln43_10  | add   | fabric | 0       |
|    add_ln43_15_fu_11242_p2              |     |        | add_ln43_15  | add   | fabric | 0       |
|    add_ln43_20_fu_11284_p2              |     |        | add_ln43_20  | add   | fabric | 0       |
|    add_ln43_21_fu_11294_p2              |     |        | add_ln43_21  | add   | fabric | 0       |
|    add_ln43_22_fu_17046_p2              |     |        | add_ln43_22  | add   | fabric | 0       |
|    add_ln43_27_fu_11332_p2              |     |        | add_ln43_27  | add   | fabric | 0       |
|    add_ln43_32_fu_11374_p2              |     |        | add_ln43_32  | add   | fabric | 0       |
|    add_ln43_33_fu_11384_p2              |     |        | add_ln43_33  | add   | fabric | 0       |
|    add_ln43_38_fu_11422_p2              |     |        | add_ln43_38  | add   | fabric | 0       |
|    add_ln43_41_fu_11448_p2              |     |        | add_ln43_41  | add   | fabric | 0       |
|    add_ln43_42_fu_11458_p2              |     |        | add_ln43_42  | add   | fabric | 0       |
|    add_ln43_45_fu_11484_p2              |     |        | add_ln43_45  | add   | fabric | 0       |
|    add_ln43_46_fu_17062_p2              |     |        | add_ln43_46  | add   | fabric | 0       |
|    add_ln43_47_fu_17072_p2              |     |        | add_ln43_47  | add   | fabric | 0       |
|    add_ln43_52_fu_11522_p2              |     |        | add_ln43_52  | add   | fabric | 0       |
|    add_ln43_57_fu_11564_p2              |     |        | add_ln43_57  | add   | fabric | 0       |
|    add_ln43_58_fu_11574_p2              |     |        | add_ln43_58  | add   | fabric | 0       |
|    add_ln43_63_fu_11612_p2              |     |        | add_ln43_63  | add   | fabric | 0       |
|    add_ln43_68_fu_11654_p2              |     |        | add_ln43_68  | add   | fabric | 0       |
|    add_ln43_69_fu_11664_p2              |     |        | add_ln43_69  | add   | fabric | 0       |
|    add_ln43_70_fu_17088_p2              |     |        | add_ln43_70  | add   | fabric | 0       |
|    add_ln43_75_fu_11702_p2              |     |        | add_ln43_75  | add   | fabric | 0       |
|    add_ln43_80_fu_11744_p2              |     |        | add_ln43_80  | add   | fabric | 0       |
|    add_ln43_81_fu_11754_p2              |     |        | add_ln43_81  | add   | fabric | 0       |
|    add_ln43_86_fu_11792_p2              |     |        | add_ln43_86  | add   | fabric | 0       |
|    add_ln43_89_fu_11818_p2              |     |        | add_ln43_89  | add   | fabric | 0       |
|    add_ln43_90_fu_11828_p2              |     |        | add_ln43_90  | add   | fabric | 0       |
|    add_ln43_93_fu_11854_p2              |     |        | add_ln43_93  | add   | fabric | 0       |
|    add_ln43_94_fu_17104_p2              |     |        | add_ln43_94  | add   | fabric | 0       |
|    add_ln43_95_fu_17114_p2              |     |        | add_ln43_95  | add   | fabric | 0       |
|    add_ln43_96_fu_17124_p2              |     |        | add_ln43_96  | add   | fabric | 0       |
|    add_ln43_101_fu_11892_p2             |     |        | add_ln43_101 | add   | fabric | 0       |
|    add_ln43_106_fu_11934_p2             |     |        | add_ln43_106 | add   | fabric | 0       |
|    add_ln43_107_fu_11944_p2             |     |        | add_ln43_107 | add   | fabric | 0       |
|    add_ln43_112_fu_11982_p2             |     |        | add_ln43_112 | add   | fabric | 0       |
|    add_ln43_117_fu_12024_p2             |     |        | add_ln43_117 | add   | fabric | 0       |
|    add_ln43_118_fu_12034_p2             |     |        | add_ln43_118 | add   | fabric | 0       |
|    add_ln43_119_fu_17140_p2             |     |        | add_ln43_119 | add   | fabric | 0       |
|    add_ln43_124_fu_12072_p2             |     |        | add_ln43_124 | add   | fabric | 0       |
|    add_ln43_129_fu_12114_p2             |     |        | add_ln43_129 | add   | fabric | 0       |
|    add_ln43_130_fu_12124_p2             |     |        | add_ln43_130 | add   | fabric | 0       |
|    add_ln43_135_fu_12162_p2             |     |        | add_ln43_135 | add   | fabric | 0       |
|    add_ln43_138_fu_12188_p2             |     |        | add_ln43_138 | add   | fabric | 0       |
|    add_ln43_139_fu_12198_p2             |     |        | add_ln43_139 | add   | fabric | 0       |
|    add_ln43_142_fu_12224_p2             |     |        | add_ln43_142 | add   | fabric | 0       |
|    add_ln43_143_fu_17156_p2             |     |        | add_ln43_143 | add   | fabric | 0       |
|    add_ln43_144_fu_17166_p2             |     |        | add_ln43_144 | add   | fabric | 0       |
|    add_ln43_149_fu_12262_p2             |     |        | add_ln43_149 | add   | fabric | 0       |
|    add_ln43_154_fu_12304_p2             |     |        | add_ln43_154 | add   | fabric | 0       |
|    add_ln43_155_fu_12314_p2             |     |        | add_ln43_155 | add   | fabric | 0       |
|    add_ln43_160_fu_12352_p2             |     |        | add_ln43_160 | add   | fabric | 0       |
|    add_ln43_165_fu_12394_p2             |     |        | add_ln43_165 | add   | fabric | 0       |
|    add_ln43_166_fu_12404_p2             |     |        | add_ln43_166 | add   | fabric | 0       |
|    add_ln43_167_fu_17182_p2             |     |        | add_ln43_167 | add   | fabric | 0       |
|    add_ln43_172_fu_12442_p2             |     |        | add_ln43_172 | add   | fabric | 0       |
|    add_ln43_177_fu_12484_p2             |     |        | add_ln43_177 | add   | fabric | 0       |
|    add_ln43_178_fu_12494_p2             |     |        | add_ln43_178 | add   | fabric | 0       |
|    add_ln43_183_fu_12532_p2             |     |        | add_ln43_183 | add   | fabric | 0       |
|    add_ln43_186_fu_12558_p2             |     |        | add_ln43_186 | add   | fabric | 0       |
|    add_ln43_187_fu_12568_p2             |     |        | add_ln43_187 | add   | fabric | 0       |
|    add_ln43_190_fu_12594_p2             |     |        | add_ln43_190 | add   | fabric | 0       |
|    add_ln43_191_fu_17198_p2             |     |        | add_ln43_191 | add   | fabric | 0       |
|    add_ln43_192_fu_17208_p2             |     |        | add_ln43_192 | add   | fabric | 0       |
|    add_ln43_193_fu_17218_p2             |     |        | add_ln43_193 | add   | fabric | 0       |
|    add_ln43_194_fu_17228_p2             |     |        | add_ln43_194 | add   | fabric | 0       |
|    add_ln43_199_fu_12632_p2             |     |        | add_ln43_199 | add   | fabric | 0       |
|    add_ln43_204_fu_12674_p2             |     |        | add_ln43_204 | add   | fabric | 0       |
|    add_ln43_205_fu_12684_p2             |     |        | add_ln43_205 | add   | fabric | 0       |
|    add_ln43_210_fu_12722_p2             |     |        | add_ln43_210 | add   | fabric | 0       |
|    add_ln43_215_fu_12764_p2             |     |        | add_ln43_215 | add   | fabric | 0       |
|    add_ln43_216_fu_12774_p2             |     |        | add_ln43_216 | add   | fabric | 0       |
|    add_ln43_217_fu_17240_p2             |     |        | add_ln43_217 | add   | fabric | 0       |
|    add_ln43_222_fu_12812_p2             |     |        | add_ln43_222 | add   | fabric | 0       |
|    add_ln43_227_fu_12854_p2             |     |        | add_ln43_227 | add   | fabric | 0       |
|    add_ln43_228_fu_12864_p2             |     |        | add_ln43_228 | add   | fabric | 0       |
|    add_ln43_233_fu_12902_p2             |     |        | add_ln43_233 | add   | fabric | 0       |
|    add_ln43_236_fu_12928_p2             |     |        | add_ln43_236 | add   | fabric | 0       |
|    add_ln43_237_fu_12938_p2             |     |        | add_ln43_237 | add   | fabric | 0       |
|    add_ln43_240_fu_12964_p2             |     |        | add_ln43_240 | add   | fabric | 0       |
|    add_ln43_241_fu_17256_p2             |     |        | add_ln43_241 | add   | fabric | 0       |
|    add_ln43_242_fu_17266_p2             |     |        | add_ln43_242 | add   | fabric | 0       |
|    add_ln43_247_fu_13002_p2             |     |        | add_ln43_247 | add   | fabric | 0       |
|    add_ln43_252_fu_13044_p2             |     |        | add_ln43_252 | add   | fabric | 0       |
|    add_ln43_253_fu_13054_p2             |     |        | add_ln43_253 | add   | fabric | 0       |
|    add_ln43_258_fu_13092_p2             |     |        | add_ln43_258 | add   | fabric | 0       |
|    add_ln43_263_fu_13134_p2             |     |        | add_ln43_263 | add   | fabric | 0       |
|    add_ln43_264_fu_13144_p2             |     |        | add_ln43_264 | add   | fabric | 0       |
|    add_ln43_265_fu_17282_p2             |     |        | add_ln43_265 | add   | fabric | 0       |
|    add_ln43_270_fu_13182_p2             |     |        | add_ln43_270 | add   | fabric | 0       |
|    add_ln43_275_fu_13224_p2             |     |        | add_ln43_275 | add   | fabric | 0       |
|    add_ln43_276_fu_13234_p2             |     |        | add_ln43_276 | add   | fabric | 0       |
|    add_ln43_281_fu_13272_p2             |     |        | add_ln43_281 | add   | fabric | 0       |
|    add_ln43_284_fu_13298_p2             |     |        | add_ln43_284 | add   | fabric | 0       |
|    add_ln43_285_fu_13308_p2             |     |        | add_ln43_285 | add   | fabric | 0       |
|    add_ln43_288_fu_13334_p2             |     |        | add_ln43_288 | add   | fabric | 0       |
|    add_ln43_289_fu_17298_p2             |     |        | add_ln43_289 | add   | fabric | 0       |
|    add_ln43_290_fu_17308_p2             |     |        | add_ln43_290 | add   | fabric | 0       |
|    add_ln43_291_fu_17318_p2             |     |        | add_ln43_291 | add   | fabric | 0       |
|    add_ln43_296_fu_13372_p2             |     |        | add_ln43_296 | add   | fabric | 0       |
|    add_ln43_301_fu_13414_p2             |     |        | add_ln43_301 | add   | fabric | 0       |
|    add_ln43_302_fu_13424_p2             |     |        | add_ln43_302 | add   | fabric | 0       |
|    add_ln43_307_fu_13462_p2             |     |        | add_ln43_307 | add   | fabric | 0       |
|    add_ln43_312_fu_13504_p2             |     |        | add_ln43_312 | add   | fabric | 0       |
|    add_ln43_313_fu_13514_p2             |     |        | add_ln43_313 | add   | fabric | 0       |
|    add_ln43_314_fu_17334_p2             |     |        | add_ln43_314 | add   | fabric | 0       |
|    add_ln43_319_fu_13552_p2             |     |        | add_ln43_319 | add   | fabric | 0       |
|    add_ln43_324_fu_13594_p2             |     |        | add_ln43_324 | add   | fabric | 0       |
|    add_ln43_325_fu_13604_p2             |     |        | add_ln43_325 | add   | fabric | 0       |
|    add_ln43_330_fu_13642_p2             |     |        | add_ln43_330 | add   | fabric | 0       |
|    add_ln43_333_fu_13668_p2             |     |        | add_ln43_333 | add   | fabric | 0       |
|    add_ln43_334_fu_13678_p2             |     |        | add_ln43_334 | add   | fabric | 0       |
|    add_ln43_337_fu_13704_p2             |     |        | add_ln43_337 | add   | fabric | 0       |
|    add_ln43_338_fu_17350_p2             |     |        | add_ln43_338 | add   | fabric | 0       |
|    add_ln43_339_fu_17360_p2             |     |        | add_ln43_339 | add   | fabric | 0       |
|    add_ln43_344_fu_13742_p2             |     |        | add_ln43_344 | add   | fabric | 0       |
|    add_ln43_349_fu_13784_p2             |     |        | add_ln43_349 | add   | fabric | 0       |
|    add_ln43_350_fu_13794_p2             |     |        | add_ln43_350 | add   | fabric | 0       |
|    add_ln43_355_fu_13832_p2             |     |        | add_ln43_355 | add   | fabric | 0       |
|    add_ln43_360_fu_13874_p2             |     |        | add_ln43_360 | add   | fabric | 0       |
|    add_ln43_361_fu_13884_p2             |     |        | add_ln43_361 | add   | fabric | 0       |
|    add_ln43_362_fu_17376_p2             |     |        | add_ln43_362 | add   | fabric | 0       |
|    add_ln43_367_fu_13922_p2             |     |        | add_ln43_367 | add   | fabric | 0       |
|    add_ln43_372_fu_13964_p2             |     |        | add_ln43_372 | add   | fabric | 0       |
|    add_ln43_373_fu_13974_p2             |     |        | add_ln43_373 | add   | fabric | 0       |
|    add_ln43_378_fu_14012_p2             |     |        | add_ln43_378 | add   | fabric | 0       |
|    add_ln43_381_fu_14038_p2             |     |        | add_ln43_381 | add   | fabric | 0       |
|    add_ln43_382_fu_14048_p2             |     |        | add_ln43_382 | add   | fabric | 0       |
|    add_ln43_385_fu_14074_p2             |     |        | add_ln43_385 | add   | fabric | 0       |
|    add_ln43_386_fu_17392_p2             |     |        | add_ln43_386 | add   | fabric | 0       |
|    add_ln43_387_fu_17402_p2             |     |        | add_ln43_387 | add   | fabric | 0       |
|    add_ln43_388_fu_17412_p2             |     |        | add_ln43_388 | add   | fabric | 0       |
|    add_ln43_389_fu_17422_p2             |     |        | add_ln43_389 | add   | fabric | 0       |
|    add_ln43_390_fu_17822_p2             |     |        | add_ln43_390 | add   | fabric | 0       |
|    add_ln43_395_fu_14112_p2             |     |        | add_ln43_395 | add   | fabric | 0       |
|    add_ln43_400_fu_14154_p2             |     |        | add_ln43_400 | add   | fabric | 0       |
|    add_ln43_401_fu_14164_p2             |     |        | add_ln43_401 | add   | fabric | 0       |
|    add_ln43_406_fu_14202_p2             |     |        | add_ln43_406 | add   | fabric | 0       |
|    add_ln43_411_fu_14244_p2             |     |        | add_ln43_411 | add   | fabric | 0       |
|    add_ln43_412_fu_14254_p2             |     |        | add_ln43_412 | add   | fabric | 0       |
|    add_ln43_413_fu_17434_p2             |     |        | add_ln43_413 | add   | fabric | 0       |
|    add_ln43_418_fu_14292_p2             |     |        | add_ln43_418 | add   | fabric | 0       |
|    add_ln43_423_fu_14334_p2             |     |        | add_ln43_423 | add   | fabric | 0       |
|    add_ln43_424_fu_14344_p2             |     |        | add_ln43_424 | add   | fabric | 0       |
|    add_ln43_429_fu_14382_p2             |     |        | add_ln43_429 | add   | fabric | 0       |
|    add_ln43_432_fu_14408_p2             |     |        | add_ln43_432 | add   | fabric | 0       |
|    add_ln43_433_fu_14418_p2             |     |        | add_ln43_433 | add   | fabric | 0       |
|    add_ln43_436_fu_14444_p2             |     |        | add_ln43_436 | add   | fabric | 0       |
|    add_ln43_437_fu_17450_p2             |     |        | add_ln43_437 | add   | fabric | 0       |
|    add_ln43_438_fu_17460_p2             |     |        | add_ln43_438 | add   | fabric | 0       |
|    add_ln43_443_fu_14482_p2             |     |        | add_ln43_443 | add   | fabric | 0       |
|    add_ln43_448_fu_14524_p2             |     |        | add_ln43_448 | add   | fabric | 0       |
|    add_ln43_449_fu_14534_p2             |     |        | add_ln43_449 | add   | fabric | 0       |
|    add_ln43_454_fu_14572_p2             |     |        | add_ln43_454 | add   | fabric | 0       |
|    add_ln43_459_fu_14614_p2             |     |        | add_ln43_459 | add   | fabric | 0       |
|    add_ln43_460_fu_14624_p2             |     |        | add_ln43_460 | add   | fabric | 0       |
|    add_ln43_461_fu_17476_p2             |     |        | add_ln43_461 | add   | fabric | 0       |
|    add_ln43_466_fu_14662_p2             |     |        | add_ln43_466 | add   | fabric | 0       |
|    add_ln43_471_fu_14704_p2             |     |        | add_ln43_471 | add   | fabric | 0       |
|    add_ln43_472_fu_14714_p2             |     |        | add_ln43_472 | add   | fabric | 0       |
|    add_ln43_477_fu_14752_p2             |     |        | add_ln43_477 | add   | fabric | 0       |
|    add_ln43_480_fu_14778_p2             |     |        | add_ln43_480 | add   | fabric | 0       |
|    add_ln43_481_fu_14788_p2             |     |        | add_ln43_481 | add   | fabric | 0       |
|    add_ln43_484_fu_14814_p2             |     |        | add_ln43_484 | add   | fabric | 0       |
|    add_ln43_485_fu_17492_p2             |     |        | add_ln43_485 | add   | fabric | 0       |
|    add_ln43_486_fu_17502_p2             |     |        | add_ln43_486 | add   | fabric | 0       |
|    add_ln43_487_fu_17512_p2             |     |        | add_ln43_487 | add   | fabric | 0       |
|    add_ln43_492_fu_14852_p2             |     |        | add_ln43_492 | add   | fabric | 0       |
|    add_ln43_497_fu_14894_p2             |     |        | add_ln43_497 | add   | fabric | 0       |
|    add_ln43_498_fu_14904_p2             |     |        | add_ln43_498 | add   | fabric | 0       |
|    add_ln43_503_fu_14942_p2             |     |        | add_ln43_503 | add   | fabric | 0       |
|    add_ln43_508_fu_14984_p2             |     |        | add_ln43_508 | add   | fabric | 0       |
|    add_ln43_509_fu_14994_p2             |     |        | add_ln43_509 | add   | fabric | 0       |
|    add_ln43_510_fu_17528_p2             |     |        | add_ln43_510 | add   | fabric | 0       |
|    add_ln43_515_fu_15032_p2             |     |        | add_ln43_515 | add   | fabric | 0       |
|    add_ln43_520_fu_15074_p2             |     |        | add_ln43_520 | add   | fabric | 0       |
|    add_ln43_521_fu_15084_p2             |     |        | add_ln43_521 | add   | fabric | 0       |
|    add_ln43_526_fu_15122_p2             |     |        | add_ln43_526 | add   | fabric | 0       |
|    add_ln43_529_fu_15148_p2             |     |        | add_ln43_529 | add   | fabric | 0       |
|    add_ln43_530_fu_15158_p2             |     |        | add_ln43_530 | add   | fabric | 0       |
|    add_ln43_533_fu_15184_p2             |     |        | add_ln43_533 | add   | fabric | 0       |
|    add_ln43_534_fu_17544_p2             |     |        | add_ln43_534 | add   | fabric | 0       |
|    add_ln43_535_fu_17554_p2             |     |        | add_ln43_535 | add   | fabric | 0       |
|    add_ln43_540_fu_15222_p2             |     |        | add_ln43_540 | add   | fabric | 0       |
|    add_ln43_545_fu_15264_p2             |     |        | add_ln43_545 | add   | fabric | 0       |
|    add_ln43_546_fu_15274_p2             |     |        | add_ln43_546 | add   | fabric | 0       |
|    add_ln43_551_fu_15312_p2             |     |        | add_ln43_551 | add   | fabric | 0       |
|    add_ln43_556_fu_15354_p2             |     |        | add_ln43_556 | add   | fabric | 0       |
|    add_ln43_557_fu_15364_p2             |     |        | add_ln43_557 | add   | fabric | 0       |
|    add_ln43_558_fu_17570_p2             |     |        | add_ln43_558 | add   | fabric | 0       |
|    add_ln43_563_fu_15402_p2             |     |        | add_ln43_563 | add   | fabric | 0       |
|    add_ln43_568_fu_15444_p2             |     |        | add_ln43_568 | add   | fabric | 0       |
|    add_ln43_569_fu_15454_p2             |     |        | add_ln43_569 | add   | fabric | 0       |
|    add_ln43_574_fu_15492_p2             |     |        | add_ln43_574 | add   | fabric | 0       |
|    add_ln43_577_fu_15518_p2             |     |        | add_ln43_577 | add   | fabric | 0       |
|    add_ln43_578_fu_15528_p2             |     |        | add_ln43_578 | add   | fabric | 0       |
|    add_ln43_581_fu_15554_p2             |     |        | add_ln43_581 | add   | fabric | 0       |
|    add_ln43_582_fu_17586_p2             |     |        | add_ln43_582 | add   | fabric | 0       |
|    add_ln43_583_fu_17596_p2             |     |        | add_ln43_583 | add   | fabric | 0       |
|    add_ln43_584_fu_17606_p2             |     |        | add_ln43_584 | add   | fabric | 0       |
|    add_ln43_585_fu_17616_p2             |     |        | add_ln43_585 | add   | fabric | 0       |
|    add_ln43_590_fu_15592_p2             |     |        | add_ln43_590 | add   | fabric | 0       |
|    add_ln43_595_fu_15634_p2             |     |        | add_ln43_595 | add   | fabric | 0       |
|    add_ln43_596_fu_15644_p2             |     |        | add_ln43_596 | add   | fabric | 0       |
|    add_ln43_601_fu_15682_p2             |     |        | add_ln43_601 | add   | fabric | 0       |
|    add_ln43_606_fu_15724_p2             |     |        | add_ln43_606 | add   | fabric | 0       |
|    add_ln43_607_fu_15734_p2             |     |        | add_ln43_607 | add   | fabric | 0       |
|    add_ln43_608_fu_17628_p2             |     |        | add_ln43_608 | add   | fabric | 0       |
|    add_ln43_613_fu_15772_p2             |     |        | add_ln43_613 | add   | fabric | 0       |
|    add_ln43_618_fu_15814_p2             |     |        | add_ln43_618 | add   | fabric | 0       |
|    add_ln43_619_fu_15824_p2             |     |        | add_ln43_619 | add   | fabric | 0       |
|    add_ln43_624_fu_15862_p2             |     |        | add_ln43_624 | add   | fabric | 0       |
|    add_ln43_627_fu_15888_p2             |     |        | add_ln43_627 | add   | fabric | 0       |
|    add_ln43_628_fu_15898_p2             |     |        | add_ln43_628 | add   | fabric | 0       |
|    add_ln43_631_fu_15924_p2             |     |        | add_ln43_631 | add   | fabric | 0       |
|    add_ln43_632_fu_17644_p2             |     |        | add_ln43_632 | add   | fabric | 0       |
|    add_ln43_633_fu_17654_p2             |     |        | add_ln43_633 | add   | fabric | 0       |
|    add_ln43_638_fu_15962_p2             |     |        | add_ln43_638 | add   | fabric | 0       |
|    add_ln43_643_fu_16004_p2             |     |        | add_ln43_643 | add   | fabric | 0       |
|    add_ln43_644_fu_16014_p2             |     |        | add_ln43_644 | add   | fabric | 0       |
|    add_ln43_649_fu_16052_p2             |     |        | add_ln43_649 | add   | fabric | 0       |
|    add_ln43_654_fu_16094_p2             |     |        | add_ln43_654 | add   | fabric | 0       |
|    add_ln43_655_fu_16104_p2             |     |        | add_ln43_655 | add   | fabric | 0       |
|    add_ln43_656_fu_17670_p2             |     |        | add_ln43_656 | add   | fabric | 0       |
|    add_ln43_661_fu_16142_p2             |     |        | add_ln43_661 | add   | fabric | 0       |
|    add_ln43_666_fu_16184_p2             |     |        | add_ln43_666 | add   | fabric | 0       |
|    add_ln43_667_fu_16194_p2             |     |        | add_ln43_667 | add   | fabric | 0       |
|    add_ln43_672_fu_16232_p2             |     |        | add_ln43_672 | add   | fabric | 0       |
|    add_ln43_675_fu_16258_p2             |     |        | add_ln43_675 | add   | fabric | 0       |
|    add_ln43_676_fu_16268_p2             |     |        | add_ln43_676 | add   | fabric | 0       |
|    add_ln43_679_fu_16294_p2             |     |        | add_ln43_679 | add   | fabric | 0       |
|    add_ln43_680_fu_17686_p2             |     |        | add_ln43_680 | add   | fabric | 0       |
|    add_ln43_681_fu_17696_p2             |     |        | add_ln43_681 | add   | fabric | 0       |
|    add_ln43_682_fu_17706_p2             |     |        | add_ln43_682 | add   | fabric | 0       |
|    add_ln43_687_fu_16332_p2             |     |        | add_ln43_687 | add   | fabric | 0       |
|    add_ln43_692_fu_16374_p2             |     |        | add_ln43_692 | add   | fabric | 0       |
|    add_ln43_693_fu_16384_p2             |     |        | add_ln43_693 | add   | fabric | 0       |
|    add_ln43_698_fu_16422_p2             |     |        | add_ln43_698 | add   | fabric | 0       |
|    add_ln43_703_fu_16464_p2             |     |        | add_ln43_703 | add   | fabric | 0       |
|    add_ln43_704_fu_16474_p2             |     |        | add_ln43_704 | add   | fabric | 0       |
|    add_ln43_705_fu_17722_p2             |     |        | add_ln43_705 | add   | fabric | 0       |
|    add_ln43_710_fu_16512_p2             |     |        | add_ln43_710 | add   | fabric | 0       |
|    add_ln43_715_fu_16554_p2             |     |        | add_ln43_715 | add   | fabric | 0       |
|    add_ln43_716_fu_16564_p2             |     |        | add_ln43_716 | add   | fabric | 0       |
|    add_ln43_721_fu_16602_p2             |     |        | add_ln43_721 | add   | fabric | 0       |
|    add_ln43_724_fu_16628_p2             |     |        | add_ln43_724 | add   | fabric | 0       |
|    add_ln43_725_fu_16638_p2             |     |        | add_ln43_725 | add   | fabric | 0       |
|    add_ln43_728_fu_16664_p2             |     |        | add_ln43_728 | add   | fabric | 0       |
|    add_ln43_729_fu_17738_p2             |     |        | add_ln43_729 | add   | fabric | 0       |
|    add_ln43_730_fu_17748_p2             |     |        | add_ln43_730 | add   | fabric | 0       |
|    add_ln43_735_fu_16702_p2             |     |        | add_ln43_735 | add   | fabric | 0       |
|    add_ln43_740_fu_16744_p2             |     |        | add_ln43_740 | add   | fabric | 0       |
|    add_ln43_741_fu_16754_p2             |     |        | add_ln43_741 | add   | fabric | 0       |
|    add_ln43_746_fu_16792_p2             |     |        | add_ln43_746 | add   | fabric | 0       |
|    add_ln43_751_fu_16834_p2             |     |        | add_ln43_751 | add   | fabric | 0       |
|    add_ln43_752_fu_16844_p2             |     |        | add_ln43_752 | add   | fabric | 0       |
|    add_ln43_753_fu_17764_p2             |     |        | add_ln43_753 | add   | fabric | 0       |
|    add_ln43_758_fu_16882_p2             |     |        | add_ln43_758 | add   | fabric | 0       |
|    add_ln43_763_fu_16924_p2             |     |        | add_ln43_763 | add   | fabric | 0       |
|    add_ln43_764_fu_16934_p2             |     |        | add_ln43_764 | add   | fabric | 0       |
|    add_ln43_769_fu_16972_p2             |     |        | add_ln43_769 | add   | fabric | 0       |
|    add_ln43_772_fu_16998_p2             |     |        | add_ln43_772 | add   | fabric | 0       |
|    add_ln43_773_fu_17008_p2             |     |        | add_ln43_773 | add   | fabric | 0       |
|    add_ln43_776_fu_17034_p2             |     |        | add_ln43_776 | add   | fabric | 0       |
|    add_ln43_777_fu_17780_p2             |     |        | add_ln43_777 | add   | fabric | 0       |
|    add_ln43_778_fu_17790_p2             |     |        | add_ln43_778 | add   | fabric | 0       |
|    add_ln43_779_fu_17800_p2             |     |        | add_ln43_779 | add   | fabric | 0       |
|    add_ln43_780_fu_17810_p2             |     |        | add_ln43_780 | add   | fabric | 0       |
|    add_ln43_781_fu_17838_p2             |     |        | add_ln43_781 | add   | fabric | 0       |
|    add_ln43_782_fu_17848_p2             |     |        | add_ln43_782 | add   | fabric | 0       |
|    add_ln43_783_fu_17862_p2             |     |        | add_ln43_783 | add   | fabric | 0       |
|  + bnn_layer1_xnor_Pipeline_LOAD_LOOP   | 0   |        |              |       |        |         |
|    icmp_ln22_fu_102_p2                  |     |        | icmp_ln22    | seteq | auto   | 0       |
|    add_ln22_fu_108_p2                   |     |        | add_ln22     | add   | fabric | 0       |
+-----------------------------------------+-----+--------+--------------+-------+--------+---------+


================================================================
== Storage Report
================================================================
+-------------------+-----------+-----------+------+------+--------+---------------+------+---------+------------------+
| Name              | Usage     | Type      | BRAM | URAM | Pragma | Variable      | Impl | Latency | Bitwidth, Depth, |
|                   |           |           |      |      |        |               |      |         | Banks            |
+-------------------+-----------+-----------+------+------+--------+---------------+------+---------+------------------+
| + bnn_layer1_xnor |           |           | 80   | 0    |        |               |      |         |                  |
|   control_s_axi_U | interface | s_axilite |      |      |        |               |      |         |                  |
|   gmem0_m_axi_U   | interface | m_axi     | 1    |      |        |               |      |         |                  |
|   gmem1_m_axi_U   | interface | m_axi     | 57   |      |        |               |      |         |                  |
|   local_weights_U | ram_2p    |           | 22   |      | pragma | local_weights | bram | 1       | 784, 256, 1      |
+-------------------+-----------+-----------+------+------+--------+---------------+------+---------+------------------+


================================================================
== Pragma Report
================================================================
* Valid Pragma Syntax
+--------------+----------------------------------------------+-----------------------------------------------------+
| Type         | Options                                      | Location                                            |
+--------------+----------------------------------------------+-----------------------------------------------------+
| interface    | s_axilite port=return                        | bnn_layer1.cpp:10 in bnn_layer1_xnor, return        |
| interface    | s_axilite port=load_weights                  | bnn_layer1.cpp:11 in bnn_layer1_xnor, load_weights  |
| interface    | s_axilite port=input                         | bnn_layer1.cpp:12 in bnn_layer1_xnor, input         |
| interface    | m_axi depth=256 port=output bundle=gmem0     | bnn_layer1.cpp:13 in bnn_layer1_xnor, output        |
| interface    | m_axi depth=256 port=weights bundle=gmem1    | bnn_layer1.cpp:14 in bnn_layer1_xnor, weights       |
| bind_storage | variable=local_weights type=ram_2p impl=bram | bnn_layer1.cpp:18 in bnn_layer1_xnor, local_weights |
| pipeline     | II=1                                         | bnn_layer1.cpp:23 in bnn_layer1_xnor                |
| pipeline     | II=1                                         | bnn_layer1.cpp:31 in bnn_layer1_xnor                |
+--------------+----------------------------------------------+-----------------------------------------------------+


