

================================================================
== Synthesis Summary Report of 'bnn_layer1_xnor'
================================================================
+ General Information: 
    * Date:           Fri Mar 13 00:11:29 2026
    * Version:        2024.1 (Build 5069499 on May 21 2024)
    * Project:        bnn_layer1
    * Solution:       hls (Vivado IP Flow Target)
    * Product family: zynquplus
    * Target device:  xczu3eg-sfvc784-2-e
    

+ Performance & Resource Estimates: 
    
    PS: '+' for module; 'o' for loop; '*' for dataflow
    +--------------------------------------------+------+------+---------+-----------+----------+---------+------+----------+-----------+----+-----------+------------+-----+
    |                   Modules                  | Issue|      | Latency |  Latency  | Iteration|         | Trip |          |           |    |           |            |     |
    |                   & Loops                  | Type | Slack| (cycles)|    (ns)   |  Latency | Interval| Count| Pipelined|   BRAM    | DSP|     FF    |     LUT    | URAM|
    +--------------------------------------------+------+------+---------+-----------+----------+---------+------+----------+-----------+----+-----------+------------+-----+
    |+ bnn_layer1_xnor                           |     -|  0.00|   204041|  1.020e+06|         -|   204042|     -|        no|  114 (26%)|   -|  6178 (4%)|  7599 (10%)|    -|
    | o NEURON_LOOP                              |     -|  3.65|   204032|  1.020e+06|       797|        -|   256|        no|          -|   -|          -|           -|    -|
    |  + bnn_layer1_xnor_Pipeline_POPCOUNT_LOOP  |     -|  2.01|      786|  3.930e+03|         -|      786|     -|        no|          -|   -|   22 (~0%)|    96 (~0%)|    -|
    |   o POPCOUNT_LOOP                          |     -|  3.65|      784|  3.920e+03|         1|        1|   784|       yes|          -|   -|          -|           -|    -|
    +--------------------------------------------+------+------+---------+-----------+----------+---------+------+----------+-----------+----+-----------+------------+-----+


================================================================
== HW Interfaces
================================================================
* M_AXI
+------------+------------+------------+---------------+---------+--------+----------+-----------+--------------+--------------+-------------+-------------+-------------------+
| Interface  | Read/Write | Data Width | Address Width | Latency | Offset | Register | Max Widen | Max Read     | Max Write    | Num Read    | Num Write   | Resource Estimate |
|            |            | (SW->HW)   |               |         |        |          | Bitwidth  | Burst Length | Burst Length | Outstanding | Outstanding |                   |
+------------+------------+------------+---------------+---------+--------+----------+-----------+--------------+--------------+-------------+-------------+-------------------+
| m_axi_gmem | READ_WRITE | 16 -> 1024 | 64            | 0       | slave  | 0        | 0         | 16           | 16           | 16          | 16          | BRAM=114          |
+------------+------------+------------+---------------+---------+--------+----------+-----------+--------------+--------------+-------------+-------------+-------------------+

* S_AXILITE Interfaces
+---------------+------------+---------------+--------+----------+
| Interface     | Data Width | Address Width | Offset | Register |
+---------------+------------+---------------+--------+----------+
| s_axi_control | 32         | 6             | 16     | 0        |
+---------------+------------+---------------+--------+----------+

* S_AXILITE Registers
+---------------+------------+--------+-------+--------+----------------------------------+----------------------------------------------------------------------+
| Interface     | Register   | Offset | Width | Access | Description                      | Bit Fields                                                           |
+---------------+------------+--------+-------+--------+----------------------------------+----------------------------------------------------------------------+
| s_axi_control | CTRL       | 0x00   | 32    | RW     | Control signals                  | 0=AP_START 1=AP_DONE 2=AP_IDLE 3=AP_READY 7=AUTO_RESTART 9=INTERRUPT |
| s_axi_control | GIER       | 0x04   | 32    | RW     | Global Interrupt Enable Register | 0=Enable                                                             |
| s_axi_control | IP_IER     | 0x08   | 32    | RW     | IP Interrupt Enable Register     | 0=CHAN0_INT_EN 1=CHAN1_INT_EN                                        |
| s_axi_control | IP_ISR     | 0x0c   | 32    | RW     | IP Interrupt Status Register     | 0=CHAN0_INT_ST 1=CHAN1_INT_ST                                        |
| s_axi_control | output_r_1 | 0x10   | 32    | W      | Data signal of output_r          |                                                                      |
| s_axi_control | output_r_2 | 0x14   | 32    | W      | Data signal of output_r          |                                                                      |
| s_axi_control | weights_1  | 0x1c   | 32    | W      | Data signal of weights           |                                                                      |
| s_axi_control | weights_2  | 0x20   | 32    | W      | Data signal of weights           |                                                                      |
+---------------+------------+--------+-------+--------+----------------------------------+----------------------------------------------------------------------+

* Other Ports
+---------+---------+-----------+----------+
| Port    | Mode    | Direction | Bitwidth |
+---------+---------+-----------+----------+
| input_r | ap_none | in        | 784      |
+---------+---------+-----------+----------+

* TOP LEVEL CONTROL
+-----------+------------+-----------+
| Interface | Type       | Ports     |
+-----------+------------+-----------+
| ap_clk    | clock      | ap_clk    |
| ap_rst_n  | reset      | ap_rst_n  |
| interrupt | interrupt  | interrupt |
| ap_ctrl   | ap_ctrl_hs |           |
+-----------+------------+-----------+


================================================================
== SW I/O Information
================================================================
* Top Function Arguments
+----------+-----------+---------------+
| Argument | Direction | Datatype      |
+----------+-----------+---------------+
| input    | in        | ap_uint<784>  |
| output   | inout     | ap_int<16>*   |
| weights  | inout     | ap_uint<784>* |
+----------+-----------+---------------+

* SW-to-HW Mapping
+----------+---------------+-----------+----------+--------------------------------------+
| Argument | HW Interface  | HW Type   | HW Usage | HW Info                              |
+----------+---------------+-----------+----------+--------------------------------------+
| input    | input_r       | port      |          |                                      |
| output   | m_axi_gmem    | interface |          | channel=0                            |
| output   | s_axi_control | register  | offset   | name=output_r_1 offset=0x10 range=32 |
| output   | s_axi_control | register  | offset   | name=output_r_2 offset=0x14 range=32 |
| weights  | m_axi_gmem    | interface |          | channel=0                            |
| weights  | s_axi_control | register  | offset   | name=weights_1 offset=0x1c range=32  |
| weights  | s_axi_control | register  | offset   | name=weights_2 offset=0x20 range=32  |
+----------+---------------+-----------+----------+--------------------------------------+


================================================================
== M_AXI Burst Information
================================================================
 Note: All burst requests might be further partitioned into multiple requests during RTL generation based on max_read_burst_length or max_write_burst_length settings.

* Inferred Burst Summary
+--------------+-----------+--------+-------+-------------+----------------------+
| HW Interface | Direction | Length | Width | Loop        | Loop Location        |
+--------------+-----------+--------+-------+-------------+----------------------+
| m_axi_gmem   | read      | 256    | 1024  | NEURON_LOOP | bnn_layer1.cpp:13:15 |
+--------------+-----------+--------+-------+-------------+----------------------+

* All M_AXI Variable Accesses
+--------------+----------+----------------------+-----------+--------------+--------+-------------+----------------------+------------+-------------------------------------------------------------------------------------------------------+
| HW Interface | Variable | Access Location      | Direction | Burst Status | Length | Loop        | Loop Location        | Resolution | Problem                                                                                               |
+--------------+----------+----------------------+-----------+--------------+--------+-------------+----------------------+------------+-------------------------------------------------------------------------------------------------------+
| m_axi_gmem   | weights  | bnn_layer1.cpp:17:44 | read      | Widen Fail   |        |             |                      |            | i784 allocated space contains padding. This is unsupported                                            |
| m_axi_gmem   | weights  | bnn_layer1.cpp:17:44 | read      | Inferred     | 256    | NEURON_LOOP | bnn_layer1.cpp:13:15 |            |                                                                                                       |
| m_axi_gmem   | output   | bnn_layer1.cpp:28:19 | write     | Widen Fail   |        | NEURON_LOOP | bnn_layer1.cpp:13:15 | 214-353    | Could not widen since type i16 size is greater than or equal to the max_widen_bitwidth threshold of 0 |
| m_axi_gmem   | output   | bnn_layer1.cpp:28:19 | write     | Inferred     | 256    | NEURON_LOOP | bnn_layer1.cpp:13:15 |            |                                                                                                       |
+--------------+----------+----------------------+-----------+--------------+--------+-------------+----------------------+------------+-------------------------------------------------------------------------------------------------------+

    * Resolution URL: docs.xilinx.com/access/sources/dita/topic?Doc_Version=2024.1%20English&url=ug1448-hls-guidance&resourceid=XXX-YYY.html (replace XXX-YYY with column value)

================================================================
== Bind Op Report
================================================================
+-------------------------------------------+-----+--------+-------------+-------+-----------+---------+
| Name                                      | DSP | Pragma | Variable    | Op    | Impl      | Latency |
+-------------------------------------------+-----+--------+-------------+-------+-----------+---------+
| + bnn_layer1_xnor                         | 0   |        |             |       |           |         |
|   icmp_ln13_fu_185_p2                     |     |        | icmp_ln13   | seteq | auto      | 0       |
|   add_ln13_fu_191_p2                      |     |        | add_ln13    | add   | fabric    | 0       |
|   xor_ln17_fu_234_p2                      |     |        | xor_ln17    | xor   | auto      | 0       |
|   xnor_result_fu_240_p2                   |     |        | xnor_result | xor   | auto      | 0       |
|   add_ln28_fu_257_p2                      |     |        | add_ln28    | add   | fabric    | 0       |
|   add_ln28_1_fu_207_p2                    |     |        | add_ln28_1  | add   | fabric    | 0       |
|   shl_ln28_fu_274_p2                      |     |        | shl_ln28    | shl   | auto_pipe | 0       |
|   shl_ln28_1_fu_291_p2                    |     |        | shl_ln28_1  | shl   | auto_pipe | 0       |
|  + bnn_layer1_xnor_Pipeline_POPCOUNT_LOOP | 0   |        |             |       |           |         |
|    icmp_ln21_fu_68_p2                     |     |        | icmp_ln21   | seteq | auto      | 0       |
|    i_2_fu_74_p2                           |     |        | i_2         | add   | fabric    | 0       |
|    count_1_fu_99_p2                       |     |        | count_1     | add   | fabric    | 0       |
+-------------------------------------------+-----+--------+-------------+-------+-----------+---------+


================================================================
== Storage Report
================================================================
+-------------------+-----------+-----------+------+------+--------+----------+------+---------+------------------+
| Name              | Usage     | Type      | BRAM | URAM | Pragma | Variable | Impl | Latency | Bitwidth, Depth, |
|                   |           |           |      |      |        |          |      |         | Banks            |
+-------------------+-----------+-----------+------+------+--------+----------+------+---------+------------------+
| + bnn_layer1_xnor |           |           | 114  | 0    |        |          |      |         |                  |
|   control_s_axi_U | interface | s_axilite |      |      |        |          |      |         |                  |
|   gmem_m_axi_U    | interface | m_axi     | 114  |      |        |          |      |         |                  |
+-------------------+-----------+-----------+------+------+--------+----------+------+---------+------------------+


================================================================
== Pragma Report
================================================================
* Valid Pragma Syntax
+-----------+------------------------------+-----------------------------------------------+
| Type      | Options                      | Location                                      |
+-----------+------------------------------+-----------------------------------------------+
| interface | s_axilite port=return        | bnn_layer1.cpp:9 in bnn_layer1_xnor, return   |
| interface | m_axi depth=256 port=output  | bnn_layer1.cpp:10 in bnn_layer1_xnor, output  |
| interface | m_axi depth=256 port=weights | bnn_layer1.cpp:11 in bnn_layer1_xnor, weights |
+-----------+------------------------------+-----------------------------------------------+


