

================================================================
== Vitis HLS Report for 'bnn_top_Pipeline_RECV_INPUT'
================================================================
* Date:           Mon Mar 23 17:19:31 2026

* Version:        2024.1 (Build 5069499 on May 21 2024)
* Project:        bnn_top_iostream
* Solution:       hls (Vivado IP Flow Target)
* Product family: zynquplus
* Target device:  xczu3eg-sfvc784-2-e


================================================================
== Performance Estimates
================================================================
+ Timing: 
    * Summary: 
    +--------+---------+----------+------------+
    |  Clock |  Target | Estimated| Uncertainty|
    +--------+---------+----------+------------+
    |ap_clk  |  3.00 ns|  2.175 ns|     0.81 ns|
    +--------+---------+----------+------------+

+ Latency: 
    * Summary: 
    +---------+---------+-----------+-----------+-----+-----+-----------------------------------------------+
    |  Latency (cycles) |   Latency (absolute)  |  Interval |                    Pipeline                   |
    |   min   |   max   |    min    |    max    | min | max |                      Type                     |
    +---------+---------+-----------+-----------+-----+-----+-----------------------------------------------+
    |       29|       29|  87.000 ns|  87.000 ns|   26|   26|  loop auto-rewind stp(delay=0 clock cycles(s))|
    +---------+---------+-----------+-----------+-----+-----+-----------------------------------------------+

    + Detail: 
        * Instance: 
        N/A

        * Loop: 
        +--------------+---------+---------+----------+-----------+-----------+------+----------+
        |              |  Latency (cycles) | Iteration|  Initiation Interval  | Trip |          |
        |   Loop Name  |   min   |   max   |  Latency |  achieved |   target  | Count| Pipelined|
        +--------------+---------+---------+----------+-----------+-----------+------+----------+
        |- RECV_INPUT  |       27|       27|         4|          1|          1|    25|       yes|
        +--------------+---------+---------+----------+-----------+-----------+------+----------+

============================================================
+ Verbose Summary: Synthesis Manager
============================================================
InlineROM: 1
ExposeGlobal: 0
============================================================
+ Verbose Summary: CDFG Model
============================================================
IsTopModel: 0
ResetActiveHigh: 1
IsCombinational: 0
IsDatapathOnly: 0
HasWiredReturn: 1
HasMFsm: 2
HasVarLatency: 1
IsPipeline: 0
IsRtlPipelined: 0
IsInstanceOverlapped: 0
IsDontTouch: 0
HasImplIP: 0
IsGatedGlobalClock: 0

+ Individual pipeline summary: 
  * Pipeline-0: initiation interval (II) = 1, depth = 4


============================================================
+ Verbose Summary: Schedule
============================================================
* Number of FSM states : 4
* Pipeline : 1
  Pipeline-0 : II = 1, D = 4, States = { 1 2 3 4 }
* Dataflow Pipeline: 0

* FSM state transitions: 
1 --> 2 
2 --> 3 
3 --> 4 
4 --> 

* FSM state operations: 

State 1 <SV = 0> <Delay = 1.64>
ST_1 : Operation 7 [1/1] (0.00ns)   --->   "%input = alloca i32 1" [bnn_top.cpp:54]   --->   Operation 7 'alloca' 'input' <Predicate = true> <Delay = 0.00>
ST_1 : Operation 8 [1/1] (0.00ns)   --->   "%i = alloca i32 1" [bnn_top.cpp:55]   --->   Operation 8 'alloca' 'i' <Predicate = true> <Delay = 0.00>
ST_1 : Operation 9 [1/1] (0.00ns)   --->   "%specaxissidechannel_ln0 = specaxissidechannel void @_ssdm_op_SpecAXISSideChannel, i32 %input_stream_V_data_V, i4 %input_stream_V_keep_V, i4 %input_stream_V_strb_V, i1 0, i1 %input_stream_V_last_V, i1 0, i1 0, void @empty_14"   --->   Operation 9 'specaxissidechannel' 'specaxissidechannel_ln0' <Predicate = true> <Delay = 0.00>
ST_1 : Operation 10 [1/1] (0.00ns)   --->   "%specinterface_ln0 = specinterface void @_ssdm_op_SpecInterface, i1 %input_stream_V_last_V, i4 %input_stream_V_strb_V, i4 %input_stream_V_keep_V, i32 %input_stream_V_data_V, void @empty_3, i32 0, i32 0, void @empty_4, i32 0, i32 0, void @empty_23, void @empty_23, void @empty_23, i32 0, i32 0, i32 0, i32 0, void @empty_23, void @empty_23, i32 4294967295, i32 0, i32 0"   --->   Operation 10 'specinterface' 'specinterface_ln0' <Predicate = true> <Delay = 0.00>
ST_1 : Operation 11 [1/1] (0.42ns)   --->   "%store_ln55 = store i5 0, i5 %i" [bnn_top.cpp:55]   --->   Operation 11 'store' 'store_ln55' <Predicate = true> <Delay = 0.42>
ST_1 : Operation 12 [1/1] (0.42ns)   --->   "%store_ln54 = store i784 0, i784 %input" [bnn_top.cpp:54]   --->   Operation 12 'store' 'store_ln54' <Predicate = true> <Delay = 0.42>
ST_1 : Operation 13 [1/1] (0.00ns)   --->   "%br_ln55 = br void %for.body33" [bnn_top.cpp:55]   --->   Operation 13 'br' 'br_ln55' <Predicate = true> <Delay = 0.00>
ST_1 : Operation 14 [1/1] (0.00ns)   --->   "%i_1 = load i5 %i" [bnn_top.cpp:55]   --->   Operation 14 'load' 'i_1' <Predicate = true> <Delay = 0.00>
ST_1 : Operation 15 [1/1] (0.78ns)   --->   "%icmp_ln55 = icmp_eq  i5 %i_1, i5 25" [bnn_top.cpp:55]   --->   Operation 15 'icmp' 'icmp_ln55' <Predicate = true> <Delay = 0.78> <CoreInst = "Cmp">   --->   Core 9 'Cmp' <Latency = 0> <II = 1> <Delay = 0.78> <FuncUnit> <Opcode : 'seteq' 'setne' 'setle' 'setge' 'setlt' 'setgt'> <InPorts = 2> <OutPorts = 1>
ST_1 : Operation 16 [1/1] (0.78ns)   --->   "%i_2 = add i5 %i_1, i5 1" [bnn_top.cpp:55]   --->   Operation 16 'add' 'i_2' <Predicate = true> <Delay = 0.78> <CoreInst = "Adder">   --->   Core 1 'Adder' <Latency = 0> <II = 1> <Delay = 0.78> <FuncUnit> <Opcode : 'add' 'sub'> <InPorts = 2> <OutPorts = 1>
ST_1 : Operation 17 [1/1] (0.00ns)   --->   "%br_ln55 = br i1 %icmp_ln55, void %for.body33.split, void %VITIS_LOOP_73_1.preheader.exitStub" [bnn_top.cpp:55]   --->   Operation 17 'br' 'br_ln55' <Predicate = true> <Delay = 0.00>
ST_1 : Operation 18 [1/1] (0.07ns)   --->   "%empty = read i41 @_ssdm_op_Read.axis.volatile.i32P0A.i4P0A.i4P0A.i1P0A, i32 %input_stream_V_data_V, i4 %input_stream_V_keep_V, i4 %input_stream_V_strb_V, i1 %input_stream_V_last_V" [bnn_top.cpp:58]   --->   Operation 18 'read' 'empty' <Predicate = (!icmp_ln55)> <Delay = 0.07> <CoreInst = "regslice">   --->   Core 148 'regslice' <Latency = 0> <II = 1> <Delay = 0.65> <Adapter> <Opcode : 'read' 'write'>
ST_1 : Operation 19 [1/1] (0.42ns)   --->   "%store_ln55 = store i5 %i_2, i5 %i" [bnn_top.cpp:55]   --->   Operation 19 'store' 'store_ln55' <Predicate = (!icmp_ln55)> <Delay = 0.42>

State 2 <SV = 1> <Delay = 1.97>
ST_2 : Operation 20 [1/1] (0.00ns)   --->   "%lo = bitconcatenate i10 @_ssdm_op_BitConcatenate.i10.i5.i5, i5 %i_1, i5 0" [bnn_top.cpp:62]   --->   Operation 20 'bitconcatenate' 'lo' <Predicate = true> <Delay = 0.00>
ST_2 : Operation 21 [1/1] (0.78ns)   --->   "%icmp_ln63 = icmp_ult  i5 %i_1, i5 24" [bnn_top.cpp:63]   --->   Operation 21 'icmp' 'icmp_ln63' <Predicate = true> <Delay = 0.78> <CoreInst = "Cmp">   --->   Core 9 'Cmp' <Latency = 0> <II = 1> <Delay = 0.78> <FuncUnit> <Opcode : 'seteq' 'setne' 'setle' 'setge' 'setlt' 'setgt'> <InPorts = 2> <OutPorts = 1>
ST_2 : Operation 22 [1/1] (0.00ns)   --->   "%or_ln = bitconcatenate i10 @_ssdm_op_BitConcatenate.i10.i5.i5, i5 %i_1, i5 31" [bnn_top.cpp:63]   --->   Operation 22 'bitconcatenate' 'or_ln' <Predicate = true> <Delay = 0.00>
ST_2 : Operation 23 [1/1] (0.40ns)   --->   "%hi = select i1 %icmp_ln63, i10 %or_ln, i10 783" [bnn_top.cpp:63]   --->   Operation 23 'select' 'hi' <Predicate = true> <Delay = 0.40> <CoreInst = "Sel">   --->   Core 73 'Sel' <Latency = 0> <II = 1> <Delay = 0.40> <FuncUnit> <Opcode : 'select'> <InPorts = 3> <OutPorts = 1>
ST_2 : Operation 24 [1/1] (0.00ns) (grouped into LUT with out node lshr_ln64)   --->   "%trunc_ln64 = trunc i10 %hi" [bnn_top.cpp:64]   --->   Operation 24 'trunc' 'trunc_ln64' <Predicate = true> <Delay = 0.00>
ST_2 : Operation 25 [1/1] (0.00ns) (grouped into LUT with out node lshr_ln64)   --->   "%xor_ln64 = xor i5 %trunc_ln64, i5 31" [bnn_top.cpp:64]   --->   Operation 25 'xor' 'xor_ln64' <Predicate = true> <Delay = 0.00> <CoreInst = "LogicGate">   --->   Core 74 'LogicGate' <Latency = 0> <II = 1> <Delay = 0.19> <FuncUnit> <Opcode : 'and' 'or' 'xor'> <InPorts = 2> <OutPorts = 1>
ST_2 : Operation 26 [1/1] (0.00ns) (grouped into LUT with out node lshr_ln64)   --->   "%zext_ln64_1 = zext i5 %xor_ln64" [bnn_top.cpp:64]   --->   Operation 26 'zext' 'zext_ln64_1' <Predicate = true> <Delay = 0.00>
ST_2 : Operation 27 [1/1] (0.68ns) (out node of the LUT)   --->   "%lshr_ln64 = lshr i32 4294967295, i32 %zext_ln64_1" [bnn_top.cpp:64]   --->   Operation 27 'lshr' 'lshr_ln64' <Predicate = true> <Delay = 0.68> <CoreInst = "Shifter">   --->   Core 75 'Shifter' <Latency = 0> <II = 1> <Delay = 0.68> <FuncUnit> <Opcode : 'shl' 'lshr' 'ashr'> <InPorts = 2> <OutPorts = 1>
ST_2 : Operation 28 [1/1] (0.78ns)   --->   "%icmp_ln64 = icmp_ugt  i10 %lo, i10 %hi" [bnn_top.cpp:64]   --->   Operation 28 'icmp' 'icmp_ln64' <Predicate = true> <Delay = 0.78> <CoreInst = "Cmp">   --->   Core 9 'Cmp' <Latency = 0> <II = 1> <Delay = 0.78> <FuncUnit> <Opcode : 'seteq' 'setne' 'setle' 'setge' 'setlt' 'setgt'> <InPorts = 2> <OutPorts = 1>

State 3 <SV = 2> <Delay = 2.17>
ST_3 : Operation 29 [1/1] (0.00ns) (grouped into LUT with out node shl_ln64)   --->   "%word_data = extractvalue i41 %empty" [bnn_top.cpp:58]   --->   Operation 29 'extractvalue' 'word_data' <Predicate = true> <Delay = 0.00>
ST_3 : Operation 30 [1/1] (0.00ns) (grouped into LUT with out node shl_ln64)   --->   "%and_ln64 = and i32 %word_data, i32 %lshr_ln64" [bnn_top.cpp:64]   --->   Operation 30 'and' 'and_ln64' <Predicate = true> <Delay = 0.00> <CoreInst = "LogicGate">   --->   Core 74 'LogicGate' <Latency = 0> <II = 1> <Delay = 0.35> <FuncUnit> <Opcode : 'and' 'or' 'xor'> <InPorts = 2> <OutPorts = 1>
ST_3 : Operation 31 [1/1] (0.00ns) (grouped into LUT with out node shl_ln64)   --->   "%zext_ln64 = zext i32 %and_ln64" [bnn_top.cpp:64]   --->   Operation 31 'zext' 'zext_ln64' <Predicate = true> <Delay = 0.00>
ST_3 : Operation 32 [1/1] (0.78ns)   --->   "%sub_ln64 = sub i10 783, i10 %lo" [bnn_top.cpp:64]   --->   Operation 32 'sub' 'sub_ln64' <Predicate = (icmp_ln64)> <Delay = 0.78> <CoreInst = "Adder">   --->   Core 1 'Adder' <Latency = 0> <II = 1> <Delay = 0.78> <FuncUnit> <Opcode : 'add' 'sub'> <InPorts = 2> <OutPorts = 1>
ST_3 : Operation 33 [1/1] (0.00ns) (grouped into LUT with out node sub_ln64_1)   --->   "%select_ln64 = select i1 %icmp_ln64, i10 %lo, i10 %hi" [bnn_top.cpp:64]   --->   Operation 33 'select' 'select_ln64' <Predicate = true> <Delay = 0.00> <CoreInst = "Sel">   --->   Core 73 'Sel' <Latency = 0> <II = 1> <Delay = 0.40> <FuncUnit> <Opcode : 'select'> <InPorts = 3> <OutPorts = 1>
ST_3 : Operation 34 [1/1] (0.00ns) (grouped into LUT with out node shl_ln64_1)   --->   "%select_ln64_1 = select i1 %icmp_ln64, i10 %hi, i10 %lo" [bnn_top.cpp:64]   --->   Operation 34 'select' 'select_ln64_1' <Predicate = true> <Delay = 0.00> <CoreInst = "Sel">   --->   Core 73 'Sel' <Latency = 0> <II = 1> <Delay = 0.40> <FuncUnit> <Opcode : 'select'> <InPorts = 3> <OutPorts = 1>
ST_3 : Operation 35 [1/1] (0.00ns) (grouped into LUT with out node shl_ln64)   --->   "%select_ln64_2 = select i1 %icmp_ln64, i10 %sub_ln64, i10 %lo" [bnn_top.cpp:64]   --->   Operation 35 'select' 'select_ln64_2' <Predicate = true> <Delay = 0.00> <CoreInst = "Sel">   --->   Core 73 'Sel' <Latency = 0> <II = 1> <Delay = 0.40> <FuncUnit> <Opcode : 'select'> <InPorts = 3> <OutPorts = 1>
ST_3 : Operation 36 [1/1] (0.78ns) (out node of the LUT)   --->   "%sub_ln64_1 = sub i10 783, i10 %select_ln64" [bnn_top.cpp:64]   --->   Operation 36 'sub' 'sub_ln64_1' <Predicate = true> <Delay = 0.78> <CoreInst = "Adder">   --->   Core 1 'Adder' <Latency = 0> <II = 1> <Delay = 0.78> <FuncUnit> <Opcode : 'add' 'sub'> <InPorts = 2> <OutPorts = 1>
ST_3 : Operation 37 [1/1] (0.00ns) (grouped into LUT with out node shl_ln64)   --->   "%zext_ln64_2 = zext i10 %select_ln64_2" [bnn_top.cpp:64]   --->   Operation 37 'zext' 'zext_ln64_2' <Predicate = true> <Delay = 0.00>
ST_3 : Operation 38 [1/1] (0.00ns) (grouped into LUT with out node shl_ln64_1)   --->   "%zext_ln64_3 = zext i10 %select_ln64_1" [bnn_top.cpp:64]   --->   Operation 38 'zext' 'zext_ln64_3' <Predicate = true> <Delay = 0.00>
ST_3 : Operation 39 [1/1] (0.00ns)   --->   "%zext_ln64_4 = zext i10 %sub_ln64_1" [bnn_top.cpp:64]   --->   Operation 39 'zext' 'zext_ln64_4' <Predicate = true> <Delay = 0.00>
ST_3 : Operation 40 [1/1] (1.38ns) (out node of the LUT)   --->   "%shl_ln64 = shl i784 %zext_ln64, i784 %zext_ln64_2" [bnn_top.cpp:64]   --->   Operation 40 'shl' 'shl_ln64' <Predicate = true> <Delay = 1.38> <CoreInst = "Shifter">   --->   Core 75 'Shifter' <Latency = 0> <II = 1> <Delay = 1.38> <FuncUnit> <Opcode : 'shl' 'lshr' 'ashr'> <InPorts = 2> <OutPorts = 1>
ST_3 : Operation 41 [1/1] (0.86ns) (out node of the LUT)   --->   "%shl_ln64_1 = shl i784 101745825697019260773923519755878567461315282017759829107608914364075275235254395622580447400994175578963163918967182013639660669771108475957692810857098847138903161308502419410142185759152435680068435915159402496058513611411689167650815, i784 %zext_ln64_3" [bnn_top.cpp:64]   --->   Operation 41 'shl' 'shl_ln64_1' <Predicate = true> <Delay = 0.86> <CoreInst = "Shifter">   --->   Core 75 'Shifter' <Latency = 0> <II = 1> <Delay = 0.86> <FuncUnit> <Opcode : 'shl' 'lshr' 'ashr'> <InPorts = 2> <OutPorts = 1>
ST_3 : Operation 42 [1/1] (0.86ns)   --->   "%lshr_ln64_1 = lshr i784 101745825697019260773923519755878567461315282017759829107608914364075275235254395622580447400994175578963163918967182013639660669771108475957692810857098847138903161308502419410142185759152435680068435915159402496058513611411689167650815, i784 %zext_ln64_4" [bnn_top.cpp:64]   --->   Operation 42 'lshr' 'lshr_ln64_1' <Predicate = true> <Delay = 0.86> <CoreInst = "Shifter">   --->   Core 75 'Shifter' <Latency = 0> <II = 1> <Delay = 0.86> <FuncUnit> <Opcode : 'shl' 'lshr' 'ashr'> <InPorts = 2> <OutPorts = 1>
ST_3 : Operation 43 [1/1] (0.37ns)   --->   "%and_ln64_1 = and i784 %shl_ln64_1, i784 %lshr_ln64_1" [bnn_top.cpp:64]   --->   Operation 43 'and' 'and_ln64_1' <Predicate = true> <Delay = 0.37> <CoreInst = "LogicGate">   --->   Core 74 'LogicGate' <Latency = 0> <II = 1> <Delay = 0.37> <FuncUnit> <Opcode : 'and' 'or' 'xor'> <InPorts = 2> <OutPorts = 1>
ST_3 : Operation 56 [1/1] (0.00ns)   --->   "%input_load_1 = load i784 %input"   --->   Operation 56 'load' 'input_load_1' <Predicate = (icmp_ln55)> <Delay = 0.00>
ST_3 : Operation 57 [1/1] (0.00ns)   --->   "%write_ln0 = write void @_ssdm_op_Write.ap_auto.i784P0A, i784 %input_out, i784 %input_load_1"   --->   Operation 57 'write' 'write_ln0' <Predicate = (icmp_ln55)> <Delay = 0.00>
ST_3 : Operation 58 [1/1] (0.42ns)   --->   "%ret_ln0 = ret"   --->   Operation 58 'ret' 'ret_ln0' <Predicate = (icmp_ln55)> <Delay = 0.42>

State 4 <SV = 3> <Delay = 1.12>
ST_4 : Operation 44 [1/1] (0.00ns)   --->   "%input_load = load i784 %input" [bnn_top.cpp:64]   --->   Operation 44 'load' 'input_load' <Predicate = true> <Delay = 0.00>
ST_4 : Operation 45 [1/1] (0.00ns)   --->   "%specpipeline_ln57 = specpipeline void @_ssdm_op_SpecPipeline, i32 1, i32 0, i32 0, i32 0, void @empty_23" [bnn_top.cpp:57]   --->   Operation 45 'specpipeline' 'specpipeline_ln57' <Predicate = true> <Delay = 0.00>
ST_4 : Operation 46 [1/1] (0.00ns)   --->   "%speclooptripcount_ln54 = speclooptripcount void @_ssdm_op_SpecLoopTripCount, i64 25, i64 25, i64 25" [bnn_top.cpp:54]   --->   Operation 46 'speclooptripcount' 'speclooptripcount_ln54' <Predicate = true> <Delay = 0.00>
ST_4 : Operation 47 [1/1] (0.00ns)   --->   "%specloopname_ln55 = specloopname void @_ssdm_op_SpecLoopName, void @empty_10" [bnn_top.cpp:55]   --->   Operation 47 'specloopname' 'specloopname_ln55' <Predicate = true> <Delay = 0.00>
ST_4 : Operation 48 [1/1] (0.00ns) (grouped into LUT with out node input_1)   --->   "%tmp = partselect i784 @llvm.part.select.i784, i784 %shl_ln64, i32 783, i32 0" [bnn_top.cpp:64]   --->   Operation 48 'partselect' 'tmp' <Predicate = (icmp_ln64)> <Delay = 0.00>
ST_4 : Operation 49 [1/1] (0.00ns) (grouped into LUT with out node input_1)   --->   "%select_ln64_3 = select i1 %icmp_ln64, i784 %tmp, i784 %shl_ln64" [bnn_top.cpp:64]   --->   Operation 49 'select' 'select_ln64_3' <Predicate = true> <Delay = 0.00> <CoreInst = "Sel">   --->   Core 73 'Sel' <Latency = 0> <II = 1> <Delay = 0.69> <FuncUnit> <Opcode : 'select'> <InPorts = 3> <OutPorts = 1>
ST_4 : Operation 50 [1/1] (0.00ns) (grouped into LUT with out node input_1)   --->   "%xor_ln64_1 = xor i784 %and_ln64_1, i784 101745825697019260773923519755878567461315282017759829107608914364075275235254395622580447400994175578963163918967182013639660669771108475957692810857098847138903161308502419410142185759152435680068435915159402496058513611411689167650815" [bnn_top.cpp:64]   --->   Operation 50 'xor' 'xor_ln64_1' <Predicate = true> <Delay = 0.00> <CoreInst = "LogicGate">   --->   Core 74 'LogicGate' <Latency = 0> <II = 1> <Delay = 0.37> <FuncUnit> <Opcode : 'and' 'or' 'xor'> <InPorts = 2> <OutPorts = 1>
ST_4 : Operation 51 [1/1] (0.00ns) (grouped into LUT with out node input_1)   --->   "%and_ln64_2 = and i784 %input_load, i784 %xor_ln64_1" [bnn_top.cpp:64]   --->   Operation 51 'and' 'and_ln64_2' <Predicate = true> <Delay = 0.00> <CoreInst = "LogicGate">   --->   Core 74 'LogicGate' <Latency = 0> <II = 1> <Delay = 0.37> <FuncUnit> <Opcode : 'and' 'or' 'xor'> <InPorts = 2> <OutPorts = 1>
ST_4 : Operation 52 [1/1] (0.00ns) (grouped into LUT with out node input_1)   --->   "%and_ln64_3 = and i784 %select_ln64_3, i784 %and_ln64_1" [bnn_top.cpp:64]   --->   Operation 52 'and' 'and_ln64_3' <Predicate = true> <Delay = 0.00> <CoreInst = "LogicGate">   --->   Core 74 'LogicGate' <Latency = 0> <II = 1> <Delay = 0.37> <FuncUnit> <Opcode : 'and' 'or' 'xor'> <InPorts = 2> <OutPorts = 1>
ST_4 : Operation 53 [1/1] (0.69ns) (out node of the LUT)   --->   "%input_1 = or i784 %and_ln64_2, i784 %and_ln64_3" [bnn_top.cpp:64]   --->   Operation 53 'or' 'input_1' <Predicate = true> <Delay = 0.69> <CoreInst = "LogicGate">   --->   Core 74 'LogicGate' <Latency = 0> <II = 1> <Delay = 0.37> <FuncUnit> <Opcode : 'and' 'or' 'xor'> <InPorts = 2> <OutPorts = 1>
ST_4 : Operation 54 [1/1] (0.42ns)   --->   "%store_ln54 = store i784 %input_1, i784 %input" [bnn_top.cpp:54]   --->   Operation 54 'store' 'store_ln54' <Predicate = true> <Delay = 0.42>
ST_4 : Operation 55 [1/1] (0.00ns)   --->   "%br_ln55 = br void %for.body33" [bnn_top.cpp:55]   --->   Operation 55 'br' 'br_ln55' <Predicate = true> <Delay = 0.00>


============================================================
+ Verbose Summary: Binding
============================================================
STG Binding: 
---------------- STG Properties BEGIN ----------------
- Is combinational: 0
- Is one-state seq: 0
- Is datapath-only: 0
- Is pipelined: 0
- Is top level: 0
Port [ Return ] is wired: 1; IO mode=ap_ctrl_hs:ce=0
Port [ input_stream_V_data_V]:  wired=1; compound=1; hidden=0; nouse=0; global=0; static=0; extern=0; dir=0; type=0; pingpong=0; private_global=0; IO mode=axis:ce=0
Port [ input_stream_V_keep_V]:  wired=1; compound=1; hidden=0; nouse=0; global=0; static=0; extern=0; dir=0; type=0; pingpong=0; private_global=0; IO mode=axis:ce=0
Port [ input_stream_V_strb_V]:  wired=1; compound=1; hidden=0; nouse=0; global=0; static=0; extern=0; dir=0; type=0; pingpong=0; private_global=0; IO mode=axis:ce=0
Port [ input_stream_V_last_V]:  wired=1; compound=1; hidden=0; nouse=0; global=0; static=0; extern=0; dir=0; type=0; pingpong=0; private_global=0; IO mode=axis:ce=0
Port [ input_out]:  wired=1; compound=0; hidden=0; nouse=0; global=0; static=0; extern=0; dir=1; type=0; pingpong=0; private_global=0; IO mode=ap_vld:ce=0
---------------- STG Properties END ------------------

---------------- Datapath Model BEGIN ----------------

<LifeTime>
<method=bitvector/>
input                   (alloca             ) [ 01111]
i                       (alloca             ) [ 01000]
specaxissidechannel_ln0 (specaxissidechannel) [ 00000]
specinterface_ln0       (specinterface      ) [ 00000]
store_ln55              (store              ) [ 00000]
store_ln54              (store              ) [ 00000]
br_ln55                 (br                 ) [ 00000]
i_1                     (load               ) [ 01100]
icmp_ln55               (icmp               ) [ 01110]
i_2                     (add                ) [ 00000]
br_ln55                 (br                 ) [ 00000]
empty                   (read               ) [ 01110]
store_ln55              (store              ) [ 00000]
lo                      (bitconcatenate     ) [ 01010]
icmp_ln63               (icmp               ) [ 00000]
or_ln                   (bitconcatenate     ) [ 00000]
hi                      (select             ) [ 01010]
trunc_ln64              (trunc              ) [ 00000]
xor_ln64                (xor                ) [ 00000]
zext_ln64_1             (zext               ) [ 00000]
lshr_ln64               (lshr               ) [ 01010]
icmp_ln64               (icmp               ) [ 01011]
word_data               (extractvalue       ) [ 00000]
and_ln64                (and                ) [ 00000]
zext_ln64               (zext               ) [ 00000]
sub_ln64                (sub                ) [ 00000]
select_ln64             (select             ) [ 00000]
select_ln64_1           (select             ) [ 00000]
select_ln64_2           (select             ) [ 00000]
sub_ln64_1              (sub                ) [ 00000]
zext_ln64_2             (zext               ) [ 00000]
zext_ln64_3             (zext               ) [ 00000]
zext_ln64_4             (zext               ) [ 00000]
shl_ln64                (shl                ) [ 01001]
shl_ln64_1              (shl                ) [ 00000]
lshr_ln64_1             (lshr               ) [ 00000]
and_ln64_1              (and                ) [ 01001]
input_load              (load               ) [ 00000]
specpipeline_ln57       (specpipeline       ) [ 00000]
speclooptripcount_ln54  (speclooptripcount  ) [ 00000]
specloopname_ln55       (specloopname       ) [ 00000]
tmp                     (partselect         ) [ 00000]
select_ln64_3           (select             ) [ 00000]
xor_ln64_1              (xor                ) [ 00000]
and_ln64_2              (and                ) [ 00000]
and_ln64_3              (and                ) [ 00000]
input_1                 (or                 ) [ 00000]
store_ln54              (store              ) [ 00000]
br_ln55                 (br                 ) [ 00000]
input_load_1            (load               ) [ 00000]
write_ln0               (write              ) [ 00000]
ret_ln0                 (ret                ) [ 00000]
</LifeTime>

<model>

<comp_list>
<comp id="0" class="1000" name="input_stream_V_data_V">
<pin_list>
<pin id="1" dir="1" index="0" bw="1" slack="0"/>
</pin_list>
<bind>
<StgValue><ssdm name="input_stream_V_data_V"/></StgValue>
</bind>
</comp>

<comp id="2" class="1000" name="input_stream_V_keep_V">
<pin_list>
<pin id="3" dir="1" index="0" bw="1" slack="0"/>
</pin_list>
<bind>
<StgValue><ssdm name="input_stream_V_keep_V"/></StgValue>
</bind>
</comp>

<comp id="4" class="1000" name="input_stream_V_strb_V">
<pin_list>
<pin id="5" dir="1" index="0" bw="1" slack="0"/>
</pin_list>
<bind>
<StgValue><ssdm name="input_stream_V_strb_V"/></StgValue>
</bind>
</comp>

<comp id="6" class="1000" name="input_stream_V_last_V">
<pin_list>
<pin id="7" dir="1" index="0" bw="1" slack="0"/>
</pin_list>
<bind>
<StgValue><ssdm name="input_stream_V_last_V"/></StgValue>
</bind>
</comp>

<comp id="8" class="1000" name="input_out">
<pin_list>
<pin id="9" dir="1" index="0" bw="1" slack="0"/>
</pin_list>
<bind>
<StgValue><ssdm name="input_out"/></StgValue>
</bind>
</comp>

<comp id="10" class="1001" name="const_10">
<pin_list>
<pin id="11" dir="1" index="0" bw="1" slack="0"/>
</pin_list>
<bind>
<StgValue><ssdm name=""/></StgValue>
</bind>
</comp>

<comp id="12" class="1001" name="const_12">
<pin_list>
<pin id="13" dir="1" index="0" bw="1" slack="2147483647"/>
</pin_list>
<bind>
<StgValue><ssdm name="_ssdm_op_SpecAXISSideChannel"/></StgValue>
</bind>
</comp>

<comp id="14" class="1001" name="const_14">
<pin_list>
<pin id="15" dir="1" index="0" bw="1" slack="2147483647"/>
</pin_list>
<bind>
<StgValue><ssdm name=""/></StgValue>
</bind>
</comp>

<comp id="16" class="1001" name="const_16">
<pin_list>
<pin id="17" dir="1" index="0" bw="1" slack="2147483647"/>
</pin_list>
<bind>
<StgValue><ssdm name="empty_14"/></StgValue>
</bind>
</comp>

<comp id="18" class="1001" name="const_18">
<pin_list>
<pin id="19" dir="1" index="0" bw="1" slack="2147483647"/>
</pin_list>
<bind>
<StgValue><ssdm name="_ssdm_op_SpecInterface"/></StgValue>
</bind>
</comp>

<comp id="20" class="1001" name="const_20">
<pin_list>
<pin id="21" dir="1" index="0" bw="1" slack="2147483647"/>
</pin_list>
<bind>
<StgValue><ssdm name="empty_3"/></StgValue>
</bind>
</comp>

<comp id="22" class="1001" name="const_22">
<pin_list>
<pin id="23" dir="1" index="0" bw="1" slack="0"/>
</pin_list>
<bind>
<StgValue><ssdm name=""/></StgValue>
</bind>
</comp>

<comp id="24" class="1001" name="const_24">
<pin_list>
<pin id="25" dir="1" index="0" bw="1" slack="2147483647"/>
</pin_list>
<bind>
<StgValue><ssdm name="empty_4"/></StgValue>
</bind>
</comp>

<comp id="26" class="1001" name="const_26">
<pin_list>
<pin id="27" dir="1" index="0" bw="1" slack="2147483647"/>
</pin_list>
<bind>
<StgValue><ssdm name="empty_23"/></StgValue>
</bind>
</comp>

<comp id="28" class="1001" name="const_28">
<pin_list>
<pin id="29" dir="1" index="0" bw="1" slack="0"/>
</pin_list>
<bind>
<StgValue><ssdm name=""/></StgValue>
</bind>
</comp>

<comp id="30" class="1001" name="const_30">
<pin_list>
<pin id="31" dir="1" index="0" bw="1" slack="0"/>
</pin_list>
<bind>
<StgValue><ssdm name=""/></StgValue>
</bind>
</comp>

<comp id="32" class="1001" name="const_32">
<pin_list>
<pin id="33" dir="1" index="0" bw="1" slack="0"/>
</pin_list>
<bind>
<StgValue><ssdm name=""/></StgValue>
</bind>
</comp>

<comp id="34" class="1001" name="const_34">
<pin_list>
<pin id="35" dir="1" index="0" bw="1" slack="0"/>
</pin_list>
<bind>
<StgValue><ssdm name=""/></StgValue>
</bind>
</comp>

<comp id="36" class="1001" name="const_36">
<pin_list>
<pin id="37" dir="1" index="0" bw="1" slack="0"/>
</pin_list>
<bind>
<StgValue><ssdm name=""/></StgValue>
</bind>
</comp>

<comp id="38" class="1001" name="const_38">
<pin_list>
<pin id="39" dir="1" index="0" bw="1" slack="0"/>
</pin_list>
<bind>
<StgValue><ssdm name="_ssdm_op_Read.axis.volatile.i32P0A.i4P0A.i4P0A.i1P0A"/></StgValue>
</bind>
</comp>

<comp id="40" class="1001" name="const_40">
<pin_list>
<pin id="41" dir="1" index="0" bw="1" slack="0"/>
</pin_list>
<bind>
<StgValue><ssdm name="_ssdm_op_BitConcatenate.i10.i5.i5"/></StgValue>
</bind>
</comp>

<comp id="42" class="1001" name="const_42">
<pin_list>
<pin id="43" dir="1" index="0" bw="1" slack="0"/>
</pin_list>
<bind>
<StgValue><ssdm name=""/></StgValue>
</bind>
</comp>

<comp id="44" class="1001" name="const_44">
<pin_list>
<pin id="45" dir="1" index="0" bw="1" slack="0"/>
</pin_list>
<bind>
<StgValue><ssdm name=""/></StgValue>
</bind>
</comp>

<comp id="46" class="1001" name="const_46">
<pin_list>
<pin id="47" dir="1" index="0" bw="1" slack="0"/>
</pin_list>
<bind>
<StgValue><ssdm name=""/></StgValue>
</bind>
</comp>

<comp id="48" class="1001" name="const_48">
<pin_list>
<pin id="49" dir="1" index="0" bw="1" slack="0"/>
</pin_list>
<bind>
<StgValue><ssdm name=""/></StgValue>
</bind>
</comp>

<comp id="50" class="1001" name="const_50">
<pin_list>
<pin id="51" dir="1" index="0" bw="1" slack="2147483647"/>
</pin_list>
<bind>
<StgValue><ssdm name="_ssdm_op_SpecPipeline"/></StgValue>
</bind>
</comp>

<comp id="52" class="1001" name="const_52">
<pin_list>
<pin id="53" dir="1" index="0" bw="1" slack="2147483647"/>
</pin_list>
<bind>
<StgValue><ssdm name="_ssdm_op_SpecLoopTripCount"/></StgValue>
</bind>
</comp>

<comp id="54" class="1001" name="const_54">
<pin_list>
<pin id="55" dir="1" index="0" bw="1" slack="2147483647"/>
</pin_list>
<bind>
<StgValue><ssdm name=""/></StgValue>
</bind>
</comp>

<comp id="56" class="1001" name="const_56">
<pin_list>
<pin id="57" dir="1" index="0" bw="1" slack="2147483647"/>
</pin_list>
<bind>
<StgValue><ssdm name="_ssdm_op_SpecLoopName"/></StgValue>
</bind>
</comp>

<comp id="58" class="1001" name="const_58">
<pin_list>
<pin id="59" dir="1" index="0" bw="1" slack="2147483647"/>
</pin_list>
<bind>
<StgValue><ssdm name="empty_10"/></StgValue>
</bind>
</comp>

<comp id="60" class="1001" name="const_60">
<pin_list>
<pin id="61" dir="1" index="0" bw="1" slack="0"/>
</pin_list>
<bind>
<StgValue><ssdm name="llvm.part.select.i784"/></StgValue>
</bind>
</comp>

<comp id="62" class="1001" name="const_62">
<pin_list>
<pin id="63" dir="1" index="0" bw="1" slack="0"/>
</pin_list>
<bind>
<StgValue><ssdm name=""/></StgValue>
</bind>
</comp>

<comp id="64" class="1001" name="const_64">
<pin_list>
<pin id="65" dir="1" index="0" bw="1" slack="0"/>
</pin_list>
<bind>
<StgValue><ssdm name="_ssdm_op_Write.ap_auto.i784P0A"/></StgValue>
</bind>
</comp>

<comp id="66" class="1004" name="input_fu_66">
<pin_list>
<pin id="67" dir="0" index="0" bw="1" slack="0"/>
<pin id="68" dir="1" index="1" bw="784" slack="0"/>
</pin_list>
<bind>
<opcode="alloca(26) " fcode="alloca"/>
<opset="input/1 "/>
</bind>
</comp>

<comp id="70" class="1004" name="i_fu_70">
<pin_list>
<pin id="71" dir="0" index="0" bw="1" slack="0"/>
<pin id="72" dir="1" index="1" bw="5" slack="0"/>
</pin_list>
<bind>
<opcode="alloca(26) " fcode="alloca"/>
<opset="i/1 "/>
</bind>
</comp>

<comp id="74" class="1004" name="empty_read_fu_74">
<pin_list>
<pin id="75" dir="0" index="0" bw="41" slack="0"/>
<pin id="76" dir="0" index="1" bw="32" slack="0"/>
<pin id="77" dir="0" index="2" bw="4" slack="0"/>
<pin id="78" dir="0" index="3" bw="4" slack="0"/>
<pin id="79" dir="0" index="4" bw="1" slack="0"/>
<pin id="80" dir="1" index="5" bw="41" slack="2"/>
</pin_list>
<bind>
<opcode="read(1150) " fcode="read"/>
<opset="empty/1 "/>
</bind>
</comp>

<comp id="86" class="1004" name="write_ln0_write_fu_86">
<pin_list>
<pin id="87" dir="0" index="0" bw="0" slack="0"/>
<pin id="88" dir="0" index="1" bw="784" slack="0"/>
<pin id="89" dir="0" index="2" bw="784" slack="0"/>
<pin id="90" dir="1" index="3" bw="0" slack="2147483647"/>
</pin_list>
<bind>
<opcode="write(1151) " fcode="write"/>
<opset="write_ln0/3 "/>
</bind>
</comp>

<comp id="93" class="1004" name="store_ln55_store_fu_93">
<pin_list>
<pin id="94" dir="0" index="0" bw="1" slack="0"/>
<pin id="95" dir="0" index="1" bw="5" slack="0"/>
<pin id="96" dir="1" index="2" bw="0" slack="2147483647"/>
</pin_list>
<bind>
<opcode="store(28) " fcode="store"/>
<opset="store_ln55/1 "/>
</bind>
</comp>

<comp id="98" class="1004" name="store_ln54_store_fu_98">
<pin_list>
<pin id="99" dir="0" index="0" bw="1" slack="0"/>
<pin id="100" dir="0" index="1" bw="784" slack="0"/>
<pin id="101" dir="1" index="2" bw="0" slack="2147483647"/>
</pin_list>
<bind>
<opcode="store(28) " fcode="store"/>
<opset="store_ln54/1 "/>
</bind>
</comp>

<comp id="103" class="1004" name="i_1_load_fu_103">
<pin_list>
<pin id="104" dir="0" index="0" bw="5" slack="0"/>
<pin id="105" dir="1" index="1" bw="5" slack="0"/>
</pin_list>
<bind>
<opcode="load(27) " fcode="load"/>
<opset="i_1/1 "/>
</bind>
</comp>

<comp id="106" class="1004" name="icmp_ln55_fu_106">
<pin_list>
<pin id="107" dir="0" index="0" bw="5" slack="0"/>
<pin id="108" dir="0" index="1" bw="4" slack="0"/>
<pin id="109" dir="1" index="2" bw="1" slack="2"/>
</pin_list>
<bind>
<opcode="icmp(45) " fcode="icmp"/>
<opset="icmp_ln55/1 "/>
</bind>
</comp>

<comp id="112" class="1004" name="i_2_fu_112">
<pin_list>
<pin id="113" dir="0" index="0" bw="5" slack="0"/>
<pin id="114" dir="0" index="1" bw="1" slack="0"/>
<pin id="115" dir="1" index="2" bw="5" slack="0"/>
</pin_list>
<bind>
<opcode="add(8) " fcode="add"/>
<opset="i_2/1 "/>
</bind>
</comp>

<comp id="118" class="1004" name="store_ln55_store_fu_118">
<pin_list>
<pin id="119" dir="0" index="0" bw="5" slack="0"/>
<pin id="120" dir="0" index="1" bw="5" slack="0"/>
<pin id="121" dir="1" index="2" bw="0" slack="2147483647"/>
</pin_list>
<bind>
<opcode="store(28) " fcode="store"/>
<opset="store_ln55/1 "/>
</bind>
</comp>

<comp id="123" class="1004" name="lo_fu_123">
<pin_list>
<pin id="124" dir="0" index="0" bw="10" slack="0"/>
<pin id="125" dir="0" index="1" bw="5" slack="1"/>
<pin id="126" dir="0" index="2" bw="1" slack="0"/>
<pin id="127" dir="1" index="3" bw="10" slack="0"/>
</pin_list>
<bind>
<opcode="bitconcatenate(1004) " fcode="bitconcatenate"/>
<opset="lo/2 "/>
</bind>
</comp>

<comp id="130" class="1004" name="icmp_ln63_fu_130">
<pin_list>
<pin id="131" dir="0" index="0" bw="5" slack="1"/>
<pin id="132" dir="0" index="1" bw="5" slack="0"/>
<pin id="133" dir="1" index="2" bw="1" slack="0"/>
</pin_list>
<bind>
<opcode="icmp(45) " fcode="icmp"/>
<opset="icmp_ln63/2 "/>
</bind>
</comp>

<comp id="135" class="1004" name="or_ln_fu_135">
<pin_list>
<pin id="136" dir="0" index="0" bw="10" slack="0"/>
<pin id="137" dir="0" index="1" bw="5" slack="1"/>
<pin id="138" dir="0" index="2" bw="1" slack="0"/>
<pin id="139" dir="1" index="3" bw="10" slack="0"/>
</pin_list>
<bind>
<opcode="bitconcatenate(1004) " fcode="bitconcatenate"/>
<opset="or_ln/2 "/>
</bind>
</comp>

<comp id="142" class="1004" name="hi_fu_142">
<pin_list>
<pin id="143" dir="0" index="0" bw="1" slack="0"/>
<pin id="144" dir="0" index="1" bw="10" slack="0"/>
<pin id="145" dir="0" index="2" bw="9" slack="0"/>
<pin id="146" dir="1" index="3" bw="10" slack="0"/>
</pin_list>
<bind>
<opcode="select(49) " fcode="select"/>
<opset="hi/2 "/>
</bind>
</comp>

<comp id="150" class="1004" name="trunc_ln64_fu_150">
<pin_list>
<pin id="151" dir="0" index="0" bw="10" slack="0"/>
<pin id="152" dir="1" index="1" bw="5" slack="0"/>
</pin_list>
<bind>
<opcode="trunc(33) " fcode="trunc"/>
<opset="trunc_ln64/2 "/>
</bind>
</comp>

<comp id="154" class="1004" name="xor_ln64_fu_154">
<pin_list>
<pin id="155" dir="0" index="0" bw="5" slack="0"/>
<pin id="156" dir="0" index="1" bw="1" slack="0"/>
<pin id="157" dir="1" index="2" bw="5" slack="0"/>
</pin_list>
<bind>
<opcode="xor(25) " fcode="xor"/>
<opset="xor_ln64/2 "/>
</bind>
</comp>

<comp id="160" class="1004" name="zext_ln64_1_fu_160">
<pin_list>
<pin id="161" dir="0" index="0" bw="5" slack="0"/>
<pin id="162" dir="1" index="1" bw="32" slack="0"/>
</pin_list>
<bind>
<opcode="zext(34) " fcode="zext"/>
<opset="zext_ln64_1/2 "/>
</bind>
</comp>

<comp id="164" class="1004" name="lshr_ln64_fu_164">
<pin_list>
<pin id="165" dir="0" index="0" bw="1" slack="0"/>
<pin id="166" dir="0" index="1" bw="5" slack="0"/>
<pin id="167" dir="1" index="2" bw="32" slack="1"/>
</pin_list>
<bind>
<opcode="lshr(21) " fcode="lshr"/>
<opset="lshr_ln64/2 "/>
</bind>
</comp>

<comp id="170" class="1004" name="icmp_ln64_fu_170">
<pin_list>
<pin id="171" dir="0" index="0" bw="10" slack="0"/>
<pin id="172" dir="0" index="1" bw="10" slack="0"/>
<pin id="173" dir="1" index="2" bw="1" slack="1"/>
</pin_list>
<bind>
<opcode="icmp(45) " fcode="icmp"/>
<opset="icmp_ln64/2 "/>
</bind>
</comp>

<comp id="176" class="1004" name="word_data_fu_176">
<pin_list>
<pin id="177" dir="0" index="0" bw="41" slack="2"/>
<pin id="178" dir="1" index="1" bw="32" slack="0"/>
</pin_list>
<bind>
<opcode="extractvalue(56) " fcode="extractvalue"/>
<opset="word_data/3 "/>
</bind>
</comp>

<comp id="179" class="1004" name="and_ln64_fu_179">
<pin_list>
<pin id="180" dir="0" index="0" bw="32" slack="0"/>
<pin id="181" dir="0" index="1" bw="32" slack="1"/>
<pin id="182" dir="1" index="2" bw="32" slack="0"/>
</pin_list>
<bind>
<opcode="and(23) " fcode="and"/>
<opset="and_ln64/3 "/>
</bind>
</comp>

<comp id="184" class="1004" name="zext_ln64_fu_184">
<pin_list>
<pin id="185" dir="0" index="0" bw="32" slack="0"/>
<pin id="186" dir="1" index="1" bw="784" slack="0"/>
</pin_list>
<bind>
<opcode="zext(34) " fcode="zext"/>
<opset="zext_ln64/3 "/>
</bind>
</comp>

<comp id="188" class="1004" name="sub_ln64_fu_188">
<pin_list>
<pin id="189" dir="0" index="0" bw="9" slack="0"/>
<pin id="190" dir="0" index="1" bw="10" slack="1"/>
<pin id="191" dir="1" index="2" bw="10" slack="0"/>
</pin_list>
<bind>
<opcode="sub(10) " fcode="sub"/>
<opset="sub_ln64/3 "/>
</bind>
</comp>

<comp id="193" class="1004" name="select_ln64_fu_193">
<pin_list>
<pin id="194" dir="0" index="0" bw="1" slack="1"/>
<pin id="195" dir="0" index="1" bw="10" slack="1"/>
<pin id="196" dir="0" index="2" bw="10" slack="1"/>
<pin id="197" dir="1" index="3" bw="10" slack="0"/>
</pin_list>
<bind>
<opcode="select(49) " fcode="select"/>
<opset="select_ln64/3 "/>
</bind>
</comp>

<comp id="198" class="1004" name="select_ln64_1_fu_198">
<pin_list>
<pin id="199" dir="0" index="0" bw="1" slack="1"/>
<pin id="200" dir="0" index="1" bw="10" slack="1"/>
<pin id="201" dir="0" index="2" bw="10" slack="1"/>
<pin id="202" dir="1" index="3" bw="10" slack="0"/>
</pin_list>
<bind>
<opcode="select(49) " fcode="select"/>
<opset="select_ln64_1/3 "/>
</bind>
</comp>

<comp id="203" class="1004" name="select_ln64_2_fu_203">
<pin_list>
<pin id="204" dir="0" index="0" bw="1" slack="1"/>
<pin id="205" dir="0" index="1" bw="10" slack="0"/>
<pin id="206" dir="0" index="2" bw="10" slack="1"/>
<pin id="207" dir="1" index="3" bw="10" slack="0"/>
</pin_list>
<bind>
<opcode="select(49) " fcode="select"/>
<opset="select_ln64_2/3 "/>
</bind>
</comp>

<comp id="209" class="1004" name="sub_ln64_1_fu_209">
<pin_list>
<pin id="210" dir="0" index="0" bw="9" slack="0"/>
<pin id="211" dir="0" index="1" bw="10" slack="0"/>
<pin id="212" dir="1" index="2" bw="10" slack="0"/>
</pin_list>
<bind>
<opcode="sub(10) " fcode="sub"/>
<opset="sub_ln64_1/3 "/>
</bind>
</comp>

<comp id="215" class="1004" name="zext_ln64_2_fu_215">
<pin_list>
<pin id="216" dir="0" index="0" bw="10" slack="0"/>
<pin id="217" dir="1" index="1" bw="784" slack="0"/>
</pin_list>
<bind>
<opcode="zext(34) " fcode="zext"/>
<opset="zext_ln64_2/3 "/>
</bind>
</comp>

<comp id="219" class="1004" name="zext_ln64_3_fu_219">
<pin_list>
<pin id="220" dir="0" index="0" bw="10" slack="0"/>
<pin id="221" dir="1" index="1" bw="784" slack="0"/>
</pin_list>
<bind>
<opcode="zext(34) " fcode="zext"/>
<opset="zext_ln64_3/3 "/>
</bind>
</comp>

<comp id="223" class="1004" name="zext_ln64_4_fu_223">
<pin_list>
<pin id="224" dir="0" index="0" bw="10" slack="0"/>
<pin id="225" dir="1" index="1" bw="784" slack="0"/>
</pin_list>
<bind>
<opcode="zext(34) " fcode="zext"/>
<opset="zext_ln64_4/3 "/>
</bind>
</comp>

<comp id="227" class="1004" name="shl_ln64_fu_227">
<pin_list>
<pin id="228" dir="0" index="0" bw="32" slack="0"/>
<pin id="229" dir="0" index="1" bw="10" slack="0"/>
<pin id="230" dir="1" index="2" bw="784" slack="1"/>
</pin_list>
<bind>
<opcode="shl(20) " fcode="shl"/>
<opset="shl_ln64/3 "/>
</bind>
</comp>

<comp id="233" class="1004" name="shl_ln64_1_fu_233">
<pin_list>
<pin id="234" dir="0" index="0" bw="1" slack="0"/>
<pin id="235" dir="0" index="1" bw="10" slack="0"/>
<pin id="236" dir="1" index="2" bw="784" slack="0"/>
</pin_list>
<bind>
<opcode="shl(20) " fcode="shl"/>
<opset="shl_ln64_1/3 "/>
</bind>
</comp>

<comp id="239" class="1004" name="lshr_ln64_1_fu_239">
<pin_list>
<pin id="240" dir="0" index="0" bw="1" slack="0"/>
<pin id="241" dir="0" index="1" bw="10" slack="0"/>
<pin id="242" dir="1" index="2" bw="784" slack="0"/>
</pin_list>
<bind>
<opcode="lshr(21) " fcode="lshr"/>
<opset="lshr_ln64_1/3 "/>
</bind>
</comp>

<comp id="245" class="1004" name="and_ln64_1_fu_245">
<pin_list>
<pin id="246" dir="0" index="0" bw="784" slack="0"/>
<pin id="247" dir="0" index="1" bw="784" slack="0"/>
<pin id="248" dir="1" index="2" bw="784" slack="1"/>
</pin_list>
<bind>
<opcode="and(23) " fcode="and"/>
<opset="and_ln64_1/3 "/>
</bind>
</comp>

<comp id="251" class="1004" name="input_load_load_fu_251">
<pin_list>
<pin id="252" dir="0" index="0" bw="784" slack="3"/>
<pin id="253" dir="1" index="1" bw="784" slack="0"/>
</pin_list>
<bind>
<opcode="load(27) " fcode="load"/>
<opset="input_load/4 "/>
</bind>
</comp>

<comp id="254" class="1004" name="tmp_fu_254">
<pin_list>
<pin id="255" dir="0" index="0" bw="784" slack="0"/>
<pin id="256" dir="0" index="1" bw="784" slack="1"/>
<pin id="257" dir="0" index="2" bw="11" slack="0"/>
<pin id="258" dir="0" index="3" bw="1" slack="0"/>
<pin id="259" dir="1" index="4" bw="784" slack="0"/>
</pin_list>
<bind>
<opcode="partselect(1002) " fcode="partselect"/>
<opset="tmp/4 "/>
</bind>
</comp>

<comp id="263" class="1004" name="select_ln64_3_fu_263">
<pin_list>
<pin id="264" dir="0" index="0" bw="1" slack="2"/>
<pin id="265" dir="0" index="1" bw="784" slack="0"/>
<pin id="266" dir="0" index="2" bw="784" slack="1"/>
<pin id="267" dir="1" index="3" bw="784" slack="0"/>
</pin_list>
<bind>
<opcode="select(49) " fcode="select"/>
<opset="select_ln64_3/4 "/>
</bind>
</comp>

<comp id="269" class="1004" name="xor_ln64_1_fu_269">
<pin_list>
<pin id="270" dir="0" index="0" bw="784" slack="1"/>
<pin id="271" dir="0" index="1" bw="1" slack="0"/>
<pin id="272" dir="1" index="2" bw="784" slack="0"/>
</pin_list>
<bind>
<opcode="xor(25) " fcode="xor"/>
<opset="xor_ln64_1/4 "/>
</bind>
</comp>

<comp id="274" class="1004" name="and_ln64_2_fu_274">
<pin_list>
<pin id="275" dir="0" index="0" bw="784" slack="0"/>
<pin id="276" dir="0" index="1" bw="784" slack="0"/>
<pin id="277" dir="1" index="2" bw="784" slack="0"/>
</pin_list>
<bind>
<opcode="and(23) " fcode="and"/>
<opset="and_ln64_2/4 "/>
</bind>
</comp>

<comp id="280" class="1004" name="and_ln64_3_fu_280">
<pin_list>
<pin id="281" dir="0" index="0" bw="784" slack="0"/>
<pin id="282" dir="0" index="1" bw="784" slack="1"/>
<pin id="283" dir="1" index="2" bw="784" slack="0"/>
</pin_list>
<bind>
<opcode="and(23) " fcode="and"/>
<opset="and_ln64_3/4 "/>
</bind>
</comp>

<comp id="285" class="1004" name="input_1_fu_285">
<pin_list>
<pin id="286" dir="0" index="0" bw="784" slack="0"/>
<pin id="287" dir="0" index="1" bw="784" slack="0"/>
<pin id="288" dir="1" index="2" bw="784" slack="0"/>
</pin_list>
<bind>
<opcode="or(24) " fcode="or"/>
<opset="input_1/4 "/>
</bind>
</comp>

<comp id="291" class="1004" name="store_ln54_store_fu_291">
<pin_list>
<pin id="292" dir="0" index="0" bw="784" slack="0"/>
<pin id="293" dir="0" index="1" bw="784" slack="3"/>
<pin id="294" dir="1" index="2" bw="0" slack="2147483647"/>
</pin_list>
<bind>
<opcode="store(28) " fcode="store"/>
<opset="store_ln54/4 "/>
</bind>
</comp>

<comp id="296" class="1004" name="input_load_1_load_fu_296">
<pin_list>
<pin id="297" dir="0" index="0" bw="784" slack="2"/>
<pin id="298" dir="1" index="1" bw="784" slack="0"/>
</pin_list>
<bind>
<opcode="load(27) " fcode="load"/>
<opset="input_load_1/3 "/>
</bind>
</comp>

<comp id="300" class="1005" name="input_reg_300">
<pin_list>
<pin id="301" dir="0" index="0" bw="784" slack="0"/>
<pin id="302" dir="1" index="1" bw="784" slack="0"/>
</pin_list>
<bind>
<opset="input "/>
</bind>
</comp>

<comp id="308" class="1005" name="i_reg_308">
<pin_list>
<pin id="309" dir="0" index="0" bw="5" slack="0"/>
<pin id="310" dir="1" index="1" bw="5" slack="0"/>
</pin_list>
<bind>
<opset="i "/>
</bind>
</comp>

<comp id="315" class="1005" name="i_1_reg_315">
<pin_list>
<pin id="316" dir="0" index="0" bw="5" slack="1"/>
<pin id="317" dir="1" index="1" bw="5" slack="1"/>
</pin_list>
<bind>
<opset="i_1 "/>
</bind>
</comp>

<comp id="322" class="1005" name="icmp_ln55_reg_322">
<pin_list>
<pin id="323" dir="0" index="0" bw="1" slack="2"/>
<pin id="324" dir="1" index="1" bw="1" slack="2147483647"/>
</pin_list>
<bind>
<opset="icmp_ln55 "/>
</bind>
</comp>

<comp id="326" class="1005" name="empty_reg_326">
<pin_list>
<pin id="327" dir="0" index="0" bw="41" slack="2"/>
<pin id="328" dir="1" index="1" bw="41" slack="2"/>
</pin_list>
<bind>
<opset="empty "/>
</bind>
</comp>

<comp id="331" class="1005" name="lo_reg_331">
<pin_list>
<pin id="332" dir="0" index="0" bw="10" slack="1"/>
<pin id="333" dir="1" index="1" bw="10" slack="1"/>
</pin_list>
<bind>
<opset="lo "/>
</bind>
</comp>

<comp id="339" class="1005" name="hi_reg_339">
<pin_list>
<pin id="340" dir="0" index="0" bw="10" slack="1"/>
<pin id="341" dir="1" index="1" bw="10" slack="1"/>
</pin_list>
<bind>
<opset="hi "/>
</bind>
</comp>

<comp id="345" class="1005" name="lshr_ln64_reg_345">
<pin_list>
<pin id="346" dir="0" index="0" bw="32" slack="1"/>
<pin id="347" dir="1" index="1" bw="32" slack="1"/>
</pin_list>
<bind>
<opset="lshr_ln64 "/>
</bind>
</comp>

<comp id="350" class="1005" name="icmp_ln64_reg_350">
<pin_list>
<pin id="351" dir="0" index="0" bw="1" slack="1"/>
<pin id="352" dir="1" index="1" bw="1" slack="1"/>
</pin_list>
<bind>
<opset="icmp_ln64 "/>
</bind>
</comp>

<comp id="358" class="1005" name="shl_ln64_reg_358">
<pin_list>
<pin id="359" dir="0" index="0" bw="784" slack="1"/>
<pin id="360" dir="1" index="1" bw="784" slack="1"/>
</pin_list>
<bind>
<opset="shl_ln64 "/>
</bind>
</comp>

<comp id="364" class="1005" name="and_ln64_1_reg_364">
<pin_list>
<pin id="365" dir="0" index="0" bw="784" slack="1"/>
<pin id="366" dir="1" index="1" bw="784" slack="1"/>
</pin_list>
<bind>
<opset="and_ln64_1 "/>
</bind>
</comp>

</comp_list>

<net_list>
<net id="69"><net_src comp="10" pin="0"/><net_sink comp="66" pin=0"/></net>

<net id="73"><net_src comp="10" pin="0"/><net_sink comp="70" pin=0"/></net>

<net id="81"><net_src comp="38" pin="0"/><net_sink comp="74" pin=0"/></net>

<net id="82"><net_src comp="0" pin="0"/><net_sink comp="74" pin=1"/></net>

<net id="83"><net_src comp="2" pin="0"/><net_sink comp="74" pin=2"/></net>

<net id="84"><net_src comp="4" pin="0"/><net_sink comp="74" pin=3"/></net>

<net id="85"><net_src comp="6" pin="0"/><net_sink comp="74" pin=4"/></net>

<net id="91"><net_src comp="64" pin="0"/><net_sink comp="86" pin=0"/></net>

<net id="92"><net_src comp="8" pin="0"/><net_sink comp="86" pin=1"/></net>

<net id="97"><net_src comp="30" pin="0"/><net_sink comp="93" pin=0"/></net>

<net id="102"><net_src comp="32" pin="0"/><net_sink comp="98" pin=0"/></net>

<net id="110"><net_src comp="103" pin="1"/><net_sink comp="106" pin=0"/></net>

<net id="111"><net_src comp="34" pin="0"/><net_sink comp="106" pin=1"/></net>

<net id="116"><net_src comp="103" pin="1"/><net_sink comp="112" pin=0"/></net>

<net id="117"><net_src comp="36" pin="0"/><net_sink comp="112" pin=1"/></net>

<net id="122"><net_src comp="112" pin="2"/><net_sink comp="118" pin=0"/></net>

<net id="128"><net_src comp="40" pin="0"/><net_sink comp="123" pin=0"/></net>

<net id="129"><net_src comp="30" pin="0"/><net_sink comp="123" pin=2"/></net>

<net id="134"><net_src comp="42" pin="0"/><net_sink comp="130" pin=1"/></net>

<net id="140"><net_src comp="40" pin="0"/><net_sink comp="135" pin=0"/></net>

<net id="141"><net_src comp="44" pin="0"/><net_sink comp="135" pin=2"/></net>

<net id="147"><net_src comp="130" pin="2"/><net_sink comp="142" pin=0"/></net>

<net id="148"><net_src comp="135" pin="3"/><net_sink comp="142" pin=1"/></net>

<net id="149"><net_src comp="46" pin="0"/><net_sink comp="142" pin=2"/></net>

<net id="153"><net_src comp="142" pin="3"/><net_sink comp="150" pin=0"/></net>

<net id="158"><net_src comp="150" pin="1"/><net_sink comp="154" pin=0"/></net>

<net id="159"><net_src comp="44" pin="0"/><net_sink comp="154" pin=1"/></net>

<net id="163"><net_src comp="154" pin="2"/><net_sink comp="160" pin=0"/></net>

<net id="168"><net_src comp="28" pin="0"/><net_sink comp="164" pin=0"/></net>

<net id="169"><net_src comp="160" pin="1"/><net_sink comp="164" pin=1"/></net>

<net id="174"><net_src comp="123" pin="3"/><net_sink comp="170" pin=0"/></net>

<net id="175"><net_src comp="142" pin="3"/><net_sink comp="170" pin=1"/></net>

<net id="183"><net_src comp="176" pin="1"/><net_sink comp="179" pin=0"/></net>

<net id="187"><net_src comp="179" pin="2"/><net_sink comp="184" pin=0"/></net>

<net id="192"><net_src comp="46" pin="0"/><net_sink comp="188" pin=0"/></net>

<net id="208"><net_src comp="188" pin="2"/><net_sink comp="203" pin=1"/></net>

<net id="213"><net_src comp="46" pin="0"/><net_sink comp="209" pin=0"/></net>

<net id="214"><net_src comp="193" pin="3"/><net_sink comp="209" pin=1"/></net>

<net id="218"><net_src comp="203" pin="3"/><net_sink comp="215" pin=0"/></net>

<net id="222"><net_src comp="198" pin="3"/><net_sink comp="219" pin=0"/></net>

<net id="226"><net_src comp="209" pin="2"/><net_sink comp="223" pin=0"/></net>

<net id="231"><net_src comp="184" pin="1"/><net_sink comp="227" pin=0"/></net>

<net id="232"><net_src comp="215" pin="1"/><net_sink comp="227" pin=1"/></net>

<net id="237"><net_src comp="48" pin="0"/><net_sink comp="233" pin=0"/></net>

<net id="238"><net_src comp="219" pin="1"/><net_sink comp="233" pin=1"/></net>

<net id="243"><net_src comp="48" pin="0"/><net_sink comp="239" pin=0"/></net>

<net id="244"><net_src comp="223" pin="1"/><net_sink comp="239" pin=1"/></net>

<net id="249"><net_src comp="233" pin="2"/><net_sink comp="245" pin=0"/></net>

<net id="250"><net_src comp="239" pin="2"/><net_sink comp="245" pin=1"/></net>

<net id="260"><net_src comp="60" pin="0"/><net_sink comp="254" pin=0"/></net>

<net id="261"><net_src comp="62" pin="0"/><net_sink comp="254" pin=2"/></net>

<net id="262"><net_src comp="22" pin="0"/><net_sink comp="254" pin=3"/></net>

<net id="268"><net_src comp="254" pin="4"/><net_sink comp="263" pin=1"/></net>

<net id="273"><net_src comp="48" pin="0"/><net_sink comp="269" pin=1"/></net>

<net id="278"><net_src comp="251" pin="1"/><net_sink comp="274" pin=0"/></net>

<net id="279"><net_src comp="269" pin="2"/><net_sink comp="274" pin=1"/></net>

<net id="284"><net_src comp="263" pin="3"/><net_sink comp="280" pin=0"/></net>

<net id="289"><net_src comp="274" pin="2"/><net_sink comp="285" pin=0"/></net>

<net id="290"><net_src comp="280" pin="2"/><net_sink comp="285" pin=1"/></net>

<net id="295"><net_src comp="285" pin="2"/><net_sink comp="291" pin=0"/></net>

<net id="299"><net_src comp="296" pin="1"/><net_sink comp="86" pin=2"/></net>

<net id="303"><net_src comp="66" pin="1"/><net_sink comp="300" pin=0"/></net>

<net id="304"><net_src comp="300" pin="1"/><net_sink comp="98" pin=1"/></net>

<net id="305"><net_src comp="300" pin="1"/><net_sink comp="251" pin=0"/></net>

<net id="306"><net_src comp="300" pin="1"/><net_sink comp="291" pin=1"/></net>

<net id="307"><net_src comp="300" pin="1"/><net_sink comp="296" pin=0"/></net>

<net id="311"><net_src comp="70" pin="1"/><net_sink comp="308" pin=0"/></net>

<net id="312"><net_src comp="308" pin="1"/><net_sink comp="93" pin=1"/></net>

<net id="313"><net_src comp="308" pin="1"/><net_sink comp="103" pin=0"/></net>

<net id="314"><net_src comp="308" pin="1"/><net_sink comp="118" pin=1"/></net>

<net id="318"><net_src comp="103" pin="1"/><net_sink comp="315" pin=0"/></net>

<net id="319"><net_src comp="315" pin="1"/><net_sink comp="123" pin=1"/></net>

<net id="320"><net_src comp="315" pin="1"/><net_sink comp="130" pin=0"/></net>

<net id="321"><net_src comp="315" pin="1"/><net_sink comp="135" pin=1"/></net>

<net id="325"><net_src comp="106" pin="2"/><net_sink comp="322" pin=0"/></net>

<net id="329"><net_src comp="74" pin="5"/><net_sink comp="326" pin=0"/></net>

<net id="330"><net_src comp="326" pin="1"/><net_sink comp="176" pin=0"/></net>

<net id="334"><net_src comp="123" pin="3"/><net_sink comp="331" pin=0"/></net>

<net id="335"><net_src comp="331" pin="1"/><net_sink comp="188" pin=1"/></net>

<net id="336"><net_src comp="331" pin="1"/><net_sink comp="193" pin=1"/></net>

<net id="337"><net_src comp="331" pin="1"/><net_sink comp="198" pin=2"/></net>

<net id="338"><net_src comp="331" pin="1"/><net_sink comp="203" pin=2"/></net>

<net id="342"><net_src comp="142" pin="3"/><net_sink comp="339" pin=0"/></net>

<net id="343"><net_src comp="339" pin="1"/><net_sink comp="193" pin=2"/></net>

<net id="344"><net_src comp="339" pin="1"/><net_sink comp="198" pin=1"/></net>

<net id="348"><net_src comp="164" pin="2"/><net_sink comp="345" pin=0"/></net>

<net id="349"><net_src comp="345" pin="1"/><net_sink comp="179" pin=1"/></net>

<net id="353"><net_src comp="170" pin="2"/><net_sink comp="350" pin=0"/></net>

<net id="354"><net_src comp="350" pin="1"/><net_sink comp="193" pin=0"/></net>

<net id="355"><net_src comp="350" pin="1"/><net_sink comp="198" pin=0"/></net>

<net id="356"><net_src comp="350" pin="1"/><net_sink comp="203" pin=0"/></net>

<net id="357"><net_src comp="350" pin="1"/><net_sink comp="263" pin=0"/></net>

<net id="361"><net_src comp="227" pin="2"/><net_sink comp="358" pin=0"/></net>

<net id="362"><net_src comp="358" pin="1"/><net_sink comp="254" pin=1"/></net>

<net id="363"><net_src comp="358" pin="1"/><net_sink comp="263" pin=2"/></net>

<net id="367"><net_src comp="245" pin="2"/><net_sink comp="364" pin=0"/></net>

<net id="368"><net_src comp="364" pin="1"/><net_sink comp="269" pin=0"/></net>

<net id="369"><net_src comp="364" pin="1"/><net_sink comp="280" pin=1"/></net>

</net_list>

</model> 
---------------- Datapath Model END ------------------

* FSMD analyzer results:
  - Output states:
	Port: input_out | {3 }
 - Input state : 
	Port: bnn_top_Pipeline_RECV_INPUT : input_stream_V_data_V | {1 }
	Port: bnn_top_Pipeline_RECV_INPUT : input_stream_V_keep_V | {1 }
	Port: bnn_top_Pipeline_RECV_INPUT : input_stream_V_strb_V | {1 }
	Port: bnn_top_Pipeline_RECV_INPUT : input_stream_V_last_V | {1 }
  - Chain level:
	State 1
		store_ln55 : 1
		store_ln54 : 1
		i_1 : 1
		icmp_ln55 : 2
		i_2 : 2
		br_ln55 : 3
		store_ln55 : 3
	State 2
		hi : 1
		trunc_ln64 : 2
		xor_ln64 : 3
		zext_ln64_1 : 3
		lshr_ln64 : 4
		icmp_ln64 : 2
	State 3
		and_ln64 : 1
		zext_ln64 : 1
		select_ln64_2 : 1
		sub_ln64_1 : 1
		zext_ln64_2 : 2
		zext_ln64_3 : 1
		zext_ln64_4 : 2
		shl_ln64 : 3
		shl_ln64_1 : 2
		lshr_ln64_1 : 3
		and_ln64_1 : 4
		write_ln0 : 1
	State 4
		select_ln64_3 : 1
		and_ln64_3 : 2
		input_1 : 2
		store_ln54 : 2


============================================================
+ Verbose Summary: Datapath Resource usage 
============================================================

* Functional unit list:
|----------|-----------------------|---------|---------|
| Operation|    Functional Unit    |    FF   |   LUT   |
|----------|-----------------------|---------|---------|
|          |    and_ln64_fu_179    |    0    |    32   |
|    and   |   and_ln64_1_fu_245   |    0    |   783   |
|          |   and_ln64_2_fu_274   |    0    |   783   |
|          |   and_ln64_3_fu_280   |    0    |   783   |
|----------|-----------------------|---------|---------|
|          |       hi_fu_142       |    0    |    10   |
|          |   select_ln64_fu_193  |    0    |    10   |
|  select  |  select_ln64_1_fu_198 |    0    |    10   |
|          |  select_ln64_2_fu_203 |    0    |    10   |
|          |  select_ln64_3_fu_263 |    0    |   776   |
|----------|-----------------------|---------|---------|
|    xor   |    xor_ln64_fu_154    |    0    |    5    |
|          |   xor_ln64_1_fu_269   |    0    |   783   |
|----------|-----------------------|---------|---------|
|    or    |     input_1_fu_285    |    0    |   783   |
|----------|-----------------------|---------|---------|
|    shl   |    shl_ln64_fu_227    |    0    |    96   |
|          |   shl_ln64_1_fu_233   |    0    |    20   |
|----------|-----------------------|---------|---------|
|          |    icmp_ln55_fu_106   |    0    |    12   |
|   icmp   |    icmp_ln63_fu_130   |    0    |    12   |
|          |    icmp_ln64_fu_170   |    0    |    17   |
|----------|-----------------------|---------|---------|
|    sub   |    sub_ln64_fu_188    |    0    |    17   |
|          |   sub_ln64_1_fu_209   |    0    |    17   |
|----------|-----------------------|---------|---------|
|   lshr   |    lshr_ln64_fu_164   |    0    |    11   |
|          |   lshr_ln64_1_fu_239  |    0    |    20   |
|----------|-----------------------|---------|---------|
|    add   |       i_2_fu_112      |    0    |    12   |
|----------|-----------------------|---------|---------|
|   read   |    empty_read_fu_74   |    0    |    0    |
|----------|-----------------------|---------|---------|
|   write  | write_ln0_write_fu_86 |    0    |    0    |
|----------|-----------------------|---------|---------|
|bitconcatenate|       lo_fu_123       |    0    |    0    |
|          |      or_ln_fu_135     |    0    |    0    |
|----------|-----------------------|---------|---------|
|   trunc  |   trunc_ln64_fu_150   |    0    |    0    |
|----------|-----------------------|---------|---------|
|          |   zext_ln64_1_fu_160  |    0    |    0    |
|          |    zext_ln64_fu_184   |    0    |    0    |
|   zext   |   zext_ln64_2_fu_215  |    0    |    0    |
|          |   zext_ln64_3_fu_219  |    0    |    0    |
|          |   zext_ln64_4_fu_223  |    0    |    0    |
|----------|-----------------------|---------|---------|
|extractvalue|    word_data_fu_176   |    0    |    0    |
|----------|-----------------------|---------|---------|
|partselect|       tmp_fu_254      |    0    |    0    |
|----------|-----------------------|---------|---------|
|   Total  |                       |    0    |   5002  |
|----------|-----------------------|---------|---------|

Memories:
N/A

* Register list:
+------------------+--------+
|                  |   FF   |
+------------------+--------+
|and_ln64_1_reg_364|   784  |
|   empty_reg_326  |   41   |
|    hi_reg_339    |   10   |
|    i_1_reg_315   |    5   |
|     i_reg_308    |    5   |
| icmp_ln55_reg_322|    1   |
| icmp_ln64_reg_350|    1   |
|   input_reg_300  |   784  |
|    lo_reg_331    |   10   |
| lshr_ln64_reg_345|   32   |
| shl_ln64_reg_358 |   784  |
+------------------+--------+
|       Total      |  2457  |
+------------------+--------+

* Multiplexer (MUX) list: 
|--------|------|------|------|--------|
|  Comp  |  Pin | Size |  BW  | S x BW |
|--------|------|------|------|--------|
|  Total |      |      |      |    0   |
|--------|------|------|------|--------|



* Summary:
+-----------+--------+--------+
|           |   FF   |   LUT  |
+-----------+--------+--------+
|  Function |    0   |  5002  |
|   Memory  |    -   |    -   |
|Multiplexer|    -   |    -   |
|  Register |  2457  |    -   |
+-----------+--------+--------+
|   Total   |  2457  |  5002  |
+-----------+--------+--------+
