

================================================================
== Vitis HLS Report for 'bnn_top_Pipeline_RECV_INPUT'
================================================================
* Date:           Mon Mar 23 17:19:31 2026

* Version:        2024.1 (Build 5069499 on May 21 2024)
* Project:        bnn_top_iostream
* Solution:       hls (Vivado IP Flow Target)
* Product family: zynquplus
* Target device:  xczu3eg-sfvc784-2-e


================================================================
== Performance Estimates
================================================================
+ Timing: 
    * Summary: 
    +--------+---------+----------+------------+
    |  Clock |  Target | Estimated| Uncertainty|
    +--------+---------+----------+------------+
    |ap_clk  |  3.00 ns|  2.175 ns|     0.81 ns|
    +--------+---------+----------+------------+

+ Latency: 
    * Summary: 
    +---------+---------+-----------+-----------+-----+-----+-----------------------------------------------+
    |  Latency (cycles) |   Latency (absolute)  |  Interval |                    Pipeline                   |
    |   min   |   max   |    min    |    max    | min | max |                      Type                     |
    +---------+---------+-----------+-----------+-----+-----+-----------------------------------------------+
    |       29|       29|  87.000 ns|  87.000 ns|   26|   26|  loop auto-rewind stp(delay=0 clock cycles(s))|
    +---------+---------+-----------+-----------+-----+-----+-----------------------------------------------+

    + Detail: 
        * Instance: 
        N/A

        * Loop: 
        +--------------+---------+---------+----------+-----------+-----------+------+----------+
        |              |  Latency (cycles) | Iteration|  Initiation Interval  | Trip |          |
        |   Loop Name  |   min   |   max   |  Latency |  achieved |   target  | Count| Pipelined|
        +--------------+---------+---------+----------+-----------+-----------+------+----------+
        |- RECV_INPUT  |       27|       27|         4|          1|          1|    25|       yes|
        +--------------+---------+---------+----------+-----------+-----------+------+----------+

============================================================
+ Verbose Summary: Synthesis Manager
============================================================
InlineROM: 1
ExposeGlobal: 0
============================================================
+ Verbose Summary: CDFG Model
============================================================
IsTopModel: 0
ResetActiveHigh: 1
IsCombinational: 0
IsDatapathOnly: 0
HasWiredReturn: 1
HasMFsm: 2
HasVarLatency: 1
IsPipeline: 0
IsRtlPipelined: 0
IsInstanceOverlapped: 0
IsDontTouch: 0
HasImplIP: 0
IsGatedGlobalClock: 0

+ Individual pipeline summary: 
  * Pipeline-0: initiation interval (II) = 1, depth = 4


============================================================
+ Verbose Summary: Schedule
============================================================
* Number of FSM states : 4
* Pipeline : 1
  Pipeline-0 : II = 1, D = 4, States = { 1 2 3 4 }
* Dataflow Pipeline: 0

* FSM state transitions: 
1 --> 2 
2 --> 3 
3 --> 4 
4 --> 

* FSM state operations: 

State 1 <SV = 0> <Delay = 1.64>
ST_1 : Operation 7 [1/1] (0.00ns)   --->   "%input = alloca i32 1" [bnn_top.cpp:54]   --->   Operation 7 'alloca' 'input' <Predicate = true> <Delay = 0.00>
ST_1 : Operation 8 [1/1] (0.00ns)   --->   "%i = alloca i32 1" [bnn_top.cpp:55]   --->   Operation 8 'alloca' 'i' <Predicate = true> <Delay = 0.00>
ST_1 : Operation 9 [1/1] (0.00ns)   --->   "%specaxissidechannel_ln0 = specaxissidechannel void @_ssdm_op_SpecAXISSideChannel, i32 %input_stream_V_data_V, i4 %input_stream_V_keep_V, i4 %input_stream_V_strb_V, i1 0, i1 %input_stream_V_last_V, i1 0, i1 0, void @empty_14"   --->   Operation 9 'specaxissidechannel' 'specaxissidechannel_ln0' <Predicate = true> <Delay = 0.00>
ST_1 : Operation 10 [1/1] (0.00ns)   --->   "%specinterface_ln0 = specinterface void @_ssdm_op_SpecInterface, i1 %input_stream_V_last_V, i4 %input_stream_V_strb_V, i4 %input_stream_V_keep_V, i32 %input_stream_V_data_V, void @empty_3, i32 0, i32 0, void @empty_4, i32 0, i32 0, void @empty_23, void @empty_23, void @empty_23, i32 0, i32 0, i32 0, i32 0, void @empty_23, void @empty_23, i32 4294967295, i32 0, i32 0"   --->   Operation 10 'specinterface' 'specinterface_ln0' <Predicate = true> <Delay = 0.00>
ST_1 : Operation 11 [1/1] (0.42ns)   --->   "%store_ln55 = store i5 0, i5 %i" [bnn_top.cpp:55]   --->   Operation 11 'store' 'store_ln55' <Predicate = true> <Delay = 0.42>
ST_1 : Operation 12 [1/1] (0.42ns)   --->   "%store_ln54 = store i784 0, i784 %input" [bnn_top.cpp:54]   --->   Operation 12 'store' 'store_ln54' <Predicate = true> <Delay = 0.42>
ST_1 : Operation 13 [1/1] (0.00ns)   --->   "%br_ln55 = br void %for.body33" [bnn_top.cpp:55]   --->   Operation 13 'br' 'br_ln55' <Predicate = true> <Delay = 0.00>
ST_1 : Operation 14 [1/1] (0.00ns)   --->   "%i_1 = load i5 %i" [bnn_top.cpp:55]   --->   Operation 14 'load' 'i_1' <Predicate = true> <Delay = 0.00>
ST_1 : Operation 15 [1/1] (0.78ns)   --->   "%icmp_ln55 = icmp_eq  i5 %i_1, i5 25" [bnn_top.cpp:55]   --->   Operation 15 'icmp' 'icmp_ln55' <Predicate = true> <Delay = 0.78> <CoreInst = "Cmp">   --->   Core 9 'Cmp' <Latency = 0> <II = 1> <Delay = 0.78> <FuncUnit> <Opcode : 'seteq' 'setne' 'setle' 'setge' 'setlt' 'setgt'> <InPorts = 2> <OutPorts = 1>
ST_1 : Operation 16 [1/1] (0.78ns)   --->   "%i_2 = add i5 %i_1, i5 1" [bnn_top.cpp:55]   --->   Operation 16 'add' 'i_2' <Predicate = true> <Delay = 0.78> <CoreInst = "Adder">   --->   Core 1 'Adder' <Latency = 0> <II = 1> <Delay = 0.78> <FuncUnit> <Opcode : 'add' 'sub'> <InPorts = 2> <OutPorts = 1>
ST_1 : Operation 17 [1/1] (0.00ns)   --->   "%br_ln55 = br i1 %icmp_ln55, void %for.body33.split, void %VITIS_LOOP_73_1.preheader.exitStub" [bnn_top.cpp:55]   --->   Operation 17 'br' 'br_ln55' <Predicate = true> <Delay = 0.00>
ST_1 : Operation 18 [1/1] (0.07ns)   --->   "%empty = read i41 @_ssdm_op_Read.axis.volatile.i32P0A.i4P0A.i4P0A.i1P0A, i32 %input_stream_V_data_V, i4 %input_stream_V_keep_V, i4 %input_stream_V_strb_V, i1 %input_stream_V_last_V" [bnn_top.cpp:58]   --->   Operation 18 'read' 'empty' <Predicate = (!icmp_ln55)> <Delay = 0.07> <CoreInst = "regslice">   --->   Core 148 'regslice' <Latency = 0> <II = 1> <Delay = 0.65> <Adapter> <Opcode : 'read' 'write'>
ST_1 : Operation 19 [1/1] (0.42ns)   --->   "%store_ln55 = store i5 %i_2, i5 %i" [bnn_top.cpp:55]   --->   Operation 19 'store' 'store_ln55' <Predicate = (!icmp_ln55)> <Delay = 0.42>

State 2 <SV = 1> <Delay = 1.97>
ST_2 : Operation 20 [1/1] (0.00ns)   --->   "%lo = bitconcatenate i10 @_ssdm_op_BitConcatenate.i10.i5.i5, i5 %i_1, i5 0" [bnn_top.cpp:62]   --->   Operation 20 'bitconcatenate' 'lo' <Predicate = true> <Delay = 0.00>
ST_2 : Operation 21 [1/1] (0.78ns)   --->   "%icmp_ln63 = icmp_ult  i5 %i_1, i5 24" [bnn_top.cpp:63]   --->   Operation 21 'icmp' 'icmp_ln63' <Predicate = true> <Delay = 0.78> <CoreInst = "Cmp">   --->   Core 9 'Cmp' <Latency = 0> <II = 1> <Delay = 0.78> <FuncUnit> <Opcode : 'seteq' 'setne' 'setle' 'setge' 'setlt' 'setgt'> <InPorts = 2> <OutPorts = 1>
ST_2 : Operation 22 [1/1] (0.00ns)   --->   "%or_ln = bitconcatenate i10 @_ssdm_op_BitConcatenate.i10.i5.i5, i5 %i_1, i5 31" [bnn_top.cpp:63]   --->   Operation 22 'bitconcatenate' 'or_ln' <Predicate = true> <Delay = 0.00>
ST_2 : Operation 23 [1/1] (0.40ns)   --->   "%hi = select i1 %icmp_ln63, i10 %or_ln, i10 783" [bnn_top.cpp:63]   --->   Operation 23 'select' 'hi' <Predicate = true> <Delay = 0.40> <CoreInst = "Sel">   --->   Core 73 'Sel' <Latency = 0> <II = 1> <Delay = 0.40> <FuncUnit> <Opcode : 'select'> <InPorts = 3> <OutPorts = 1>
ST_2 : Operation 24 [1/1] (0.00ns) (grouped into LUT with out node lshr_ln64)   --->   "%trunc_ln64 = trunc i10 %hi" [bnn_top.cpp:64]   --->   Operation 24 'trunc' 'trunc_ln64' <Predicate = true> <Delay = 0.00>
ST_2 : Operation 25 [1/1] (0.00ns) (grouped into LUT with out node lshr_ln64)   --->   "%xor_ln64 = xor i5 %trunc_ln64, i5 31" [bnn_top.cpp:64]   --->   Operation 25 'xor' 'xor_ln64' <Predicate = true> <Delay = 0.00> <CoreInst = "LogicGate">   --->   Core 74 'LogicGate' <Latency = 0> <II = 1> <Delay = 0.19> <FuncUnit> <Opcode : 'and' 'or' 'xor'> <InPorts = 2> <OutPorts = 1>
ST_2 : Operation 26 [1/1] (0.00ns) (grouped into LUT with out node lshr_ln64)   --->   "%zext_ln64_1 = zext i5 %xor_ln64" [bnn_top.cpp:64]   --->   Operation 26 'zext' 'zext_ln64_1' <Predicate = true> <Delay = 0.00>
ST_2 : Operation 27 [1/1] (0.68ns) (out node of the LUT)   --->   "%lshr_ln64 = lshr i32 4294967295, i32 %zext_ln64_1" [bnn_top.cpp:64]   --->   Operation 27 'lshr' 'lshr_ln64' <Predicate = true> <Delay = 0.68> <CoreInst = "Shifter">   --->   Core 75 'Shifter' <Latency = 0> <II = 1> <Delay = 0.68> <FuncUnit> <Opcode : 'shl' 'lshr' 'ashr'> <InPorts = 2> <OutPorts = 1>
ST_2 : Operation 28 [1/1] (0.78ns)   --->   "%icmp_ln64 = icmp_ugt  i10 %lo, i10 %hi" [bnn_top.cpp:64]   --->   Operation 28 'icmp' 'icmp_ln64' <Predicate = true> <Delay = 0.78> <CoreInst = "Cmp">   --->   Core 9 'Cmp' <Latency = 0> <II = 1> <Delay = 0.78> <FuncUnit> <Opcode : 'seteq' 'setne' 'setle' 'setge' 'setlt' 'setgt'> <InPorts = 2> <OutPorts = 1>

State 3 <SV = 2> <Delay = 2.17>
ST_3 : Operation 29 [1/1] (0.00ns) (grouped into LUT with out node shl_ln64)   --->   "%word_data = extractvalue i41 %empty" [bnn_top.cpp:58]   --->   Operation 29 'extractvalue' 'word_data' <Predicate = true> <Delay = 0.00>
ST_3 : Operation 30 [1/1] (0.00ns) (grouped into LUT with out node shl_ln64)   --->   "%and_ln64 = and i32 %word_data, i32 %lshr_ln64" [bnn_top.cpp:64]   --->   Operation 30 'and' 'and_ln64' <Predicate = true> <Delay = 0.00> <CoreInst = "LogicGate">   --->   Core 74 'LogicGate' <Latency = 0> <II = 1> <Delay = 0.35> <FuncUnit> <Opcode : 'and' 'or' 'xor'> <InPorts = 2> <OutPorts = 1>
ST_3 : Operation 31 [1/1] (0.00ns) (grouped into LUT with out node shl_ln64)   --->   "%zext_ln64 = zext i32 %and_ln64" [bnn_top.cpp:64]   --->   Operation 31 'zext' 'zext_ln64' <Predicate = true> <Delay = 0.00>
ST_3 : Operation 32 [1/1] (0.78ns)   --->   "%sub_ln64 = sub i10 783, i10 %lo" [bnn_top.cpp:64]   --->   Operation 32 'sub' 'sub_ln64' <Predicate = (icmp_ln64)> <Delay = 0.78> <CoreInst = "Adder">   --->   Core 1 'Adder' <Latency = 0> <II = 1> <Delay = 0.78> <FuncUnit> <Opcode : 'add' 'sub'> <InPorts = 2> <OutPorts = 1>
ST_3 : Operation 33 [1/1] (0.00ns) (grouped into LUT with out node sub_ln64_1)   --->   "%select_ln64 = select i1 %icmp_ln64, i10 %lo, i10 %hi" [bnn_top.cpp:64]   --->   Operation 33 'select' 'select_ln64' <Predicate = true> <Delay = 0.00> <CoreInst = "Sel">   --->   Core 73 'Sel' <Latency = 0> <II = 1> <Delay = 0.40> <FuncUnit> <Opcode : 'select'> <InPorts = 3> <OutPorts = 1>
ST_3 : Operation 34 [1/1] (0.00ns) (grouped into LUT with out node shl_ln64_1)   --->   "%select_ln64_1 = select i1 %icmp_ln64, i10 %hi, i10 %lo" [bnn_top.cpp:64]   --->   Operation 34 'select' 'select_ln64_1' <Predicate = true> <Delay = 0.00> <CoreInst = "Sel">   --->   Core 73 'Sel' <Latency = 0> <II = 1> <Delay = 0.40> <FuncUnit> <Opcode : 'select'> <InPorts = 3> <OutPorts = 1>
ST_3 : Operation 35 [1/1] (0.00ns) (grouped into LUT with out node shl_ln64)   --->   "%select_ln64_2 = select i1 %icmp_ln64, i10 %sub_ln64, i10 %lo" [bnn_top.cpp:64]   --->   Operation 35 'select' 'select_ln64_2' <Predicate = true> <Delay = 0.00> <CoreInst = "Sel">   --->   Core 73 'Sel' <Latency = 0> <II = 1> <Delay = 0.40> <FuncUnit> <Opcode : 'select'> <InPorts = 3> <OutPorts = 1>
ST_3 : Operation 36 [1/1] (0.78ns) (out node of the LUT)   --->   "%sub_ln64_1 = sub i10 783, i10 %select_ln64" [bnn_top.cpp:64]   --->   Operation 36 'sub' 'sub_ln64_1' <Predicate = true> <Delay = 0.78> <CoreInst = "Adder">   --->   Core 1 'Adder' <Latency = 0> <II = 1> <Delay = 0.78> <FuncUnit> <Opcode : 'add' 'sub'> <InPorts = 2> <OutPorts = 1>
ST_3 : Operation 37 [1/1] (0.00ns) (grouped into LUT with out node shl_ln64)   --->   "%zext_ln64_2 = zext i10 %select_ln64_2" [bnn_top.cpp:64]   --->   Operation 37 'zext' 'zext_ln64_2' <Predicate = true> <Delay = 0.00>
ST_3 : Operation 38 [1/1] (0.00ns) (grouped into LUT with out node shl_ln64_1)   --->   "%zext_ln64_3 = zext i10 %select_ln64_1" [bnn_top.cpp:64]   --->   Operation 38 'zext' 'zext_ln64_3' <Predicate = true> <Delay = 0.00>
ST_3 : Operation 39 [1/1] (0.00ns)   --->   "%zext_ln64_4 = zext i10 %sub_ln64_1" [bnn_top.cpp:64]   --->   Operation 39 'zext' 'zext_ln64_4' <Predicate = true> <Delay = 0.00>
ST_3 : Operation 40 [1/1] (1.38ns) (out node of the LUT)   --->   "%shl_ln64 = shl i784 %zext_ln64, i784 %zext_ln64_2" [bnn_top.cpp:64]   --->   Operation 40 'shl' 'shl_ln64' <Predicate = true> <Delay = 1.38> <CoreInst = "Shifter">   --->   Core 75 'Shifter' <Latency = 0> <II = 1> <Delay = 1.38> <FuncUnit> <Opcode : 'shl' 'lshr' 'ashr'> <InPorts = 2> <OutPorts = 1>
ST_3 : Operation 41 [1/1] (0.86ns) (out node of the LUT)   --->   "%shl_ln64_1 = shl i784 101745825697019260773923519755878567461315282017759829107608914364075275235254395622580447400994175578963163918967182013639660669771108475957692810857098847138903161308502419410142185759152435680068435915159402496058513611411689167650815, i784 %zext_ln64_3" [bnn_top.cpp:64]   --->   Operation 41 'shl' 'shl_ln64_1' <Predicate = true> <Delay = 0.86> <CoreInst = "Shifter">   --->   Core 75 'Shifter' <Latency = 0> <II = 1> <Delay = 0.86> <FuncUnit> <Opcode : 'shl' 'lshr' 'ashr'> <InPorts = 2> <OutPorts = 1>
ST_3 : Operation 42 [1/1] (0.86ns)   --->   "%lshr_ln64_1 = lshr i784 101745825697019260773923519755878567461315282017759829107608914364075275235254395622580447400994175578963163918967182013639660669771108475957692810857098847138903161308502419410142185759152435680068435915159402496058513611411689167650815, i784 %zext_ln64_4" [bnn_top.cpp:64]   --->   Operation 42 'lshr' 'lshr_ln64_1' <Predicate = true> <Delay = 0.86> <CoreInst = "Shifter">   --->   Core 75 'Shifter' <Latency = 0> <II = 1> <Delay = 0.86> <FuncUnit> <Opcode : 'shl' 'lshr' 'ashr'> <InPorts = 2> <OutPorts = 1>
ST_3 : Operation 43 [1/1] (0.37ns)   --->   "%and_ln64_1 = and i784 %shl_ln64_1, i784 %lshr_ln64_1" [bnn_top.cpp:64]   --->   Operation 43 'and' 'and_ln64_1' <Predicate = true> <Delay = 0.37> <CoreInst = "LogicGate">   --->   Core 74 'LogicGate' <Latency = 0> <II = 1> <Delay = 0.37> <FuncUnit> <Opcode : 'and' 'or' 'xor'> <InPorts = 2> <OutPorts = 1>
ST_3 : Operation 56 [1/1] (0.00ns)   --->   "%input_load_1 = load i784 %input"   --->   Operation 56 'load' 'input_load_1' <Predicate = (icmp_ln55)> <Delay = 0.00>
ST_3 : Operation 57 [1/1] (0.00ns)   --->   "%write_ln0 = write void @_ssdm_op_Write.ap_auto.i784P0A, i784 %input_out, i784 %input_load_1"   --->   Operation 57 'write' 'write_ln0' <Predicate = (icmp_ln55)> <Delay = 0.00>
ST_3 : Operation 58 [1/1] (0.42ns)   --->   "%ret_ln0 = ret"   --->   Operation 58 'ret' 'ret_ln0' <Predicate = (icmp_ln55)> <Delay = 0.42>

State 4 <SV = 3> <Delay = 1.12>
ST_4 : Operation 44 [1/1] (0.00ns)   --->   "%input_load = load i784 %input" [bnn_top.cpp:64]   --->   Operation 44 'load' 'input_load' <Predicate = true> <Delay = 0.00>
ST_4 : Operation 45 [1/1] (0.00ns)   --->   "%specpipeline_ln57 = specpipeline void @_ssdm_op_SpecPipeline, i32 1, i32 0, i32 0, i32 0, void @empty_23" [bnn_top.cpp:57]   --->   Operation 45 'specpipeline' 'specpipeline_ln57' <Predicate = true> <Delay = 0.00>
ST_4 : Operation 46 [1/1] (0.00ns)   --->   "%speclooptripcount_ln54 = speclooptripcount void @_ssdm_op_SpecLoopTripCount, i64 25, i64 25, i64 25" [bnn_top.cpp:54]   --->   Operation 46 'speclooptripcount' 'speclooptripcount_ln54' <Predicate = true> <Delay = 0.00>
ST_4 : Operation 47 [1/1] (0.00ns)   --->   "%specloopname_ln55 = specloopname void @_ssdm_op_SpecLoopName, void @empty_10" [bnn_top.cpp:55]   --->   Operation 47 'specloopname' 'specloopname_ln55' <Predicate = true> <Delay = 0.00>
ST_4 : Operation 48 [1/1] (0.00ns) (grouped into LUT with out node input_1)   --->   "%tmp = partselect i784 @llvm.part.select.i784, i784 %shl_ln64, i32 783, i32 0" [bnn_top.cpp:64]   --->   Operation 48 'partselect' 'tmp' <Predicate = (icmp_ln64)> <Delay = 0.00>
ST_4 : Operation 49 [1/1] (0.00ns) (grouped into LUT with out node input_1)   --->   "%select_ln64_3 = select i1 %icmp_ln64, i784 %tmp, i784 %shl_ln64" [bnn_top.cpp:64]   --->   Operation 49 'select' 'select_ln64_3' <Predicate = true> <Delay = 0.00> <CoreInst = "Sel">   --->   Core 73 'Sel' <Latency = 0> <II = 1> <Delay = 0.69> <FuncUnit> <Opcode : 'select'> <InPorts = 3> <OutPorts = 1>
ST_4 : Operation 50 [1/1] (0.00ns) (grouped into LUT with out node input_1)   --->   "%xor_ln64_1 = xor i784 %and_ln64_1, i784 101745825697019260773923519755878567461315282017759829107608914364075275235254395622580447400994175578963163918967182013639660669771108475957692810857098847138903161308502419410142185759152435680068435915159402496058513611411689167650815" [bnn_top.cpp:64]   --->   Operation 50 'xor' 'xor_ln64_1' <Predicate = true> <Delay = 0.00> <CoreInst = "LogicGate">   --->   Core 74 'LogicGate' <Latency = 0> <II = 1> <Delay = 0.37> <FuncUnit> <Opcode : 'and' 'or' 'xor'> <InPorts = 2> <OutPorts = 1>
ST_4 : Operation 51 [1/1] (0.00ns) (grouped into LUT with out node input_1)   --->   "%and_ln64_2 = and i784 %input_load, i784 %xor_ln64_1" [bnn_top.cpp:64]   --->   Operation 51 'and' 'and_ln64_2' <Predicate = true> <Delay = 0.00> <CoreInst = "LogicGate">   --->   Core 74 'LogicGate' <Latency = 0> <II = 1> <Delay = 0.37> <FuncUnit> <Opcode : 'and' 'or' 'xor'> <InPorts = 2> <OutPorts = 1>
ST_4 : Operation 52 [1/1] (0.00ns) (grouped into LUT with out node input_1)   --->   "%and_ln64_3 = and i784 %select_ln64_3, i784 %and_ln64_1" [bnn_top.cpp:64]   --->   Operation 52 'and' 'and_ln64_3' <Predicate = true> <Delay = 0.00> <CoreInst = "LogicGate">   --->   Core 74 'LogicGate' <Latency = 0> <II = 1> <Delay = 0.37> <FuncUnit> <Opcode : 'and' 'or' 'xor'> <InPorts = 2> <OutPorts = 1>
ST_4 : Operation 53 [1/1] (0.69ns) (out node of the LUT)   --->   "%input_1 = or i784 %and_ln64_2, i784 %and_ln64_3" [bnn_top.cpp:64]   --->   Operation 53 'or' 'input_1' <Predicate = true> <Delay = 0.69> <CoreInst = "LogicGate">   --->   Core 74 'LogicGate' <Latency = 0> <II = 1> <Delay = 0.37> <FuncUnit> <Opcode : 'and' 'or' 'xor'> <InPorts = 2> <OutPorts = 1>
ST_4 : Operation 54 [1/1] (0.42ns)   --->   "%store_ln54 = store i784 %input_1, i784 %input" [bnn_top.cpp:54]   --->   Operation 54 'store' 'store_ln54' <Predicate = true> <Delay = 0.42>
ST_4 : Operation 55 [1/1] (0.00ns)   --->   "%br_ln55 = br void %for.body33" [bnn_top.cpp:55]   --->   Operation 55 'br' 'br_ln55' <Predicate = true> <Delay = 0.00>


============================================================
+ Verbose Summary: Timing violations
============================================================
Target clock period: 3.000ns, clock uncertainty: 0.810ns.

 <State 1>: 1.643ns
The critical path consists of the following:
	'store' operation 0 bit ('store_ln55', bnn_top.cpp:55) of constant 0 on local variable 'i', bnn_top.cpp:55 [10]  (0.427 ns)
	'load' operation 5 bit ('i', bnn_top.cpp:55) on local variable 'i', bnn_top.cpp:55 [14]  (0.000 ns)
	'icmp' operation 1 bit ('icmp_ln55', bnn_top.cpp:55) [15]  (0.789 ns)
	'store' operation 0 bit ('store_ln55', bnn_top.cpp:55) of variable 'i', bnn_top.cpp:55 on local variable 'i', bnn_top.cpp:55 [54]  (0.427 ns)

 <State 2>: 1.979ns
The critical path consists of the following:
	'icmp' operation 1 bit ('icmp_ln63', bnn_top.cpp:63) [26]  (0.789 ns)
	'select' operation 10 bit ('hi', bnn_top.cpp:63) [28]  (0.403 ns)
	'icmp' operation 1 bit ('icmp_ln64', bnn_top.cpp:64) [35]  (0.787 ns)

 <State 3>: 2.175ns
The critical path consists of the following:
	'sub' operation 10 bit ('sub_ln64', bnn_top.cpp:64) [36]  (0.787 ns)
	'select' operation 10 bit ('select_ln64_2', bnn_top.cpp:64) [39]  (0.000 ns)
	'shl' operation 784 bit ('shl_ln64', bnn_top.cpp:64) [44]  (1.388 ns)

 <State 4>: 1.127ns
The critical path consists of the following:
	'load' operation 784 bit ('input_load', bnn_top.cpp:64) on local variable 'input', bnn_top.cpp:54 [19]  (0.000 ns)
	'and' operation 784 bit ('and_ln64_2', bnn_top.cpp:64) [51]  (0.000 ns)
	'or' operation 784 bit ('input', bnn_top.cpp:64) [53]  (0.700 ns)
	'store' operation 0 bit ('store_ln54', bnn_top.cpp:54) of variable 'input', bnn_top.cpp:64 on local variable 'input', bnn_top.cpp:54 [55]  (0.427 ns)


============================================================
+ Verbose Summary: Binding
============================================================
N/A
* FSMD analyzer results:
  - Output states:
 - Input state : 
  - Chain level:
	State 1
	State 2
	State 3
	State 4


============================================================
+ Verbose Summary: Datapath Resource usage 
============================================================
N/A
